[{"stream_name":"stderr","time":0.684975982,"data":"Traceback (most recent call last):\n"}
,{"stream_name":"stderr","time":0.68505867,"data":"  File \"/kaggle/src/script.py\", line 248, in \u003cmodule\u003e\n"}
,{"stream_name":"stderr","time":0.685068496,"data":"    raise SystemExit(main())\n"}
,{"stream_name":"stderr","time":0.685073205,"data":"                     ^^^^^^\n"}
,{"stream_name":"stderr","time":0.685077735,"data":"  File \"/kaggle/src/script.py\", line 194, in main\n"}
,{"stream_name":"stderr","time":0.68509855,"data":"    job = json.loads(JOB_PATH.read_text(encoding='utf-8'))\n"}
,{"stream_name":"stderr","time":0.685110387,"data":"                     ^^^^^^^^^^^^^^^^^^^^^^^^^^^^^^^^^^^^\n"}
,{"stream_name":"stderr","time":0.685156446,"data":"  File \"/usr/lib/python3.12/pathlib.py\", line 1027, in read_text\n"}
,{"stream_name":"stderr","time":0.686807314,"data":"    with self.open(mode='r', encoding=encoding, errors=errors) as f:\n"}
,{"stream_name":"stderr","time":0.686835692,"data":"         ^^^^^^^^^^^^^^^^^^^^^^^^^^^^^^^^^^^^^^^^^^^^^^^^^^^^^\n"}
,{"stream_name":"stderr","time":0.686849671,"data":"  File \"/usr/lib/python3.12/pathlib.py\", line 1013, in open\n"}
,{"stream_name":"stderr","time":0.687259752,"data":"    return io.open(self, mode, buffering, encoding, errors, newline)\n"}
,{"stream_name":"stderr","time":0.687387492,"data":"           ^^^^^^^^^^^^^^^^^^^^^^^^^^^^^^^^^^^^^^^^^^^^^^^^^^^^^^^^^\n"}
,{"stream_name":"stderr","time":0.687447817,"data":"FileNotFoundError: [Errno 2] No such file or directory: '/kaggle/src/episode-job.json'\n"}
,{"stream_name":"stderr","time":2.966981751,"data":"/usr/local/lib/python3.12/dist-packages/mistune.py:435: SyntaxWarning: invalid escape sequence '\\|'\n"}
,{"stream_name":"stderr","time":2.967033346,"data":"  cells[i][c] = re.sub('\\\\\\\\\\|', '|', cell)\n"}
,{"stream_name":"stderr","time":3.242249147,"data":"/usr/local/lib/python3.12/dist-packages/nbconvert/filters/filter_links.py:36: SyntaxWarning: invalid escape sequence '\\_'\n"}
,{"stream_name":"stderr","time":3.242275045,"data":"  text = re.sub(r'_', '\\_', text) # Escape underscores in display text\n"}
,{"stream_name":"stderr","time":4.383762826,"data":"[NbConvertApp] Converting notebook __script__.ipynb to html\n"}
,{"stream_name":"stderr","time":5.566969621,"data":"[NbConvertApp] Writing 324487 bytes to __results__.html\n"}
]
