[{"stream_name":"stdout","time":5.083523867,"data":"     ━━━━━━━━━━━━━━━━━━━━━━━━━━━━━━━━━━━━━━━━ 44.1/44.1 kB 2.1 MB/s eta 0:00:00\n"}
,{"stream_name":"stdout","time":7.977613021,"data":"     ━━━━━━━━━━━━━━━━━━━━━━━━━━━━━━━━━━━━━━━━ 40.6/40.6 kB 2.3 MB/s eta 0:00:00\n"}
,{"stream_name":"stdout","time":8.831227751,"data":"     ━━━━━━━━━━━━━━━━━━━━━━━━━━━━━━━━━━━━━━━━ 57.3/57.3 kB 4.0 MB/s eta 0:00:00\n"}
,{"stream_name":"stdout","time":11.561652127,"data":"     ━━━━━━━━━━━━━━━━━━━━━━━━━━━━━━━━━━━━━━━━ 45.9/45.9 kB 2.6 MB/s eta 0:00:00\n"}
,{"stream_name":"stdout","time":12.183552435,"data":"   ━━━━━━━━━━━━━━━━━━━━━━━━━━━━━━━━━━━━━━━━ 2.9/2.9 MB 71.7 MB/s eta 0:00:00\n"}
,{"stream_name":"stdout","time":12.288009735,"data":"   ━━━━━━━━━━━━━━━━━━━━━━━━━━━━━━━━━━━━━━━━ 10.0/10.0 MB 106.3 MB/s eta 0:00:00\n"}
,{"stream_name":"stdout","time":12.314437168,"data":"   ━━━━━━━━━━━━━━━━━━━━━━━━━━━━━━━━━━━━━━━━ 333.2/333.2 kB 19.9 MB/s eta 0:00:00\n"}
,{"stream_name":"stdout","time":12.341338705,"data":"   ━━━━━━━━━━━━━━━━━━━━━━━━━━━━━━━━━━━━━━━━ 434.8/434.8 kB 24.7 MB/s eta 0:00:00\n"}
,{"stream_name":"stdout","time":12.365716672,"data":"   ━━━━━━━━━━━━━━━━━━━━━━━━━━━━━━━━━━━━━━━━ 447.5/447.5 kB 29.6 MB/s eta 0:00:00\n"}
,{"stream_name":"stdout","time":12.442795425,"data":"   ━━━━━━━━━━━━━━━━━━━━━━━━━━━━━━━━━━━━━━━━ 6.6/6.6 MB 98.3 MB/s eta 0:00:00\n"}
,{"stream_name":"stdout","time":12.464591688,"data":"   ━━━━━━━━━━━━━━━━━━━━━━━━━━━━━━━━━━━━━━━━ 206.6/206.6 kB 15.9 MB/s eta 0:00:00\n"}
,{"stream_name":"stdout","time":12.636592154,"data":"   ━━━━━━━━━━━━━━━━━━━━━━━━━━━━━━━━━━━━━━━━ 16.7/16.7 MB 83.1 MB/s eta 0:00:00\n"}
,{"stream_name":"stdout","time":12.657446703,"data":"   ━━━━━━━━━━━━━━━━━━━━━━━━━━━━━━━━━━━━━━━━ 130.0/130.0 kB 10.6 MB/s eta 0:00:00\n"}
,{"stream_name":"stdout","time":12.686290056,"data":"   ━━━━━━━━━━━━━━━━━━━━━━━━━━━━━━━━━━━━━━━━ 807.9/807.9 kB 42.6 MB/s eta 0:00:00\n"}
,{"stream_name":"stdout","time":12.71329118,"data":"   ━━━━━━━━━━━━━━━━━━━━━━━━━━━━━━━━━━━━━━━━ 802.0/802.0 kB 44.3 MB/s eta 0:00:00\n"}
,{"stream_name":"stdout","time":12.756591735,"data":"   ━━━━━━━━━━━━━━━━━━━━━━━━━━━━━━━━━━━━━━━━ 3.0/3.0 MB 90.8 MB/s eta 0:00:00\n"}
,{"stream_name":"stdout","time":17.929964708,"data":"   ━━━━━━━━━━━━━━━━━━━━━━━━━━━━━━━━━━━━━━━━ 526.6/526.6 MB 3.5 MB/s eta 0:00:00\n"}
,{"stream_name":"stdout","time":22.16585294,"data":"   ━━━━━━━━━━━━━━━━━━━━━━━━━━━━━━━━━━━━━━━━ 366.2/366.2 MB 4.9 MB/s eta 0:00:00\n"}
,{"stream_name":"stdout","time":24.038462153,"data":"   ━━━━━━━━━━━━━━━━━━━━━━━━━━━━━━━━━━━━━━━━ 170.1/170.1 MB 10.6 MB/s eta 0:00:00\n"}
,{"stream_name":"stdout","time":26.234199272,"data":"   ━━━━━━━━━━━━━━━━━━━━━━━━━━━━━━━━━━━━━━━━ 206.0/206.0 MB 8.0 MB/s eta 0:00:00\n"}
,{"stream_name":"stdout","time":26.766830824,"data":"   ━━━━━━━━━━━━━━━━━━━━━━━━━━━━━━━━━━━━━━━━ 60.4/60.4 MB 32.4 MB/s eta 0:00:00\n"}
,{"stream_name":"stdout","time":28.844521542,"data":"   ━━━━━━━━━━━━━━━━━━━━━━━━━━━━━━━━━━━━━━━━ 197.7/197.7 MB 9.3 MB/s eta 0:00:00\n"}
,{"stream_name":"stdout","time":35.10852859,"data":"   ━━━━━━━━━━━━━━━━━━━━━━━━━━━━━━━━━━━━━━━━ 423.1/423.1 MB 3.3 MB/s eta 0:00:00\n"}
,{"stream_name":"stdout","time":35.236917488,"data":"   ━━━━━━━━━━━━━━━━━━━━━━━━━━━━━━━━━━━━━━━━ 10.7/10.7 MB 89.1 MB/s eta 0:00:00\n"}
,{"stream_name":"stdout","time":36.166612229,"data":"   ━━━━━━━━━━━━━━━━━━━━━━━━━━━━━━━━━━━━━━━━ 90.2/90.2 MB 20.5 MB/s eta 0:00:00\n"}
,{"stream_name":"stdout","time":36.20750707,"data":"   ━━━━━━━━━━━━━━━━━━━━━━━━━━━━━━━━━━━━━━━━ 2.2/2.2 MB 72.6 MB/s eta 0:00:00\n"}
,{"stream_name":"stdout","time":40.786087824,"data":"   ━━━━━━━━━━━━━━━━━━━━━━━━━━━━━━━━━━━━━━━━ 214.1/214.1 MB 3.1 MB/s eta 0:00:00\n"}
,{"stream_name":"stdout","time":40.820791043,"data":"   ━━━━━━━━━━━━━━━━━━━━━━━━━━━━━━━━━━━━━━━━ 1.2/1.2 MB 49.6 MB/s eta 0:00:00\n"}
,{"stream_name":"stdout","time":41.417470413,"data":"   ━━━━━━━━━━━━━━━━━━━━━━━━━━━━━━━━━━━━━━━━ 59.5/59.5 MB 31.6 MB/s eta 0:00:00\n"}
,{"stream_name":"stdout","time":45.025875118,"data":"   ━━━━━━━━━━━━━━━━━━━━━━━━━━━━━━━━━━━━━━━━ 200.9/200.9 MB 4.2 MB/s eta 0:00:00\n"}
,{"stream_name":"stdout","time":46.41726927,"data":"   ━━━━━━━━━━━━━━━━━━━━━━━━━━━━━━━━━━━━━━━━ 145.9/145.9 MB 12.7 MB/s eta 0:00:00\n"}
,{"stream_name":"stdout","time":46.439045101,"data":"   ━━━━━━━━━━━━━━━━━━━━━━━━━━━━━━━━━━━━━━━━ 148.0/148.0 kB 11.1 MB/s eta 0:00:00\n"}
,{"stream_name":"stdout","time":46.458760703,"data":"   ━━━━━━━━━━━━━━━━━━━━━━━━━━━━━━━━━━━━━━━━ 80.2/80.2 kB 6.6 MB/s eta 0:00:00\n"}
,{"stream_name":"stdout","time":46.47805452,"data":"   ━━━━━━━━━━━━━━━━━━━━━━━━━━━━━━━━━━━━━━━━ 45.6/45.6 kB 3.2 MB/s eta 0:00:00\n"}
,{"stream_name":"stdout","time":46.498920492,"data":"   ━━━━━━━━━━━━━━━━━━━━━━━━━━━━━━━━━━━━━━━━ 100.0/100.0 kB 7.2 MB/s eta 0:00:00\n"}
,{"stream_name":"stdout","time":46.536190101,"data":"   ━━━━━━━━━━━━━━━━━━━━━━━━━━━━━━━━━━━━━━━━ 155.6/155.6 kB 13.4 MB/s eta 0:00:00\n"}
,{"stream_name":"stdout","time":46.55674162,"data":"   ━━━━━━━━━━━━━━━━━━━━━━━━━━━━━━━━━━━━━━━━ 73.1/73.1 kB 5.5 MB/s eta 0:00:00\n"}
,{"stream_name":"stdout","time":46.576406259,"data":"   ━━━━━━━━━━━━━━━━━━━━━━━━━━━━━━━━━━━━━━━━ 137.0/137.0 kB 11.5 MB/s eta 0:00:00\n"}
,{"stream_name":"stdout","time":46.602882807,"data":"   ━━━━━━━━━━━━━━━━━━━━━━━━━━━━━━━━━━━━━━━━ 248.8/248.8 kB 13.4 MB/s eta 0:00:00\n"}
,{"stream_name":"stdout","time":46.677124311,"data":"   ━━━━━━━━━━━━━━━━━━━━━━━━━━━━━━━━━━━━━━━━ 6.7/6.7 MB 102.8 MB/s eta 0:00:00\n"}
,{"stream_name":"stdout","time":46.696695406,"data":"   ━━━━━━━━━━━━━━━━━━━━━━━━━━━━━━━━━━━━━━━━ 68.5/68.5 kB 5.4 MB/s eta 0:00:00\n"}
,{"stream_name":"stdout","time":46.733413316,"data":"   ━━━━━━━━━━━━━━━━━━━━━━━━━━━━━━━━━━━━━━━━ 2.1/2.1 MB 74.5 MB/s eta 0:00:00\n"}
,{"stream_name":"stdout","time":46.760241059,"data":"   ━━━━━━━━━━━━━━━━━━━━━━━━━━━━━━━━━━━━━━━━ 818.2/818.2 kB 44.7 MB/s eta 0:00:00\n"}
,{"stream_name":"stdout","time":46.831514371,"data":"   ━━━━━━━━━━━━━━━━━━━━━━━━━━━━━━━━━━━━━━━━ 6.3/6.3 MB 101.4 MB/s eta 0:00:00\n"}
,{"stream_name":"stdout","time":46.853291725,"data":"   ━━━━━━━━━━━━━━━━━━━━━━━━━━━━━━━━━━━━━━━━ 131.1/131.1 kB 9.6 MB/s eta 0:00:00\n"}
,{"stream_name":"stdout","time":46.891284441,"data":"   ━━━━━━━━━━━━━━━━━━━━━━━━━━━━━━━━━━━━━━━━ 134.9/134.9 kB 10.4 MB/s eta 0:00:00\n"}
,{"stream_name":"stdout","time":46.909992561,"data":"   ━━━━━━━━━━━━━━━━━━━━━━━━━━━━━━━━━━━━━━━━ 62.5/62.5 kB 5.1 MB/s eta 0:00:00\n"}
,{"stream_name":"stdout","time":46.95364922,"data":"   ━━━━━━━━━━━━━━━━━━━━━━━━━━━━━━━━━━━━━━━━ 536.2/536.2 kB 29.1 MB/s eta 0:00:00\n"}
,{"stream_name":"stdout","time":47.328259072,"data":"   ━━━━━━━━━━━━━━━━━━━━━━━━━━━━━━━━━━━━━━━━ 40.7/40.7 MB 49.3 MB/s eta 0:00:00\n"}
,{"stream_name":"stderr","time":178.432027651,"data":"ERROR: pip's dependency resolver does not currently take into account all the packages that are installed. This behaviour is the source of the following dependency conflicts.\n"}
,{"stream_name":"stderr","time":178.432089863,"data":"bigframes 2.39.0 requires google-cloud-bigquery-storage\u003c3.0.0,\u003e=2.30.0, which is not installed.\n"}
,{"stream_name":"stderr","time":178.432095732,"data":"google-adk 1.29.0 requires google-cloud-bigquery-storage\u003e=2.0.0, which is not installed.\n"}
,{"stream_name":"stderr","time":178.432099353,"data":"datasets 5.0.0 requires fsspec[http]\u003c=2026.4.0,\u003e=2023.1.0, but you have fsspec 2026.7.0 which is incompatible.\n"}
,{"stream_name":"stderr","time":178.432103011,"data":"ydata-profiling 4.18.4 requires numpy\u003c2.4,\u003e=1.22, but you have numpy 2.5.2 which is incompatible.\n"}
,{"stream_name":"stderr","time":178.432106503,"data":"google-colab 1.0.0 requires jupyter-server==2.14.0, but you have jupyter-server 2.12.5 which is incompatible.\n"}
,{"stream_name":"stderr","time":178.432118499,"data":"google-colab 1.0.0 requires pandas==2.2.2, but you have pandas 2.3.3 which is incompatible.\n"}
,{"stream_name":"stderr","time":178.432121419,"data":"google-colab 1.0.0 requires requests==2.32.4, but you have requests 2.34.2 which is incompatible.\n"}
,{"stream_name":"stderr","time":178.432123952,"data":"dopamine-rl 4.1.2 requires gym\u003c=0.25.2, but you have gym 0.26.2 which is incompatible.\n"}
,{"stream_name":"stderr","time":178.432126475,"data":"moviepy 1.0.3 requires decorator\u003c5.0,\u003e=4.0.2, but you have decorator 5.3.1 which is incompatible.\n"}
,{"stream_name":"stderr","time":178.432129127,"data":"libcuml-cu12 26.2.0 requires cuda-toolkit[cublas,cufft,curand,cusolver,cusparse]==12.*, but you have cuda-toolkit 13.0.3.0 which is incompatible.\n"}
,{"stream_name":"stderr","time":178.432131669,"data":"cuml-cu12 26.2.0 requires cuda-toolkit[cublas,cufft,curand,cusolver,cusparse]==12.*, but you have cuda-toolkit 13.0.3.0 which is incompatible.\n"}
,{"stream_name":"stderr","time":178.432134185,"data":"cuda-python 12.9.4 requires cuda-bindings~=12.9.4, but you have cuda-bindings 13.3.1 which is incompatible.\n"}
,{"stream_name":"stderr","time":178.432136633,"data":"torchaudio 2.10.0+cu128 requires torch==2.10.0, but you have torch 2.13.0 which is incompatible.\n"}
,{"stream_name":"stderr","time":178.432139132,"data":"torchvision 0.25.0+cu128 requires torch==2.10.0, but you have torch 2.13.0 which is incompatible.\n"}
,{"stream_name":"stderr","time":178.432141568,"data":"cudf-cu12 26.2.1 requires cuda-toolkit[nvcc,nvrtc]==12.*, but you have cuda-toolkit 13.0.3.0 which is incompatible.\n"}
,{"stream_name":"stderr","time":178.432144031,"data":"numba 0.60.0 requires numpy\u003c2.1,\u003e=1.22, but you have numpy 2.5.2 which is incompatible.\n"}
,{"stream_name":"stderr","time":178.432146539,"data":"libcuvs-cu12 26.2.0 requires cuda-toolkit[cublas,curand,cusolver,cusparse]==12.*, but you have cuda-toolkit 13.0.3.0 which is incompatible.\n"}
,{"stream_name":"stderr","time":178.43215032,"data":"libraft-cu12 26.2.0 requires cuda-toolkit[cublas,curand,cusolver,cusparse]==12.*, but you have cuda-toolkit 13.0.3.0 which is incompatible.\n"}
,{"stream_name":"stderr","time":178.432152863,"data":"opentelemetry-api 1.38.0 requires importlib-metadata\u003c8.8.0,\u003e=6.0, but you have importlib-metadata 9.0.1 which is incompatible.\n"}
,{"stream_name":"stderr","time":178.432155551,"data":"gcsfs 2025.3.0 requires fsspec==2025.3.0, but you have fsspec 2026.7.0 which is incompatible.\n"}
,{"stream_name":"stderr","time":178.432157965,"data":"gradio 5.50.0 requires huggingface-hub\u003c2.0,\u003e=0.33.5, but you have huggingface-hub 0.26.2 which is incompatible.\n"}
,{"stream_name":"stderr","time":185.434515804,"data":"The cache for model files in Transformers v4.22.0 has been updated. Migrating your old cache. This is a one-time only operation. You can interrupt this and resume the migration later on by calling `transformers.utils.move_cache()`.\n"}
,{"stream_name":"stderr","time":185.437745949,"data":"\r0it [00:00, ?it/s]\r0it [00:00, ?it/s]\n"}
,{"stream_name":"stderr","time":185.622858475,"data":"Traceback (most recent call last):\n"}
,{"stream_name":"stderr","time":185.622886962,"data":"  File \"/usr/local/lib/python3.12/dist-packages/transformers/utils/import_utils.py\", line 1778, in _get_module\n"}
,{"stream_name":"stderr","time":185.623356073,"data":"    return importlib.import_module(\".\" + module_name, self.__name__)\n"}
,{"stream_name":"stderr","time":185.623493595,"data":"           ^^^^^^^^^^^^^^^^^^^^^^^^^^^^^^^^^^^^^^^^^^^^^^^^^^^^^^^^^\n"}
,{"stream_name":"stderr","time":185.623583414,"data":"  File \"/usr/lib/python3.12/importlib/__init__.py\", line 90, in import_module\n"}
,{"stream_name":"stderr","time":185.624384953,"data":"    return _bootstrap._gcd_import(name[level:], package, level)\n"}
,{"stream_name":"stderr","time":185.624609312,"data":"           ^^^^^^^^^^^^^^^^^^^^^^^^^^^^^^^^^^^^^^^^^^^^^^^^^^^^\n"}
,{"stream_name":"stderr","time":185.624664641,"data":"  File \"\u003cfrozen importlib._bootstrap\u003e\", line 1387, in _gcd_import\n"}
,{"stream_name":"stderr","time":185.624670413,"data":"  File \"\u003cfrozen importlib._bootstrap\u003e\", line 1360, in _find_and_load\n"}
,{"stream_name":"stderr","time":185.624674837,"data":"  File \"\u003cfrozen importlib._bootstrap\u003e\", line 1331, in _find_and_load_unlocked\n"}
,{"stream_name":"stderr","time":185.624679457,"data":"  File \"\u003cfrozen importlib._bootstrap\u003e\", line 935, in _load_unlocked\n"}
,{"stream_name":"stderr","time":185.624683711,"data":"  File \"\u003cfrozen importlib._bootstrap_external\u003e\", line 999, in exec_module\n"}
,{"stream_name":"stderr","time":185.624688092,"data":"  File \"\u003cfrozen importlib._bootstrap\u003e\", line 488, in _call_with_frames_removed\n"}
,{"stream_name":"stderr","time":185.624692158,"data":"  File \"/usr/local/lib/python3.12/dist-packages/transformers/models/clip/image_processing_clip.py\", line 21, in \u003cmodule\u003e\n"}
,{"stream_name":"stderr","time":185.624845661,"data":"    from ...image_processing_utils import BaseImageProcessor, BatchFeature, get_size_dict\n"}
,{"stream_name":"stderr","time":185.624852834,"data":"  File \"/usr/local/lib/python3.12/dist-packages/transformers/image_processing_utils.py\", line 21, in \u003cmodule\u003e\n"}
,{"stream_name":"stderr","time":185.625052345,"data":"    from .image_transforms import center_crop, normalize, rescale\n"}
,{"stream_name":"stderr","time":185.62506013,"data":"  File \"/usr/local/lib/python3.12/dist-packages/transformers/image_transforms.py\", line 22, in \u003cmodule\u003e\n"}
,{"stream_name":"stderr","time":185.625226888,"data":"    from .image_utils import (\n"}
,{"stream_name":"stderr","time":185.625233315,"data":"  File \"/usr/local/lib/python3.12/dist-packages/transformers/image_utils.py\", line 58, in \u003cmodule\u003e\n"}
,{"stream_name":"stderr","time":185.625314042,"data":"    from torchvision.transforms import InterpolationMode\n"}
,{"stream_name":"stderr","time":185.625350394,"data":"  File \"/usr/local/lib/python3.12/dist-packages/torchvision/__init__.py\", line 10, in \u003cmodule\u003e\n"}
,{"stream_name":"stderr","time":185.62545654,"data":"    from torchvision import _meta_registrations, datasets, io, models, ops, transforms, utils  # usort:skip\n"}
,{"stream_name":"stderr","time":185.625692888,"data":"    ^^^^^^^^^^^^^^^^^^^^^^^^^^^^^^^^^^^^^^^^^^^^^^^^^^^^^^^^^^^^^^^^^^^^^^^^^^^^^^^^^^^^^^^^^\n"}
,{"stream_name":"stderr","time":185.625734196,"data":"  File \"/usr/local/lib/python3.12/dist-packages/torchvision/_meta_registrations.py\", line 163, in \u003cmodule\u003e\n"}
,{"stream_name":"stderr","time":185.625896329,"data":"    @torch.library.register_fake(\"torchvision::nms\")\n"}
,{"stream_name":"stderr","time":185.626071843,"data":"     ^^^^^^^^^^^^^^^^^^^^^^^^^^^^^^^^^^^^^^^^^^^^^^^\n"}
,{"stream_name":"stderr","time":185.626078376,"data":"  File \"/usr/local/lib/python3.12/dist-packages/torch/library.py\", line 1262, in register\n"}
,{"stream_name":"stderr","time":185.626443045,"data":"    use_lib._register_fake(\n"}
,{"stream_name":"stderr","time":185.626450711,"data":"  File \"/usr/local/lib/python3.12/dist-packages/torch/library.py\", line 352, in _register_fake\n"}
,{"stream_name":"stderr","time":185.626686915,"data":"    handle = entry.fake_impl.register(\n"}
,{"stream_name":"stderr","time":185.626713702,"data":"             ^^^^^^^^^^^^^^^^^^^^^^^^^\n"}
,{"stream_name":"stderr","time":185.626728316,"data":"  File \"/usr/local/lib/python3.12/dist-packages/torch/_library/fake_impl.py\", line 87, in register\n"}
,{"stream_name":"stderr","time":185.626897061,"data":"    lib.impl(self.qualname, meta_kernel, \"Meta\", allow_override=allow_override)\n"}
,{"stream_name":"stderr","time":185.626939484,"data":"  File \"/usr/local/lib/python3.12/dist-packages/torch/library.py\", line 493, in impl\n"}
,{"stream_name":"stderr","time":185.627251593,"data":"    if torch._C._dispatch_has_kernel_for_dispatch_key(\n"}
,{"stream_name":"stderr","time":185.627289309,"data":"       ^^^^^^^^^^^^^^^^^^^^^^^^^^^^^^^^^^^^^^^^^^^^^^^\n"}
,{"stream_name":"stderr","time":185.627305165,"data":"RuntimeError: operator torchvision::nms does not exist\n"}
,{"stream_name":"stderr","time":185.62732261,"data":"\n"}
,{"stream_name":"stderr","time":185.627327128,"data":"The above exception was the direct cause of the following exception:\n"}
,{"stream_name":"stderr","time":185.62733187,"data":"\n"}
,{"stream_name":"stderr","time":185.627343985,"data":"Traceback (most recent call last):\n"}
,{"stream_name":"stderr","time":185.627348304,"data":"  File \"/usr/local/lib/python3.12/dist-packages/diffusers/utils/import_utils.py\", line 853, in _get_module\n"}
,{"stream_name":"stderr","time":185.627707673,"data":"    return importlib.import_module(\".\" + module_name, self.__name__)\n"}
,{"stream_name":"stderr","time":185.627852837,"data":"           ^^^^^^^^^^^^^^^^^^^^^^^^^^^^^^^^^^^^^^^^^^^^^^^^^^^^^^^^^\n"}
,{"stream_name":"stderr","time":185.627873614,"data":"  File \"/usr/lib/python3.12/importlib/__init__.py\", line 90, in import_module\n"}
,{"stream_name":"stderr","time":185.628011054,"data":"    return _bootstrap._gcd_import(name[level:], package, level)\n"}
,{"stream_name":"stderr","time":185.628176663,"data":"           ^^^^^^^^^^^^^^^^^^^^^^^^^^^^^^^^^^^^^^^^^^^^^^^^^^^^\n"}
,{"stream_name":"stderr","time":185.628226838,"data":"  File \"\u003cfrozen importlib._bootstrap\u003e\", line 1387, in _gcd_import\n"}
,{"stream_name":"stderr","time":185.628233406,"data":"  File \"\u003cfrozen importlib._bootstrap\u003e\", line 1360, in _find_and_load\n"}
,{"stream_name":"stderr","time":185.628237854,"data":"  File \"\u003cfrozen importlib._bootstrap\u003e\", line 1331, in _find_and_load_unlocked\n"}
,{"stream_name":"stderr","time":185.628242305,"data":"  File \"\u003cfrozen importlib._bootstrap\u003e\", line 935, in _load_unlocked\n"}
,{"stream_name":"stderr","time":185.628246611,"data":"  File \"\u003cfrozen importlib._bootstrap_external\u003e\", line 999, in exec_module\n"}
,{"stream_name":"stderr","time":185.62825097,"data":"  File \"\u003cfrozen importlib._bootstrap\u003e\", line 488, in _call_with_frames_removed\n"}
,{"stream_name":"stderr","time":185.62826167,"data":"  File \"/usr/local/lib/python3.12/dist-packages/diffusers/pipelines/stable_diffusion_xl/pipeline_stable_diffusion_xl.py\", line 19, in \u003cmodule\u003e\n"}
,{"stream_name":"stderr","time":185.628422066,"data":"    from transformers import (\n"}
,{"stream_name":"stderr","time":185.628433031,"data":"  File \"\u003cfrozen importlib._bootstrap\u003e\", line 1412, in _handle_fromlist\n"}
,{"stream_name":"stderr","time":185.628437716,"data":"  File \"/usr/local/lib/python3.12/dist-packages/transformers/utils/import_utils.py\", line 1767, in __getattr__\n"}
,{"stream_name":"stderr","time":185.628939709,"data":"    value = getattr(module, name)\n"}
,{"stream_name":"stderr","time":185.628964854,"data":"            ^^^^^^^^^^^^^^^^^^^^^\n"}
,{"stream_name":"stderr","time":185.629029717,"data":"  File \"/usr/local/lib/python3.12/dist-packages/transformers/utils/import_utils.py\", line 1766, in __getattr__\n"}
,{"stream_name":"stderr","time":185.629483782,"data":"    module = self._get_module(self._class_to_module[name])\n"}
,{"stream_name":"stderr","time":185.629622734,"data":"             ^^^^^^^^^^^^^^^^^^^^^^^^^^^^^^^^^^^^^^^^^^^^^\n"}
,{"stream_name":"stderr","time":185.629652186,"data":"  File \"/usr/local/lib/python3.12/dist-packages/transformers/utils/import_utils.py\", line 1780, in _get_module\n"}
,{"stream_name":"stderr","time":185.630119931,"data":"    raise RuntimeError(\n"}
,{"stream_name":"stderr","time":185.630128596,"data":"RuntimeError: Failed to import transformers.models.clip.image_processing_clip because of the following error (look up to see its traceback):\n"}
,{"stream_name":"stderr","time":185.630132616,"data":"operator torchvision::nms does not exist\n"}
,{"stream_name":"stderr","time":185.630136464,"data":"\n"}
,{"stream_name":"stderr","time":185.630140173,"data":"The above exception was the direct cause of the following exception:\n"}
,{"stream_name":"stderr","time":185.630143322,"data":"\n"}
,{"stream_name":"stderr","time":185.630146862,"data":"Traceback (most recent call last):\n"}
,{"stream_name":"stderr","time":185.630150609,"data":"  File \"/kaggle/src/script.py\", line 97, in \u003cmodule\u003e\n"}
,{"stream_name":"stderr","time":185.630319025,"data":"    if __name__=='__main__': raise SystemExit(main())\n"}
,{"stream_name":"stderr","time":185.630388869,"data":"                                              ^^^^^^\n"}
,{"stream_name":"stderr","time":185.630396537,"data":"  File \"/kaggle/src/script.py\", line 71, in main\n"}
,{"stream_name":"stderr","time":185.630528316,"data":"    from diffusers import StableDiffusionXLPipeline\n"}
,{"stream_name":"stderr","time":185.630591459,"data":"  File \"\u003cfrozen importlib._bootstrap\u003e\", line 1412, in _handle_fromlist\n"}
,{"stream_name":"stderr","time":185.630602743,"data":"  File \"/usr/local/lib/python3.12/dist-packages/diffusers/utils/import_utils.py\", line 844, in __getattr__\n"}
,{"stream_name":"stderr","time":185.63089158,"data":"    value = getattr(module, name)\n"}
,{"stream_name":"stderr","time":185.630970954,"data":"            ^^^^^^^^^^^^^^^^^^^^^\n"}
,{"stream_name":"stderr","time":185.630977403,"data":"  File \"/usr/local/lib/python3.12/dist-packages/diffusers/utils/import_utils.py\", line 844, in __getattr__\n"}
,{"stream_name":"stderr","time":185.631323428,"data":"    value = getattr(module, name)\n"}
,{"stream_name":"stderr","time":185.63135771,"data":"            ^^^^^^^^^^^^^^^^^^^^^\n"}
,{"stream_name":"stderr","time":185.63139048,"data":"  File \"/usr/local/lib/python3.12/dist-packages/diffusers/utils/import_utils.py\", line 843, in __getattr__\n"}
,{"stream_name":"stderr","time":185.63173799,"data":"    module = self._get_module(self._class_to_module[name])\n"}
,{"stream_name":"stderr","time":185.631875797,"data":"             ^^^^^^^^^^^^^^^^^^^^^^^^^^^^^^^^^^^^^^^^^^^^^\n"}
,{"stream_name":"stderr","time":185.631923011,"data":"  File \"/usr/local/lib/python3.12/dist-packages/diffusers/utils/import_utils.py\", line 855, in _get_module\n"}
,{"stream_name":"stderr","time":185.632269141,"data":"    raise RuntimeError(\n"}
,{"stream_name":"stderr","time":185.632276971,"data":"RuntimeError: Failed to import diffusers.pipelines.stable_diffusion_xl.pipeline_stable_diffusion_xl because of the following error (look up to see its traceback):\n"}
,{"stream_name":"stderr","time":185.632281591,"data":"Failed to import transformers.models.clip.image_processing_clip because of the following error (look up to see its traceback):\n"}
,{"stream_name":"stderr","time":185.632286339,"data":"operator torchvision::nms does not exist\n"}
,{"stream_name":"stderr","time":188.947119021,"data":"/usr/local/lib/python3.12/dist-packages/mistune.py:435: SyntaxWarning: invalid escape sequence '\\|'\n"}
,{"stream_name":"stderr","time":188.94715916,"data":"  cells[i][c] = re.sub('\\\\\\\\\\|', '|', cell)\n"}
,{"stream_name":"stderr","time":189.162524631,"data":"/usr/local/lib/python3.12/dist-packages/nbconvert/filters/filter_links.py:36: SyntaxWarning: invalid escape sequence '\\_'\n"}
,{"stream_name":"stderr","time":189.162553106,"data":"  text = re.sub(r'_', '\\_', text) # Escape underscores in display text\n"}
,{"stream_name":"stderr","time":189.841510779,"data":"[NbConvertApp] Converting notebook __script__.ipynb to html\n"}
,{"stream_name":"stderr","time":190.993897008,"data":"[NbConvertApp] Writing 309292 bytes to __results__.html\n"}
]
