[{"stream_name":"stdout","time":5.37499538,"data":"     ━━━━━━━━━━━━━━━━━━━━━━━━━━━━━━━━━━━━━━━━ 44.1/44.1 kB 1.6 MB/s eta 0:00:00\n"}
,{"stream_name":"stdout","time":8.278446905,"data":"     ━━━━━━━━━━━━━━━━━━━━━━━━━━━━━━━━━━━━━━━━ 40.6/40.6 kB 2.6 MB/s eta 0:00:00\n"}
,{"stream_name":"stdout","time":9.197633198,"data":"     ━━━━━━━━━━━━━━━━━━━━━━━━━━━━━━━━━━━━━━━━ 57.3/57.3 kB 3.2 MB/s eta 0:00:00\n"}
,{"stream_name":"stdout","time":12.414306169,"data":"     ━━━━━━━━━━━━━━━━━━━━━━━━━━━━━━━━━━━━━━━━ 45.9/45.9 kB 2.9 MB/s eta 0:00:00\n"}
,{"stream_name":"stdout","time":13.123771062,"data":"   ━━━━━━━━━━━━━━━━━━━━━━━━━━━━━━━━━━━━━━━━ 2.9/2.9 MB 36.5 MB/s eta 0:00:00\n"}
,{"stream_name":"stdout","time":13.247460029,"data":"   ━━━━━━━━━━━━━━━━━━━━━━━━━━━━━━━━━━━━━━━━ 10.0/10.0 MB 98.4 MB/s eta 0:00:00\n"}
,{"stream_name":"stdout","time":13.279742839,"data":"   ━━━━━━━━━━━━━━━━━━━━━━━━━━━━━━━━━━━━━━━━ 333.2/333.2 kB 24.8 MB/s eta 0:00:00\n"}
,{"stream_name":"stdout","time":13.317612717,"data":"   ━━━━━━━━━━━━━━━━━━━━━━━━━━━━━━━━━━━━━━━━ 434.8/434.8 kB 21.8 MB/s eta 0:00:00\n"}
,{"stream_name":"stdout","time":13.354033052,"data":"   ━━━━━━━━━━━━━━━━━━━━━━━━━━━━━━━━━━━━━━━━ 447.5/447.5 kB 27.5 MB/s eta 0:00:00\n"}
,{"stream_name":"stdout","time":13.447767177,"data":"   ━━━━━━━━━━━━━━━━━━━━━━━━━━━━━━━━━━━━━━━━ 6.6/6.6 MB 87.9 MB/s eta 0:00:00\n"}
,{"stream_name":"stdout","time":13.483306945,"data":"   ━━━━━━━━━━━━━━━━━━━━━━━━━━━━━━━━━━━━━━━━ 206.6/206.6 kB 11.4 MB/s eta 0:00:00\n"}
,{"stream_name":"stdout","time":13.634767441,"data":"   ━━━━━━━━━━━━━━━━━━━━━━━━━━━━━━━━━━━━━━━━ 16.7/16.7 MB 93.7 MB/s eta 0:00:00\n"}
,{"stream_name":"stdout","time":13.667244686,"data":"   ━━━━━━━━━━━━━━━━━━━━━━━━━━━━━━━━━━━━━━━━ 130.0/130.0 kB 9.1 MB/s eta 0:00:00\n"}
,{"stream_name":"stdout","time":13.703468611,"data":"   ━━━━━━━━━━━━━━━━━━━━━━━━━━━━━━━━━━━━━━━━ 807.9/807.9 kB 42.4 MB/s eta 0:00:00\n"}
,{"stream_name":"stdout","time":13.740542615,"data":"   ━━━━━━━━━━━━━━━━━━━━━━━━━━━━━━━━━━━━━━━━ 802.0/802.0 kB 41.1 MB/s eta 0:00:00\n"}
,{"stream_name":"stdout","time":13.798362995,"data":"   ━━━━━━━━━━━━━━━━━━━━━━━━━━━━━━━━━━━━━━━━ 3.0/3.0 MB 75.8 MB/s eta 0:00:00\n"}
,{"stream_name":"stdout","time":19.277000029,"data":"   ━━━━━━━━━━━━━━━━━━━━━━━━━━━━━━━━━━━━━━━━ 526.6/526.6 MB 3.5 MB/s eta 0:00:00\n"}
,{"stream_name":"stdout","time":23.158959605,"data":"   ━━━━━━━━━━━━━━━━━━━━━━━━━━━━━━━━━━━━━━━━ 366.2/366.2 MB 5.0 MB/s eta 0:00:00\n"}
,{"stream_name":"stdout","time":24.86062673,"data":"   ━━━━━━━━━━━━━━━━━━━━━━━━━━━━━━━━━━━━━━━━ 170.1/170.1 MB 10.9 MB/s eta 0:00:00\n"}
,{"stream_name":"stdout","time":27.499758693,"data":"   ━━━━━━━━━━━━━━━━━━━━━━━━━━━━━━━━━━━━━━━━ 206.0/206.0 MB 6.0 MB/s eta 0:00:00\n"}
,{"stream_name":"stdout","time":28.028192213,"data":"   ━━━━━━━━━━━━━━━━━━━━━━━━━━━━━━━━━━━━━━━━ 60.4/60.4 MB 32.7 MB/s eta 0:00:00\n"}
,{"stream_name":"stdout","time":29.94113111,"data":"   ━━━━━━━━━━━━━━━━━━━━━━━━━━━━━━━━━━━━━━━━ 197.7/197.7 MB 9.4 MB/s eta 0:00:00\n"}
,{"stream_name":"stdout","time":35.915315363,"data":"   ━━━━━━━━━━━━━━━━━━━━━━━━━━━━━━━━━━━━━━━━ 423.1/423.1 MB 2.5 MB/s eta 0:00:00\n"}
,{"stream_name":"stdout","time":36.0259588,"data":"   ━━━━━━━━━━━━━━━━━━━━━━━━━━━━━━━━━━━━━━━━ 10.7/10.7 MB 113.0 MB/s eta 0:00:00\n"}
,{"stream_name":"stdout","time":37.032209647,"data":"   ━━━━━━━━━━━━━━━━━━━━━━━━━━━━━━━━━━━━━━━━ 90.2/90.2 MB 20.8 MB/s eta 0:00:00\n"}
,{"stream_name":"stdout","time":37.081150366,"data":"   ━━━━━━━━━━━━━━━━━━━━━━━━━━━━━━━━━━━━━━━━ 2.2/2.2 MB 72.2 MB/s eta 0:00:00\n"}
,{"stream_name":"stdout","time":41.36043044,"data":"   ━━━━━━━━━━━━━━━━━━━━━━━━━━━━━━━━━━━━━━━━ 214.1/214.1 MB 3.3 MB/s eta 0:00:00\n"}
,{"stream_name":"stdout","time":41.400937117,"data":"   ━━━━━━━━━━━━━━━━━━━━━━━━━━━━━━━━━━━━━━━━ 1.2/1.2 MB 55.2 MB/s eta 0:00:00\n"}
,{"stream_name":"stdout","time":41.919443704,"data":"   ━━━━━━━━━━━━━━━━━━━━━━━━━━━━━━━━━━━━━━━━ 59.5/59.5 MB 32.6 MB/s eta 0:00:00\n"}
,{"stream_name":"stdout","time":44.639290415,"data":"   ━━━━━━━━━━━━━━━━━━━━━━━━━━━━━━━━━━━━━━━━ 200.9/200.9 MB 5.2 MB/s eta 0:00:00\n"}
,{"stream_name":"stdout","time":46.149729831,"data":"   ━━━━━━━━━━━━━━━━━━━━━━━━━━━━━━━━━━━━━━━━ 145.9/145.9 MB 12.7 MB/s eta 0:00:00\n"}
,{"stream_name":"stdout","time":46.182873675,"data":"   ━━━━━━━━━━━━━━━━━━━━━━━━━━━━━━━━━━━━━━━━ 148.0/148.0 kB 9.1 MB/s eta 0:00:00\n"}
,{"stream_name":"stdout","time":46.212788712,"data":"   ━━━━━━━━━━━━━━━━━━━━━━━━━━━━━━━━━━━━━━━━ 80.2/80.2 kB 5.6 MB/s eta 0:00:00\n"}
,{"stream_name":"stdout","time":46.242096649,"data":"   ━━━━━━━━━━━━━━━━━━━━━━━━━━━━━━━━━━━━━━━━ 45.6/45.6 kB 2.9 MB/s eta 0:00:00\n"}
,{"stream_name":"stdout","time":46.271932012,"data":"   ━━━━━━━━━━━━━━━━━━━━━━━━━━━━━━━━━━━━━━━━ 100.0/100.0 kB 7.1 MB/s eta 0:00:00\n"}
,{"stream_name":"stdout","time":46.33354654,"data":"   ━━━━━━━━━━━━━━━━━━━━━━━━━━━━━━━━━━━━━━━━ 155.6/155.6 kB 10.4 MB/s eta 0:00:00\n"}
,{"stream_name":"stdout","time":46.363062255,"data":"   ━━━━━━━━━━━━━━━━━━━━━━━━━━━━━━━━━━━━━━━━ 73.1/73.1 kB 5.6 MB/s eta 0:00:00\n"}
,{"stream_name":"stdout","time":46.395917716,"data":"   ━━━━━━━━━━━━━━━━━━━━━━━━━━━━━━━━━━━━━━━━ 137.0/137.0 kB 8.3 MB/s eta 0:00:00\n"}
,{"stream_name":"stdout","time":46.428707273,"data":"   ━━━━━━━━━━━━━━━━━━━━━━━━━━━━━━━━━━━━━━━━ 248.8/248.8 kB 15.7 MB/s eta 0:00:00\n"}
,{"stream_name":"stdout","time":46.522021485,"data":"   ━━━━━━━━━━━━━━━━━━━━━━━━━━━━━━━━━━━━━━━━ 6.7/6.7 MB 88.2 MB/s eta 0:00:00\n"}
,{"stream_name":"stdout","time":46.554124104,"data":"   ━━━━━━━━━━━━━━━━━━━━━━━━━━━━━━━━━━━━━━━━ 68.5/68.5 kB 4.0 MB/s eta 0:00:00\n"}
,{"stream_name":"stdout","time":46.597031319,"data":"   ━━━━━━━━━━━━━━━━━━━━━━━━━━━━━━━━━━━━━━━━ 2.1/2.1 MB 85.4 MB/s eta 0:00:00\n"}
,{"stream_name":"stdout","time":46.635653769,"data":"   ━━━━━━━━━━━━━━━━━━━━━━━━━━━━━━━━━━━━━━━━ 818.2/818.2 kB 39.6 MB/s eta 0:00:00\n"}
,{"stream_name":"stdout","time":46.71670947,"data":"   ━━━━━━━━━━━━━━━━━━━━━━━━━━━━━━━━━━━━━━━━ 6.3/6.3 MB 102.1 MB/s eta 0:00:00\n"}
,{"stream_name":"stdout","time":46.747438796,"data":"   ━━━━━━━━━━━━━━━━━━━━━━━━━━━━━━━━━━━━━━━━ 131.1/131.1 kB 9.3 MB/s eta 0:00:00\n"}
,{"stream_name":"stdout","time":46.804266397,"data":"   ━━━━━━━━━━━━━━━━━━━━━━━━━━━━━━━━━━━━━━━━ 134.9/134.9 kB 9.7 MB/s eta 0:00:00\n"}
,{"stream_name":"stdout","time":46.833580005,"data":"   ━━━━━━━━━━━━━━━━━━━━━━━━━━━━━━━━━━━━━━━━ 62.5/62.5 kB 4.5 MB/s eta 0:00:00\n"}
,{"stream_name":"stdout","time":46.900936663,"data":"   ━━━━━━━━━━━━━━━━━━━━━━━━━━━━━━━━━━━━━━━━ 536.2/536.2 kB 24.3 MB/s eta 0:00:00\n"}
,{"stream_name":"stdout","time":47.289282601,"data":"   ━━━━━━━━━━━━━━━━━━━━━━━━━━━━━━━━━━━━━━━━ 40.7/40.7 MB 48.5 MB/s eta 0:00:00\n"}
,{"stream_name":"stderr","time":188.307292241,"data":"ERROR: pip's dependency resolver does not currently take into account all the packages that are installed. This behaviour is the source of the following dependency conflicts.\n"}
,{"stream_name":"stderr","time":188.30817418,"data":"bigframes 2.39.0 requires google-cloud-bigquery-storage\u003c3.0.0,\u003e=2.30.0, which is not installed.\n"}
,{"stream_name":"stderr","time":188.308186373,"data":"google-adk 1.29.0 requires google-cloud-bigquery-storage\u003e=2.0.0, which is not installed.\n"}
,{"stream_name":"stderr","time":188.30819073,"data":"datasets 5.0.0 requires fsspec[http]\u003c=2026.4.0,\u003e=2023.1.0, but you have fsspec 2026.7.0 which is incompatible.\n"}
,{"stream_name":"stderr","time":188.308194151,"data":"ydata-profiling 4.18.4 requires numpy\u003c2.4,\u003e=1.22, but you have numpy 2.5.2 which is incompatible.\n"}
,{"stream_name":"stderr","time":188.308197408,"data":"google-colab 1.0.0 requires jupyter-server==2.14.0, but you have jupyter-server 2.12.5 which is incompatible.\n"}
,{"stream_name":"stderr","time":188.308209113,"data":"google-colab 1.0.0 requires pandas==2.2.2, but you have pandas 2.3.3 which is incompatible.\n"}
,{"stream_name":"stderr","time":188.30821169,"data":"google-colab 1.0.0 requires requests==2.32.4, but you have requests 2.34.2 which is incompatible.\n"}
,{"stream_name":"stderr","time":188.308214036,"data":"dopamine-rl 4.1.2 requires gym\u003c=0.25.2, but you have gym 0.26.2 which is incompatible.\n"}
,{"stream_name":"stderr","time":188.308216508,"data":"moviepy 1.0.3 requires decorator\u003c5.0,\u003e=4.0.2, but you have decorator 5.3.1 which is incompatible.\n"}
,{"stream_name":"stderr","time":188.308219059,"data":"libcuml-cu12 26.2.0 requires cuda-toolkit[cublas,cufft,curand,cusolver,cusparse]==12.*, but you have cuda-toolkit 13.0.3.0 which is incompatible.\n"}
,{"stream_name":"stderr","time":188.308221561,"data":"cuml-cu12 26.2.0 requires cuda-toolkit[cublas,cufft,curand,cusolver,cusparse]==12.*, but you have cuda-toolkit 13.0.3.0 which is incompatible.\n"}
,{"stream_name":"stderr","time":188.308223935,"data":"cuda-python 12.9.4 requires cuda-bindings~=12.9.4, but you have cuda-bindings 13.3.1 which is incompatible.\n"}
,{"stream_name":"stderr","time":188.308226332,"data":"torchaudio 2.10.0+cu128 requires torch==2.10.0, but you have torch 2.13.0 which is incompatible.\n"}
,{"stream_name":"stderr","time":188.308228635,"data":"torchvision 0.25.0+cu128 requires torch==2.10.0, but you have torch 2.13.0 which is incompatible.\n"}
,{"stream_name":"stderr","time":188.308231026,"data":"cudf-cu12 26.2.1 requires cuda-toolkit[nvcc,nvrtc]==12.*, but you have cuda-toolkit 13.0.3.0 which is incompatible.\n"}
,{"stream_name":"stderr","time":188.308233451,"data":"numba 0.60.0 requires numpy\u003c2.1,\u003e=1.22, but you have numpy 2.5.2 which is incompatible.\n"}
,{"stream_name":"stderr","time":188.308235913,"data":"libcuvs-cu12 26.2.0 requires cuda-toolkit[cublas,curand,cusolver,cusparse]==12.*, but you have cuda-toolkit 13.0.3.0 which is incompatible.\n"}
,{"stream_name":"stderr","time":188.308240366,"data":"libraft-cu12 26.2.0 requires cuda-toolkit[cublas,curand,cusolver,cusparse]==12.*, but you have cuda-toolkit 13.0.3.0 which is incompatible.\n"}
,{"stream_name":"stderr","time":188.308242791,"data":"opentelemetry-api 1.38.0 requires importlib-metadata\u003c8.8.0,\u003e=6.0, but you have importlib-metadata 9.0.1 which is incompatible.\n"}
,{"stream_name":"stderr","time":188.308245291,"data":"gcsfs 2025.3.0 requires fsspec==2025.3.0, but you have fsspec 2026.7.0 which is incompatible.\n"}
,{"stream_name":"stderr","time":188.308247616,"data":"gradio 5.50.0 requires huggingface-hub\u003c2.0,\u003e=0.33.5, but you have huggingface-hub 0.26.2 which is incompatible.\n"}
,{"stream_name":"stderr","time":196.33383337,"data":"The cache for model files in Transformers v4.22.0 has been updated. Migrating your old cache. This is a one-time only operation. You can interrupt this and resume the migration later on by calling `transformers.utils.move_cache()`.\n"}
,{"stream_name":"stderr","time":196.336450044,"data":"\r0it [00:00, ?it/s]\r0it [00:00, ?it/s]\n"}
,{"stream_name":"stderr","time":196.525081639,"data":"Traceback (most recent call last):\n"}
,{"stream_name":"stderr","time":196.525137902,"data":"  File \"/usr/local/lib/python3.12/dist-packages/transformers/utils/import_utils.py\", line 1778, in _get_module\n"}
,{"stream_name":"stderr","time":196.525526021,"data":"    return importlib.import_module(\".\" + module_name, self.__name__)\n"}
,{"stream_name":"stderr","time":196.525683351,"data":"           ^^^^^^^^^^^^^^^^^^^^^^^^^^^^^^^^^^^^^^^^^^^^^^^^^^^^^^^^^\n"}
,{"stream_name":"stderr","time":196.525743062,"data":"  File \"/usr/lib/python3.12/importlib/__init__.py\", line 90, in import_module\n"}
,{"stream_name":"stderr","time":196.527168883,"data":"    return _bootstrap._gcd_import(name[level:], package, level)\n"}
,{"stream_name":"stderr","time":196.529254721,"data":"           ^^^^^^^^^^^^^^^^^^^^^^^^^^^^^^^^^^^^^^^^^^^^^^^^^^^^\n"}
,{"stream_name":"stderr","time":196.529267828,"data":"  File \"\u003cfrozen importlib._bootstrap\u003e\", line 1387, in _gcd_import\n"}
,{"stream_name":"stderr","time":196.529273258,"data":"  File \"\u003cfrozen importlib._bootstrap\u003e\", line 1360, in _find_and_load\n"}
,{"stream_name":"stderr","time":196.529277619,"data":"  File \"\u003cfrozen importlib._bootstrap\u003e\", line 1331, in _find_and_load_unlocked\n"}
,{"stream_name":"stderr","time":196.529281859,"data":"  File \"\u003cfrozen importlib._bootstrap\u003e\", line 935, in _load_unlocked\n"}
,{"stream_name":"stderr","time":196.52928561,"data":"  File \"\u003cfrozen importlib._bootstrap_external\u003e\", line 999, in exec_module\n"}
,{"stream_name":"stderr","time":196.529289204,"data":"  File \"\u003cfrozen importlib._bootstrap\u003e\", line 488, in _call_with_frames_removed\n"}
,{"stream_name":"stderr","time":196.529293086,"data":"  File \"/usr/local/lib/python3.12/dist-packages/transformers/models/clip/image_processing_clip.py\", line 21, in \u003cmodule\u003e\n"}
,{"stream_name":"stderr","time":196.529302676,"data":"    from ...image_processing_utils import BaseImageProcessor, BatchFeature, get_size_dict\n"}
,{"stream_name":"stderr","time":196.529305584,"data":"  File \"/usr/local/lib/python3.12/dist-packages/transformers/image_processing_utils.py\", line 21, in \u003cmodule\u003e\n"}
,{"stream_name":"stderr","time":196.529308076,"data":"    from .image_transforms import center_crop, normalize, rescale\n"}
,{"stream_name":"stderr","time":196.52931048,"data":"  File \"/usr/local/lib/python3.12/dist-packages/transformers/image_transforms.py\", line 22, in \u003cmodule\u003e\n"}
,{"stream_name":"stderr","time":196.529313008,"data":"    from .image_utils import (\n"}
,{"stream_name":"stderr","time":196.529315651,"data":"  File \"/usr/local/lib/python3.12/dist-packages/transformers/image_utils.py\", line 58, in \u003cmodule\u003e\n"}
,{"stream_name":"stderr","time":196.529318307,"data":"    from torchvision.transforms import InterpolationMode\n"}
,{"stream_name":"stderr","time":196.529334431,"data":"  File \"/usr/local/lib/python3.12/dist-packages/torchvision/__init__.py\", line 10, in \u003cmodule\u003e\n"}
,{"stream_name":"stderr","time":196.529338759,"data":"    from torchvision import _meta_registrations, datasets, io, models, ops, transforms, utils  # usort:skip\n"}
,{"stream_name":"stderr","time":196.529343114,"data":"    ^^^^^^^^^^^^^^^^^^^^^^^^^^^^^^^^^^^^^^^^^^^^^^^^^^^^^^^^^^^^^^^^^^^^^^^^^^^^^^^^^^^^^^^^^\n"}
,{"stream_name":"stderr","time":196.529347168,"data":"  File \"/usr/local/lib/python3.12/dist-packages/torchvision/_meta_registrations.py\", line 163, in \u003cmodule\u003e\n"}
,{"stream_name":"stderr","time":196.529351264,"data":"    @torch.library.register_fake(\"torchvision::nms\")\n"}
,{"stream_name":"stderr","time":196.52935474,"data":"     ^^^^^^^^^^^^^^^^^^^^^^^^^^^^^^^^^^^^^^^^^^^^^^^\n"}
,{"stream_name":"stderr","time":196.529358181,"data":"  File \"/usr/local/lib/python3.12/dist-packages/torch/library.py\", line 1262, in register\n"}
,{"stream_name":"stderr","time":196.529361741,"data":"    use_lib._register_fake(\n"}
,{"stream_name":"stderr","time":196.52936518,"data":"  File \"/usr/local/lib/python3.12/dist-packages/torch/library.py\", line 352, in _register_fake\n"}
,{"stream_name":"stderr","time":196.529368729,"data":"    handle = entry.fake_impl.register(\n"}
,{"stream_name":"stderr","time":196.529372074,"data":"             ^^^^^^^^^^^^^^^^^^^^^^^^^\n"}
,{"stream_name":"stderr","time":196.529390249,"data":"  File \"/usr/local/lib/python3.12/dist-packages/torch/_library/fake_impl.py\", line 87, in register\n"}
,{"stream_name":"stderr","time":196.529393037,"data":"    lib.impl(self.qualname, meta_kernel, \"Meta\", allow_override=allow_override)\n"}
,{"stream_name":"stderr","time":196.529395375,"data":"  File \"/usr/local/lib/python3.12/dist-packages/torch/library.py\", line 493, in impl\n"}
,{"stream_name":"stderr","time":196.529397838,"data":"    if torch._C._dispatch_has_kernel_for_dispatch_key(\n"}
,{"stream_name":"stderr","time":196.529400104,"data":"       ^^^^^^^^^^^^^^^^^^^^^^^^^^^^^^^^^^^^^^^^^^^^^^^\n"}
,{"stream_name":"stderr","time":196.529402479,"data":"RuntimeError: operator torchvision::nms does not exist\n"}
,{"stream_name":"stderr","time":196.529405143,"data":"\n"}
,{"stream_name":"stderr","time":196.529407366,"data":"The above exception was the direct cause of the following exception:\n"}
,{"stream_name":"stderr","time":196.529409697,"data":"\n"}
,{"stream_name":"stderr","time":196.529411963,"data":"Traceback (most recent call last):\n"}
,{"stream_name":"stderr","time":196.529426319,"data":"  File \"/usr/local/lib/python3.12/dist-packages/diffusers/utils/import_utils.py\", line 853, in _get_module\n"}
,{"stream_name":"stderr","time":196.529430636,"data":"    return importlib.import_module(\".\" + module_name, self.__name__)\n"}
,{"stream_name":"stderr","time":196.529434843,"data":"           ^^^^^^^^^^^^^^^^^^^^^^^^^^^^^^^^^^^^^^^^^^^^^^^^^^^^^^^^^\n"}
,{"stream_name":"stderr","time":196.529438788,"data":"  File \"/usr/lib/python3.12/importlib/__init__.py\", line 90, in import_module\n"}
,{"stream_name":"stderr","time":196.529442995,"data":"    return _bootstrap._gcd_import(name[level:], package, level)\n"}
,{"stream_name":"stderr","time":196.529575329,"data":"           ^^^^^^^^^^^^^^^^^^^^^^^^^^^^^^^^^^^^^^^^^^^^^^^^^^^^\n"}
,{"stream_name":"stderr","time":196.529582932,"data":"  File \"\u003cfrozen importlib._bootstrap\u003e\", line 1387, in _gcd_import\n"}
,{"stream_name":"stderr","time":196.529588648,"data":"  File \"\u003cfrozen importlib._bootstrap\u003e\", line 1360, in _find_and_load\n"}
,{"stream_name":"stderr","time":196.529824225,"data":"  File \"\u003cfrozen importlib._bootstrap\u003e\", line 1331, in _find_and_load_unlocked\n"}
,{"stream_name":"stderr","time":196.529839093,"data":"  File \"\u003cfrozen importlib._bootstrap\u003e\", line 935, in _load_unlocked\n"}
,{"stream_name":"stderr","time":196.529843769,"data":"  File \"\u003cfrozen importlib._bootstrap_external\u003e\", line 999, in exec_module\n"}
,{"stream_name":"stderr","time":196.529848188,"data":"  File \"\u003cfrozen importlib._bootstrap\u003e\", line 488, in _call_with_frames_removed\n"}
,{"stream_name":"stderr","time":196.52985227,"data":"  File \"/usr/local/lib/python3.12/dist-packages/diffusers/pipelines/stable_diffusion_xl/pipeline_stable_diffusion_xl.py\", line 19, in \u003cmodule\u003e\n"}
,{"stream_name":"stderr","time":196.529856387,"data":"    from transformers import (\n"}
,{"stream_name":"stderr","time":196.529859864,"data":"  File \"\u003cfrozen importlib._bootstrap\u003e\", line 1412, in _handle_fromlist\n"}
,{"stream_name":"stderr","time":196.529863661,"data":"  File \"/usr/local/lib/python3.12/dist-packages/transformers/utils/import_utils.py\", line 1767, in __getattr__\n"}
,{"stream_name":"stderr","time":196.530348988,"data":"    value = getattr(module, name)\n"}
,{"stream_name":"stderr","time":196.530413718,"data":"            ^^^^^^^^^^^^^^^^^^^^^\n"}
,{"stream_name":"stderr","time":196.530451119,"data":"  File \"/usr/local/lib/python3.12/dist-packages/transformers/utils/import_utils.py\", line 1766, in __getattr__\n"}
,{"stream_name":"stderr","time":196.53107178,"data":"    module = self._get_module(self._class_to_module[name])\n"}
,{"stream_name":"stderr","time":196.531388648,"data":"             ^^^^^^^^^^^^^^^^^^^^^^^^^^^^^^^^^^^^^^^^^^^^^\n"}
,{"stream_name":"stderr","time":196.531404384,"data":"  File \"/usr/local/lib/python3.12/dist-packages/transformers/utils/import_utils.py\", line 1780, in _get_module\n"}
,{"stream_name":"stderr","time":196.532016215,"data":"    raise RuntimeError(\n"}
,{"stream_name":"stderr","time":196.532027651,"data":"RuntimeError: Failed to import transformers.models.clip.image_processing_clip because of the following error (look up to see its traceback):\n"}
,{"stream_name":"stderr","time":196.532032177,"data":"operator torchvision::nms does not exist\n"}
,{"stream_name":"stderr","time":196.532035774,"data":"\n"}
,{"stream_name":"stderr","time":196.53203911,"data":"The above exception was the direct cause of the following exception:\n"}
,{"stream_name":"stderr","time":196.532042544,"data":"\n"}
,{"stream_name":"stderr","time":196.532045705,"data":"Traceback (most recent call last):\n"}
,{"stream_name":"stderr","time":196.532049012,"data":"  File \"/kaggle/src/script.py\", line 97, in \u003cmodule\u003e\n"}
,{"stream_name":"stderr","time":196.532151404,"data":"    if __name__=='__main__': raise SystemExit(main())\n"}
,{"stream_name":"stderr","time":196.532328177,"data":"                                              ^^^^^^\n"}
,{"stream_name":"stderr","time":196.53239889,"data":"  File \"/kaggle/src/script.py\", line 71, in main\n"}
,{"stream_name":"stderr","time":196.532489965,"data":"    from diffusers import StableDiffusionXLPipeline\n"}
,{"stream_name":"stderr","time":196.532537673,"data":"  File \"\u003cfrozen importlib._bootstrap\u003e\", line 1412, in _handle_fromlist\n"}
,{"stream_name":"stderr","time":196.532544639,"data":"  File \"/usr/local/lib/python3.12/dist-packages/diffusers/utils/import_utils.py\", line 844, in __getattr__\n"}
,{"stream_name":"stderr","time":196.532857573,"data":"    value = getattr(module, name)\n"}
,{"stream_name":"stderr","time":196.532881481,"data":"            ^^^^^^^^^^^^^^^^^^^^^\n"}
,{"stream_name":"stderr","time":196.532888828,"data":"  File \"/usr/local/lib/python3.12/dist-packages/diffusers/utils/import_utils.py\", line 844, in __getattr__\n"}
,{"stream_name":"stderr","time":196.533263943,"data":"    value = getattr(module, name)\n"}
,{"stream_name":"stderr","time":196.533323633,"data":"            ^^^^^^^^^^^^^^^^^^^^^\n"}
,{"stream_name":"stderr","time":196.533332172,"data":"  File \"/usr/local/lib/python3.12/dist-packages/diffusers/utils/import_utils.py\", line 843, in __getattr__\n"}
,{"stream_name":"stderr","time":196.533677846,"data":"    module = self._get_module(self._class_to_module[name])\n"}
,{"stream_name":"stderr","time":196.533754894,"data":"             ^^^^^^^^^^^^^^^^^^^^^^^^^^^^^^^^^^^^^^^^^^^^^\n"}
,{"stream_name":"stderr","time":196.533808667,"data":"  File \"/usr/local/lib/python3.12/dist-packages/diffusers/utils/import_utils.py\", line 855, in _get_module\n"}
,{"stream_name":"stderr","time":196.534154207,"data":"    raise RuntimeError(\n"}
,{"stream_name":"stderr","time":196.534167036,"data":"RuntimeError: Failed to import diffusers.pipelines.stable_diffusion_xl.pipeline_stable_diffusion_xl because of the following error (look up to see its traceback):\n"}
,{"stream_name":"stderr","time":196.534171812,"data":"Failed to import transformers.models.clip.image_processing_clip because of the following error (look up to see its traceback):\n"}
,{"stream_name":"stderr","time":196.534175799,"data":"operator torchvision::nms does not exist\n"}
,{"stream_name":"stderr","time":200.258240789,"data":"/usr/local/lib/python3.12/dist-packages/mistune.py:435: SyntaxWarning: invalid escape sequence '\\|'\n"}
,{"stream_name":"stderr","time":200.258309471,"data":"  cells[i][c] = re.sub('\\\\\\\\\\|', '|', cell)\n"}
,{"stream_name":"stderr","time":200.524293174,"data":"/usr/local/lib/python3.12/dist-packages/nbconvert/filters/filter_links.py:36: SyntaxWarning: invalid escape sequence '\\_'\n"}
,{"stream_name":"stderr","time":200.524324675,"data":"  text = re.sub(r'_', '\\_', text) # Escape underscores in display text\n"}
,{"stream_name":"stderr","time":201.235915704,"data":"[NbConvertApp] Converting notebook __script__.ipynb to html\n"}
,{"stream_name":"stderr","time":202.538761847,"data":"[NbConvertApp] Writing 309292 bytes to __results__.html\n"}
]
