[{"stream_name":"stdout","time":5.38039577,"data":"     ━━━━━━━━━━━━━━━━━━━━━━━━━━━━━━━━━━━━━━━━ 44.1/44.1 kB 1.3 MB/s eta 0:00:00\n"}
,{"stream_name":"stdout","time":8.439385572,"data":"     ━━━━━━━━━━━━━━━━━━━━━━━━━━━━━━━━━━━━━━━━ 40.6/40.6 kB 2.2 MB/s eta 0:00:00\n"}
,{"stream_name":"stdout","time":9.404298962,"data":"     ━━━━━━━━━━━━━━━━━━━━━━━━━━━━━━━━━━━━━━━━ 57.3/57.3 kB 3.2 MB/s eta 0:00:00\n"}
,{"stream_name":"stdout","time":12.851677264,"data":"     ━━━━━━━━━━━━━━━━━━━━━━━━━━━━━━━━━━━━━━━━ 45.9/45.9 kB 2.5 MB/s eta 0:00:00\n"}
,{"stream_name":"stdout","time":13.644318456,"data":"   ━━━━━━━━━━━━━━━━━━━━━━━━━━━━━━━━━━━━━━━━ 2.9/2.9 MB 29.2 MB/s eta 0:00:00\n"}
,{"stream_name":"stdout","time":13.788132076,"data":"   ━━━━━━━━━━━━━━━━━━━━━━━━━━━━━━━━━━━━━━━━ 10.0/10.0 MB 83.8 MB/s eta 0:00:00\n"}
,{"stream_name":"stdout","time":13.825607758,"data":"   ━━━━━━━━━━━━━━━━━━━━━━━━━━━━━━━━━━━━━━━━ 333.2/333.2 kB 22.4 MB/s eta 0:00:00\n"}
,{"stream_name":"stdout","time":13.864284364,"data":"   ━━━━━━━━━━━━━━━━━━━━━━━━━━━━━━━━━━━━━━━━ 434.8/434.8 kB 28.5 MB/s eta 0:00:00\n"}
,{"stream_name":"stdout","time":13.905025932000001,"data":"   ━━━━━━━━━━━━━━━━━━━━━━━━━━━━━━━━━━━━━━━━ 447.5/447.5 kB 25.7 MB/s eta 0:00:00\n"}
,{"stream_name":"stdout","time":14.004232348,"data":"   ━━━━━━━━━━━━━━━━━━━━━━━━━━━━━━━━━━━━━━━━ 6.6/6.6 MB 88.9 MB/s eta 0:00:00\n"}
,{"stream_name":"stdout","time":14.04089865,"data":"   ━━━━━━━━━━━━━━━━━━━━━━━━━━━━━━━━━━━━━━━━ 206.6/206.6 kB 13.8 MB/s eta 0:00:00\n"}
,{"stream_name":"stdout","time":14.247764895,"data":"   ━━━━━━━━━━━━━━━━━━━━━━━━━━━━━━━━━━━━━━━━ 16.7/16.7 MB 72.6 MB/s eta 0:00:00\n"}
,{"stream_name":"stdout","time":14.283309418,"data":"   ━━━━━━━━━━━━━━━━━━━━━━━━━━━━━━━━━━━━━━━━ 130.0/130.0 kB 9.2 MB/s eta 0:00:00\n"}
,{"stream_name":"stdout","time":14.326280483,"data":"   ━━━━━━━━━━━━━━━━━━━━━━━━━━━━━━━━━━━━━━━━ 807.9/807.9 kB 41.2 MB/s eta 0:00:00\n"}
,{"stream_name":"stdout","time":14.36584995,"data":"   ━━━━━━━━━━━━━━━━━━━━━━━━━━━━━━━━━━━━━━━━ 802.0/802.0 kB 44.9 MB/s eta 0:00:00\n"}
,{"stream_name":"stdout","time":14.422146231,"data":"   ━━━━━━━━━━━━━━━━━━━━━━━━━━━━━━━━━━━━━━━━ 3.0/3.0 MB 95.3 MB/s eta 0:00:00\n"}
,{"stream_name":"stdout","time":20.381042992,"data":"   ━━━━━━━━━━━━━━━━━━━━━━━━━━━━━━━━━━━━━━━━ 526.6/526.6 MB 3.5 MB/s eta 0:00:00\n"}
,{"stream_name":"stdout","time":24.987216704,"data":"   ━━━━━━━━━━━━━━━━━━━━━━━━━━━━━━━━━━━━━━━━ 366.2/366.2 MB 5.0 MB/s eta 0:00:00\n"}
,{"stream_name":"stdout","time":26.873251885,"data":"   ━━━━━━━━━━━━━━━━━━━━━━━━━━━━━━━━━━━━━━━━ 170.1/170.1 MB 10.8 MB/s eta 0:00:00\n"}
,{"stream_name":"stdout","time":29.225858309,"data":"   ━━━━━━━━━━━━━━━━━━━━━━━━━━━━━━━━━━━━━━━━ 206.0/206.0 MB 9.0 MB/s eta 0:00:00\n"}
,{"stream_name":"stdout","time":29.88945057,"data":"   ━━━━━━━━━━━━━━━━━━━━━━━━━━━━━━━━━━━━━━━━ 60.4/60.4 MB 30.5 MB/s eta 0:00:00\n"}
,{"stream_name":"stdout","time":32.478905097,"data":"   ━━━━━━━━━━━━━━━━━━━━━━━━━━━━━━━━━━━━━━━━ 197.7/197.7 MB 6.9 MB/s eta 0:00:00\n"}
,{"stream_name":"stdout","time":38.570074916,"data":"   ━━━━━━━━━━━━━━━━━━━━━━━━━━━━━━━━━━━━━━━━ 423.1/423.1 MB 3.1 MB/s eta 0:00:00\n"}
,{"stream_name":"stdout","time":39.620601383,"data":"   ━━━━━━━━━━━━━━━━━━━━━━━━━━━━━━━━━━━━━━━━ 10.7/10.7 MB 10.0 MB/s eta 0:00:00\n"}
,{"stream_name":"stdout","time":40.622601483,"data":"   ━━━━━━━━━━━━━━━━━━━━━━━━━━━━━━━━━━━━━━━━ 90.2/90.2 MB 20.6 MB/s eta 0:00:00\n"}
,{"stream_name":"stdout","time":40.676587425,"data":"   ━━━━━━━━━━━━━━━━━━━━━━━━━━━━━━━━━━━━━━━━ 2.2/2.2 MB 77.7 MB/s eta 0:00:00\n"}
,{"stream_name":"stdout","time":43.123278563,"data":"   ━━━━━━━━━━━━━━━━━━━━━━━━━━━━━━━━━━━━━━━━ 214.1/214.1 MB 8.6 MB/s eta 0:00:00\n"}
,{"stream_name":"stdout","time":43.170846865,"data":"   ━━━━━━━━━━━━━━━━━━━━━━━━━━━━━━━━━━━━━━━━ 1.2/1.2 MB 51.0 MB/s eta 0:00:00\n"}
,{"stream_name":"stdout","time":43.799600288,"data":"   ━━━━━━━━━━━━━━━━━━━━━━━━━━━━━━━━━━━━━━━━ 59.5/59.5 MB 31.3 MB/s eta 0:00:00\n"}
,{"stream_name":"stdout","time":47.209055467,"data":"   ━━━━━━━━━━━━━━━━━━━━━━━━━━━━━━━━━━━━━━━━ 200.9/200.9 MB 4.6 MB/s eta 0:00:00\n"}
,{"stream_name":"stdout","time":48.815786785,"data":"   ━━━━━━━━━━━━━━━━━━━━━━━━━━━━━━━━━━━━━━━━ 145.9/145.9 MB 12.7 MB/s eta 0:00:00\n"}
,{"stream_name":"stdout","time":48.853122416,"data":"   ━━━━━━━━━━━━━━━━━━━━━━━━━━━━━━━━━━━━━━━━ 148.0/148.0 kB 10.5 MB/s eta 0:00:00\n"}
,{"stream_name":"stdout","time":48.884624327,"data":"   ━━━━━━━━━━━━━━━━━━━━━━━━━━━━━━━━━━━━━━━━ 80.2/80.2 kB 7.3 MB/s eta 0:00:00\n"}
,{"stream_name":"stdout","time":48.917906584,"data":"   ━━━━━━━━━━━━━━━━━━━━━━━━━━━━━━━━━━━━━━━━ 45.6/45.6 kB 3.1 MB/s eta 0:00:00\n"}
,{"stream_name":"stdout","time":48.951995813,"data":"   ━━━━━━━━━━━━━━━━━━━━━━━━━━━━━━━━━━━━━━━━ 100.0/100.0 kB 7.4 MB/s eta 0:00:00\n"}
,{"stream_name":"stdout","time":49.015869559,"data":"   ━━━━━━━━━━━━━━━━━━━━━━━━━━━━━━━━━━━━━━━━ 155.6/155.6 kB 13.0 MB/s eta 0:00:00\n"}
,{"stream_name":"stdout","time":49.049778557,"data":"   ━━━━━━━━━━━━━━━━━━━━━━━━━━━━━━━━━━━━━━━━ 73.1/73.1 kB 5.2 MB/s eta 0:00:00\n"}
,{"stream_name":"stdout","time":49.085356623,"data":"   ━━━━━━━━━━━━━━━━━━━━━━━━━━━━━━━━━━━━━━━━ 137.0/137.0 kB 9.7 MB/s eta 0:00:00\n"}
,{"stream_name":"stdout","time":49.125171255,"data":"   ━━━━━━━━━━━━━━━━━━━━━━━━━━━━━━━━━━━━━━━━ 248.8/248.8 kB 16.9 MB/s eta 0:00:00\n"}
,{"stream_name":"stdout","time":49.223362569,"data":"   ━━━━━━━━━━━━━━━━━━━━━━━━━━━━━━━━━━━━━━━━ 6.7/6.7 MB 90.5 MB/s eta 0:00:00\n"}
,{"stream_name":"stdout","time":49.255703154,"data":"   ━━━━━━━━━━━━━━━━━━━━━━━━━━━━━━━━━━━━━━━━ 68.5/68.5 kB 5.8 MB/s eta 0:00:00\n"}
,{"stream_name":"stdout","time":49.304987849,"data":"   ━━━━━━━━━━━━━━━━━━━━━━━━━━━━━━━━━━━━━━━━ 2.1/2.1 MB 76.4 MB/s eta 0:00:00\n"}
,{"stream_name":"stdout","time":49.347286778,"data":"   ━━━━━━━━━━━━━━━━━━━━━━━━━━━━━━━━━━━━━━━━ 818.2/818.2 kB 40.6 MB/s eta 0:00:00\n"}
,{"stream_name":"stdout","time":49.438692776,"data":"   ━━━━━━━━━━━━━━━━━━━━━━━━━━━━━━━━━━━━━━━━ 6.3/6.3 MB 95.6 MB/s eta 0:00:00\n"}
,{"stream_name":"stdout","time":49.473559556,"data":"   ━━━━━━━━━━━━━━━━━━━━━━━━━━━━━━━━━━━━━━━━ 131.1/131.1 kB 9.6 MB/s eta 0:00:00\n"}
,{"stream_name":"stdout","time":49.538318878,"data":"   ━━━━━━━━━━━━━━━━━━━━━━━━━━━━━━━━━━━━━━━━ 134.9/134.9 kB 10.0 MB/s eta 0:00:00\n"}
,{"stream_name":"stdout","time":49.57359186,"data":"   ━━━━━━━━━━━━━━━━━━━━━━━━━━━━━━━━━━━━━━━━ 62.5/62.5 kB 4.1 MB/s eta 0:00:00\n"}
,{"stream_name":"stdout","time":49.643968941,"data":"   ━━━━━━━━━━━━━━━━━━━━━━━━━━━━━━━━━━━━━━━━ 536.2/536.2 kB 32.0 MB/s eta 0:00:00\n"}
,{"stream_name":"stdout","time":52.291928743,"data":"   ━━━━━━━━━━━━━━━━━━━━━━━━━━━━━━━━━━━━━━━━ 40.7/40.7 MB 4.2 MB/s eta 0:00:00\n"}
,{"stream_name":"stderr","time":189.632935994,"data":"ERROR: pip's dependency resolver does not currently take into account all the packages that are installed. This behaviour is the source of the following dependency conflicts.\n"}
,{"stream_name":"stderr","time":189.632999225,"data":"bigframes 2.39.0 requires google-cloud-bigquery-storage\u003c3.0.0,\u003e=2.30.0, which is not installed.\n"}
,{"stream_name":"stderr","time":189.633004796,"data":"google-adk 1.29.0 requires google-cloud-bigquery-storage\u003e=2.0.0, which is not installed.\n"}
,{"stream_name":"stderr","time":189.633016567,"data":"datasets 5.0.0 requires fsspec[http]\u003c=2026.4.0,\u003e=2023.1.0, but you have fsspec 2026.7.0 which is incompatible.\n"}
,{"stream_name":"stderr","time":189.633020071,"data":"ydata-profiling 4.18.4 requires numpy\u003c2.4,\u003e=1.22, but you have numpy 2.5.2 which is incompatible.\n"}
,{"stream_name":"stderr","time":189.633023608,"data":"google-colab 1.0.0 requires jupyter-server==2.14.0, but you have jupyter-server 2.12.5 which is incompatible.\n"}
,{"stream_name":"stderr","time":189.633036083,"data":"google-colab 1.0.0 requires pandas==2.2.2, but you have pandas 2.3.3 which is incompatible.\n"}
,{"stream_name":"stderr","time":189.633038794,"data":"google-colab 1.0.0 requires requests==2.32.4, but you have requests 2.34.2 which is incompatible.\n"}
,{"stream_name":"stderr","time":189.633041245,"data":"dopamine-rl 4.1.2 requires gym\u003c=0.25.2, but you have gym 0.26.2 which is incompatible.\n"}
,{"stream_name":"stderr","time":189.633043882,"data":"moviepy 1.0.3 requires decorator\u003c5.0,\u003e=4.0.2, but you have decorator 5.3.1 which is incompatible.\n"}
,{"stream_name":"stderr","time":189.633046549,"data":"libcuml-cu12 26.2.0 requires cuda-toolkit[cublas,cufft,curand,cusolver,cusparse]==12.*, but you have cuda-toolkit 13.0.3.0 which is incompatible.\n"}
,{"stream_name":"stderr","time":189.633049095,"data":"cuml-cu12 26.2.0 requires cuda-toolkit[cublas,cufft,curand,cusolver,cusparse]==12.*, but you have cuda-toolkit 13.0.3.0 which is incompatible.\n"}
,{"stream_name":"stderr","time":189.633051675,"data":"cuda-python 12.9.4 requires cuda-bindings~=12.9.4, but you have cuda-bindings 13.3.1 which is incompatible.\n"}
,{"stream_name":"stderr","time":189.633054095,"data":"torchaudio 2.10.0+cu128 requires torch==2.10.0, but you have torch 2.13.0 which is incompatible.\n"}
,{"stream_name":"stderr","time":189.633056578,"data":"torchvision 0.25.0+cu128 requires torch==2.10.0, but you have torch 2.13.0 which is incompatible.\n"}
,{"stream_name":"stderr","time":189.633058975,"data":"cudf-cu12 26.2.1 requires cuda-toolkit[nvcc,nvrtc]==12.*, but you have cuda-toolkit 13.0.3.0 which is incompatible.\n"}
,{"stream_name":"stderr","time":189.633061428,"data":"numba 0.60.0 requires numpy\u003c2.1,\u003e=1.22, but you have numpy 2.5.2 which is incompatible.\n"}
,{"stream_name":"stderr","time":189.633064056,"data":"libcuvs-cu12 26.2.0 requires cuda-toolkit[cublas,curand,cusolver,cusparse]==12.*, but you have cuda-toolkit 13.0.3.0 which is incompatible.\n"}
,{"stream_name":"stderr","time":189.6330677,"data":"libraft-cu12 26.2.0 requires cuda-toolkit[cublas,curand,cusolver,cusparse]==12.*, but you have cuda-toolkit 13.0.3.0 which is incompatible.\n"}
,{"stream_name":"stderr","time":189.633070292,"data":"opentelemetry-api 1.38.0 requires importlib-metadata\u003c8.8.0,\u003e=6.0, but you have importlib-metadata 9.0.1 which is incompatible.\n"}
,{"stream_name":"stderr","time":189.633072887,"data":"gcsfs 2025.3.0 requires fsspec==2025.3.0, but you have fsspec 2026.7.0 which is incompatible.\n"}
,{"stream_name":"stderr","time":189.633075333,"data":"gradio 5.50.0 requires huggingface-hub\u003c2.0,\u003e=0.33.5, but you have huggingface-hub 0.26.2 which is incompatible.\n"}
,{"stream_name":"stderr","time":197.254734939,"data":"The cache for model files in Transformers v4.22.0 has been updated. Migrating your old cache. This is a one-time only operation. You can interrupt this and resume the migration later on by calling `transformers.utils.move_cache()`.\n"}
,{"stream_name":"stderr","time":197.257904019,"data":"\r0it [00:00, ?it/s]\r0it [00:00, ?it/s]\n"}
,{"stream_name":"stderr","time":197.445915997,"data":"Traceback (most recent call last):\n"}
,{"stream_name":"stderr","time":197.445944574,"data":"  File \"/usr/local/lib/python3.12/dist-packages/transformers/utils/import_utils.py\", line 1778, in _get_module\n"}
,{"stream_name":"stderr","time":197.446315777,"data":"    return importlib.import_module(\".\" + module_name, self.__name__)\n"}
,{"stream_name":"stderr","time":197.446455189,"data":"           ^^^^^^^^^^^^^^^^^^^^^^^^^^^^^^^^^^^^^^^^^^^^^^^^^^^^^^^^^\n"}
,{"stream_name":"stderr","time":197.4464844,"data":"  File \"/usr/lib/python3.12/importlib/__init__.py\", line 90, in import_module\n"}
,{"stream_name":"stderr","time":197.447655053,"data":"    return _bootstrap._gcd_import(name[level:], package, level)\n"}
,{"stream_name":"stderr","time":197.447776974,"data":"           ^^^^^^^^^^^^^^^^^^^^^^^^^^^^^^^^^^^^^^^^^^^^^^^^^^^^\n"}
,{"stream_name":"stderr","time":197.447797348,"data":"  File \"\u003cfrozen importlib._bootstrap\u003e\", line 1387, in _gcd_import\n"}
,{"stream_name":"stderr","time":197.447803058,"data":"  File \"\u003cfrozen importlib._bootstrap\u003e\", line 1360, in _find_and_load\n"}
,{"stream_name":"stderr","time":197.447827316,"data":"  File \"\u003cfrozen importlib._bootstrap\u003e\", line 1331, in _find_and_load_unlocked\n"}
,{"stream_name":"stderr","time":197.447832386,"data":"  File \"\u003cfrozen importlib._bootstrap\u003e\", line 935, in _load_unlocked\n"}
,{"stream_name":"stderr","time":197.448959829,"data":"  File \"\u003cfrozen importlib._bootstrap_external\u003e\", line 999, in exec_module\n"}
,{"stream_name":"stderr","time":197.44896991,"data":"  File \"\u003cfrozen importlib._bootstrap\u003e\", line 488, in _call_with_frames_removed\n"}
,{"stream_name":"stderr","time":197.448973087,"data":"  File \"/usr/local/lib/python3.12/dist-packages/transformers/models/clip/image_processing_clip.py\", line 21, in \u003cmodule\u003e\n"}
,{"stream_name":"stderr","time":197.448975942,"data":"    from ...image_processing_utils import BaseImageProcessor, BatchFeature, get_size_dict\n"}
,{"stream_name":"stderr","time":197.448978572,"data":"  File \"/usr/local/lib/python3.12/dist-packages/transformers/image_processing_utils.py\", line 21, in \u003cmodule\u003e\n"}
,{"stream_name":"stderr","time":197.448981204,"data":"    from .image_transforms import center_crop, normalize, rescale\n"}
,{"stream_name":"stderr","time":197.448983754,"data":"  File \"/usr/local/lib/python3.12/dist-packages/transformers/image_transforms.py\", line 22, in \u003cmodule\u003e\n"}
,{"stream_name":"stderr","time":197.448986384,"data":"    from .image_utils import (\n"}
,{"stream_name":"stderr","time":197.448988808,"data":"  File \"/usr/local/lib/python3.12/dist-packages/transformers/image_utils.py\", line 58, in \u003cmodule\u003e\n"}
,{"stream_name":"stderr","time":197.448991535,"data":"    from torchvision.transforms import InterpolationMode\n"}
,{"stream_name":"stderr","time":197.448994016,"data":"  File \"/usr/local/lib/python3.12/dist-packages/torchvision/__init__.py\", line 10, in \u003cmodule\u003e\n"}
,{"stream_name":"stderr","time":197.44899672,"data":"    from torchvision import _meta_registrations, datasets, io, models, ops, transforms, utils  # usort:skip\n"}
,{"stream_name":"stderr","time":197.448999266,"data":"    ^^^^^^^^^^^^^^^^^^^^^^^^^^^^^^^^^^^^^^^^^^^^^^^^^^^^^^^^^^^^^^^^^^^^^^^^^^^^^^^^^^^^^^^^^\n"}
,{"stream_name":"stderr","time":197.449001938,"data":"  File \"/usr/local/lib/python3.12/dist-packages/torchvision/_meta_registrations.py\", line 163, in \u003cmodule\u003e\n"}
,{"stream_name":"stderr","time":197.449004532,"data":"    @torch.library.register_fake(\"torchvision::nms\")\n"}
,{"stream_name":"stderr","time":197.449007052,"data":"     ^^^^^^^^^^^^^^^^^^^^^^^^^^^^^^^^^^^^^^^^^^^^^^^\n"}
,{"stream_name":"stderr","time":197.44900945,"data":"  File \"/usr/local/lib/python3.12/dist-packages/torch/library.py\", line 1262, in register\n"}
,{"stream_name":"stderr","time":197.44901191,"data":"    use_lib._register_fake(\n"}
,{"stream_name":"stderr","time":197.449014292,"data":"  File \"/usr/local/lib/python3.12/dist-packages/torch/library.py\", line 352, in _register_fake\n"}
,{"stream_name":"stderr","time":197.449210261,"data":"    handle = entry.fake_impl.register(\n"}
,{"stream_name":"stderr","time":197.449238342,"data":"             ^^^^^^^^^^^^^^^^^^^^^^^^^\n"}
,{"stream_name":"stderr","time":197.449283488,"data":"  File \"/usr/local/lib/python3.12/dist-packages/torch/_library/fake_impl.py\", line 87, in register\n"}
,{"stream_name":"stderr","time":197.449502053,"data":"    lib.impl(self.qualname, meta_kernel, \"Meta\", allow_override=allow_override)\n"}
,{"stream_name":"stderr","time":197.44953595,"data":"  File \"/usr/local/lib/python3.12/dist-packages/torch/library.py\", line 493, in impl\n"}
,{"stream_name":"stderr","time":197.449803921,"data":"    if torch._C._dispatch_has_kernel_for_dispatch_key(\n"}
,{"stream_name":"stderr","time":197.449890352,"data":"       ^^^^^^^^^^^^^^^^^^^^^^^^^^^^^^^^^^^^^^^^^^^^^^^\n"}
,{"stream_name":"stderr","time":197.449897366,"data":"RuntimeError: operator torchvision::nms does not exist\n"}
,{"stream_name":"stderr","time":197.449901525,"data":"\n"}
,{"stream_name":"stderr","time":197.449905323,"data":"The above exception was the direct cause of the following exception:\n"}
,{"stream_name":"stderr","time":197.449909558,"data":"\n"}
,{"stream_name":"stderr","time":197.449937845,"data":"Traceback (most recent call last):\n"}
,{"stream_name":"stderr","time":197.449964299,"data":"  File \"/usr/local/lib/python3.12/dist-packages/diffusers/utils/import_utils.py\", line 853, in _get_module\n"}
,{"stream_name":"stderr","time":197.45026891,"data":"    return importlib.import_module(\".\" + module_name, self.__name__)\n"}
,{"stream_name":"stderr","time":197.450398813,"data":"           ^^^^^^^^^^^^^^^^^^^^^^^^^^^^^^^^^^^^^^^^^^^^^^^^^^^^^^^^^\n"}
,{"stream_name":"stderr","time":197.450412017,"data":"  File \"/usr/lib/python3.12/importlib/__init__.py\", line 90, in import_module\n"}
,{"stream_name":"stderr","time":197.450690775,"data":"    return _bootstrap._gcd_import(name[level:], package, level)\n"}
,{"stream_name":"stderr","time":197.45076548,"data":"           ^^^^^^^^^^^^^^^^^^^^^^^^^^^^^^^^^^^^^^^^^^^^^^^^^^^^\n"}
,{"stream_name":"stderr","time":197.450822968,"data":"  File \"\u003cfrozen importlib._bootstrap\u003e\", line 1387, in _gcd_import\n"}
,{"stream_name":"stderr","time":197.450842083,"data":"  File \"\u003cfrozen importlib._bootstrap\u003e\", line 1360, in _find_and_load\n"}
,{"stream_name":"stderr","time":197.450876908,"data":"  File \"\u003cfrozen importlib._bootstrap\u003e\", line 1331, in _find_and_load_unlocked\n"}
,{"stream_name":"stderr","time":197.450886944,"data":"  File \"\u003cfrozen importlib._bootstrap\u003e\", line 935, in _load_unlocked\n"}
,{"stream_name":"stderr","time":197.450891537,"data":"  File \"\u003cfrozen importlib._bootstrap_external\u003e\", line 999, in exec_module\n"}
,{"stream_name":"stderr","time":197.450910406,"data":"  File \"\u003cfrozen importlib._bootstrap\u003e\", line 488, in _call_with_frames_removed\n"}
,{"stream_name":"stderr","time":197.450917584,"data":"  File \"/usr/local/lib/python3.12/dist-packages/diffusers/pipelines/stable_diffusion_xl/pipeline_stable_diffusion_xl.py\", line 19, in \u003cmodule\u003e\n"}
,{"stream_name":"stderr","time":197.451076005,"data":"    from transformers import (\n"}
,{"stream_name":"stderr","time":197.451084078,"data":"  File \"\u003cfrozen importlib._bootstrap\u003e\", line 1412, in _handle_fromlist\n"}
,{"stream_name":"stderr","time":197.451088609,"data":"  File \"/usr/local/lib/python3.12/dist-packages/transformers/utils/import_utils.py\", line 1767, in __getattr__\n"}
,{"stream_name":"stderr","time":197.451552922,"data":"    value = getattr(module, name)\n"}
,{"stream_name":"stderr","time":197.451597228,"data":"            ^^^^^^^^^^^^^^^^^^^^^\n"}
,{"stream_name":"stderr","time":197.451622994,"data":"  File \"/usr/local/lib/python3.12/dist-packages/transformers/utils/import_utils.py\", line 1766, in __getattr__\n"}
,{"stream_name":"stderr","time":197.452203804,"data":"    module = self._get_module(self._class_to_module[name])\n"}
,{"stream_name":"stderr","time":197.452377938,"data":"             ^^^^^^^^^^^^^^^^^^^^^^^^^^^^^^^^^^^^^^^^^^^^^\n"}
,{"stream_name":"stderr","time":197.452384223,"data":"  File \"/usr/local/lib/python3.12/dist-packages/transformers/utils/import_utils.py\", line 1780, in _get_module\n"}
,{"stream_name":"stderr","time":197.452916196,"data":"    raise RuntimeError(\n"}
,{"stream_name":"stderr","time":197.45292972,"data":"RuntimeError: Failed to import transformers.models.clip.image_processing_clip because of the following error (look up to see its traceback):\n"}
,{"stream_name":"stderr","time":197.452934621,"data":"operator torchvision::nms does not exist\n"}
,{"stream_name":"stderr","time":197.452939386,"data":"\n"}
,{"stream_name":"stderr","time":197.45294327,"data":"The above exception was the direct cause of the following exception:\n"}
,{"stream_name":"stderr","time":197.452947015,"data":"\n"}
,{"stream_name":"stderr","time":197.452950401,"data":"Traceback (most recent call last):\n"}
,{"stream_name":"stderr","time":197.452954067,"data":"  File \"/kaggle/src/script.py\", line 97, in \u003cmodule\u003e\n"}
,{"stream_name":"stderr","time":197.453102333,"data":"    if __name__=='__main__': raise SystemExit(main())\n"}
,{"stream_name":"stderr","time":197.453219229,"data":"                                              ^^^^^^\n"}
,{"stream_name":"stderr","time":197.453227055,"data":"  File \"/kaggle/src/script.py\", line 71, in main\n"}
,{"stream_name":"stderr","time":197.453420303,"data":"    from diffusers import StableDiffusionXLPipeline\n"}
,{"stream_name":"stderr","time":197.453431127,"data":"  File \"\u003cfrozen importlib._bootstrap\u003e\", line 1412, in _handle_fromlist\n"}
,{"stream_name":"stderr","time":197.453436319,"data":"  File \"/usr/local/lib/python3.12/dist-packages/diffusers/utils/import_utils.py\", line 844, in __getattr__\n"}
,{"stream_name":"stderr","time":197.453721117,"data":"    value = getattr(module, name)\n"}
,{"stream_name":"stderr","time":197.453741419,"data":"            ^^^^^^^^^^^^^^^^^^^^^\n"}
,{"stream_name":"stderr","time":197.453754022,"data":"  File \"/usr/local/lib/python3.12/dist-packages/diffusers/utils/import_utils.py\", line 844, in __getattr__\n"}
,{"stream_name":"stderr","time":197.454131089,"data":"    value = getattr(module, name)\n"}
,{"stream_name":"stderr","time":197.454147108,"data":"            ^^^^^^^^^^^^^^^^^^^^^\n"}
,{"stream_name":"stderr","time":197.454151943,"data":"  File \"/usr/local/lib/python3.12/dist-packages/diffusers/utils/import_utils.py\", line 843, in __getattr__\n"}
,{"stream_name":"stderr","time":197.454493619,"data":"    module = self._get_module(self._class_to_module[name])\n"}
,{"stream_name":"stderr","time":197.454548229,"data":"             ^^^^^^^^^^^^^^^^^^^^^^^^^^^^^^^^^^^^^^^^^^^^^\n"}
,{"stream_name":"stderr","time":197.454613423,"data":"  File \"/usr/local/lib/python3.12/dist-packages/diffusers/utils/import_utils.py\", line 855, in _get_module\n"}
,{"stream_name":"stderr","time":197.454914491,"data":"    raise RuntimeError(\n"}
,{"stream_name":"stderr","time":197.45492929,"data":"RuntimeError: Failed to import diffusers.pipelines.stable_diffusion_xl.pipeline_stable_diffusion_xl because of the following error (look up to see its traceback):\n"}
,{"stream_name":"stderr","time":197.454933563,"data":"Failed to import transformers.models.clip.image_processing_clip because of the following error (look up to see its traceback):\n"}
,{"stream_name":"stderr","time":197.454937143,"data":"operator torchvision::nms does not exist\n"}
,{"stream_name":"stderr","time":201.068634604,"data":"/usr/local/lib/python3.12/dist-packages/mistune.py:435: SyntaxWarning: invalid escape sequence '\\|'\n"}
,{"stream_name":"stderr","time":201.068667137,"data":"  cells[i][c] = re.sub('\\\\\\\\\\|', '|', cell)\n"}
,{"stream_name":"stderr","time":201.325100813,"data":"/usr/local/lib/python3.12/dist-packages/nbconvert/filters/filter_links.py:36: SyntaxWarning: invalid escape sequence '\\_'\n"}
,{"stream_name":"stderr","time":201.325124197,"data":"  text = re.sub(r'_', '\\_', text) # Escape underscores in display text\n"}
,{"stream_name":"stderr","time":202.021104164,"data":"[NbConvertApp] Converting notebook __script__.ipynb to html\n"}
,{"stream_name":"stderr","time":203.277339987,"data":"[NbConvertApp] Writing 309292 bytes to __results__.html\n"}
]
