[{"stream_name":"stdout","time":5.585777461,"data":"     ━━━━━━━━━━━━━━━━━━━━━━━━━━━━━━━━━━━━━━━━ 44.1/44.1 kB 1.3 MB/s eta 0:00:00\n"}
,{"stream_name":"stdout","time":8.684637539,"data":"     ━━━━━━━━━━━━━━━━━━━━━━━━━━━━━━━━━━━━━━━━ 40.6/40.6 kB 1.9 MB/s eta 0:00:00\n"}
,{"stream_name":"stdout","time":9.68598216,"data":"     ━━━━━━━━━━━━━━━━━━━━━━━━━━━━━━━━━━━━━━━━ 57.3/57.3 kB 3.3 MB/s eta 0:00:00\n"}
,{"stream_name":"stdout","time":13.085832393,"data":"     ━━━━━━━━━━━━━━━━━━━━━━━━━━━━━━━━━━━━━━━━ 45.9/45.9 kB 3.0 MB/s eta 0:00:00\n"}
,{"stream_name":"stdout","time":13.847746522,"data":"   ━━━━━━━━━━━━━━━━━━━━━━━━━━━━━━━━━━━━━━━━ 2.9/2.9 MB 30.9 MB/s eta 0:00:00\n"}
,{"stream_name":"stdout","time":13.98126884,"data":"   ━━━━━━━━━━━━━━━━━━━━━━━━━━━━━━━━━━━━━━━━ 10.0/10.0 MB 91.0 MB/s eta 0:00:00\n"}
,{"stream_name":"stdout","time":14.016577045,"data":"   ━━━━━━━━━━━━━━━━━━━━━━━━━━━━━━━━━━━━━━━━ 333.2/333.2 kB 24.6 MB/s eta 0:00:00\n"}
,{"stream_name":"stdout","time":14.056064354,"data":"   ━━━━━━━━━━━━━━━━━━━━━━━━━━━━━━━━━━━━━━━━ 434.8/434.8 kB 25.3 MB/s eta 0:00:00\n"}
,{"stream_name":"stdout","time":14.092325774,"data":"   ━━━━━━━━━━━━━━━━━━━━━━━━━━━━━━━━━━━━━━━━ 447.5/447.5 kB 30.1 MB/s eta 0:00:00\n"}
,{"stream_name":"stdout","time":14.170287155,"data":"   ━━━━━━━━━━━━━━━━━━━━━━━━━━━━━━━━━━━━━━━━ 6.6/6.6 MB 116.5 MB/s eta 0:00:00\n"}
,{"stream_name":"stdout","time":14.203698629,"data":"   ━━━━━━━━━━━━━━━━━━━━━━━━━━━━━━━━━━━━━━━━ 206.6/206.6 kB 16.0 MB/s eta 0:00:00\n"}
,{"stream_name":"stdout","time":14.358324827,"data":"   ━━━━━━━━━━━━━━━━━━━━━━━━━━━━━━━━━━━━━━━━ 16.7/16.7 MB 92.8 MB/s eta 0:00:00\n"}
,{"stream_name":"stdout","time":14.390585918,"data":"   ━━━━━━━━━━━━━━━━━━━━━━━━━━━━━━━━━━━━━━━━ 130.0/130.0 kB 10.5 MB/s eta 0:00:00\n"}
,{"stream_name":"stdout","time":14.427981232,"data":"   ━━━━━━━━━━━━━━━━━━━━━━━━━━━━━━━━━━━━━━━━ 807.9/807.9 kB 49.6 MB/s eta 0:00:00\n"}
,{"stream_name":"stdout","time":14.464704572,"data":"   ━━━━━━━━━━━━━━━━━━━━━━━━━━━━━━━━━━━━━━━━ 802.0/802.0 kB 49.4 MB/s eta 0:00:00\n"}
,{"stream_name":"stdout","time":14.516330342,"data":"   ━━━━━━━━━━━━━━━━━━━━━━━━━━━━━━━━━━━━━━━━ 3.0/3.0 MB 99.1 MB/s eta 0:00:00\n"}
,{"stream_name":"stdout","time":20.185288089,"data":"   ━━━━━━━━━━━━━━━━━━━━━━━━━━━━━━━━━━━━━━━━ 526.6/526.6 MB 3.5 MB/s eta 0:00:00\n"}
,{"stream_name":"stdout","time":24.594713728,"data":"   ━━━━━━━━━━━━━━━━━━━━━━━━━━━━━━━━━━━━━━━━ 366.2/366.2 MB 5.0 MB/s eta 0:00:00\n"}
,{"stream_name":"stdout","time":26.566519583,"data":"   ━━━━━━━━━━━━━━━━━━━━━━━━━━━━━━━━━━━━━━━━ 170.1/170.1 MB 10.7 MB/s eta 0:00:00\n"}
,{"stream_name":"stdout","time":29.285959724,"data":"   ━━━━━━━━━━━━━━━━━━━━━━━━━━━━━━━━━━━━━━━━ 206.0/206.0 MB 8.8 MB/s eta 0:00:00\n"}
,{"stream_name":"stdout","time":30.063057374,"data":"   ━━━━━━━━━━━━━━━━━━━━━━━━━━━━━━━━━━━━━━━━ 60.4/60.4 MB 28.4 MB/s eta 0:00:00\n"}
,{"stream_name":"stdout","time":33.270162562,"data":"   ━━━━━━━━━━━━━━━━━━━━━━━━━━━━━━━━━━━━━━━━ 197.7/197.7 MB 5.9 MB/s eta 0:00:00\n"}
,{"stream_name":"stdout","time":39.999566069,"data":"   ━━━━━━━━━━━━━━━━━━━━━━━━━━━━━━━━━━━━━━━━ 423.1/423.1 MB 2.8 MB/s eta 0:00:00\n"}
,{"stream_name":"stdout","time":40.844323354,"data":"   ━━━━━━━━━━━━━━━━━━━━━━━━━━━━━━━━━━━━━━━━ 10.7/10.7 MB 12.5 MB/s eta 0:00:00\n"}
,{"stream_name":"stdout","time":41.943245571,"data":"   ━━━━━━━━━━━━━━━━━━━━━━━━━━━━━━━━━━━━━━━━ 90.2/90.2 MB 20.3 MB/s eta 0:00:00\n"}
,{"stream_name":"stdout","time":41.996313357,"data":"   ━━━━━━━━━━━━━━━━━━━━━━━━━━━━━━━━━━━━━━━━ 2.2/2.2 MB 71.5 MB/s eta 0:00:00\n"}
,{"stream_name":"stdout","time":44.67155953,"data":"   ━━━━━━━━━━━━━━━━━━━━━━━━━━━━━━━━━━━━━━━━ 214.1/214.1 MB 8.6 MB/s eta 0:00:00\n"}
,{"stream_name":"stdout","time":44.713851741,"data":"   ━━━━━━━━━━━━━━━━━━━━━━━━━━━━━━━━━━━━━━━━ 1.2/1.2 MB 58.0 MB/s eta 0:00:00\n"}
,{"stream_name":"stdout","time":45.429473018,"data":"   ━━━━━━━━━━━━━━━━━━━━━━━━━━━━━━━━━━━━━━━━ 59.5/59.5 MB 29.9 MB/s eta 0:00:00\n"}
,{"stream_name":"stdout","time":49.919390026,"data":"   ━━━━━━━━━━━━━━━━━━━━━━━━━━━━━━━━━━━━━━━━ 200.9/200.9 MB 5.7 MB/s eta 0:00:00\n"}
,{"stream_name":"stdout","time":55.733477764,"data":"   ━━━━━━━━━━━━━━━━━━━━━━━━━━━━━━━━━━━━━━━━ 145.9/145.9 MB 2.9 MB/s eta 0:00:00\n"}
,{"stream_name":"stdout","time":55.768398948,"data":"   ━━━━━━━━━━━━━━━━━━━━━━━━━━━━━━━━━━━━━━━━ 148.0/148.0 kB 10.9 MB/s eta 0:00:00\n"}
,{"stream_name":"stdout","time":55.800328461,"data":"   ━━━━━━━━━━━━━━━━━━━━━━━━━━━━━━━━━━━━━━━━ 80.2/80.2 kB 6.1 MB/s eta 0:00:00\n"}
,{"stream_name":"stdout","time":55.833984205,"data":"   ━━━━━━━━━━━━━━━━━━━━━━━━━━━━━━━━━━━━━━━━ 45.6/45.6 kB 3.0 MB/s eta 0:00:00\n"}
,{"stream_name":"stdout","time":55.870132087,"data":"   ━━━━━━━━━━━━━━━━━━━━━━━━━━━━━━━━━━━━━━━━ 100.0/100.0 kB 5.9 MB/s eta 0:00:00\n"}
,{"stream_name":"stdout","time":55.933745729,"data":"   ━━━━━━━━━━━━━━━━━━━━━━━━━━━━━━━━━━━━━━━━ 155.6/155.6 kB 12.0 MB/s eta 0:00:00\n"}
,{"stream_name":"stdout","time":55.96894716,"data":"   ━━━━━━━━━━━━━━━━━━━━━━━━━━━━━━━━━━━━━━━━ 73.1/73.1 kB 4.6 MB/s eta 0:00:00\n"}
,{"stream_name":"stdout","time":56.002031362,"data":"   ━━━━━━━━━━━━━━━━━━━━━━━━━━━━━━━━━━━━━━━━ 137.0/137.0 kB 10.1 MB/s eta 0:00:00\n"}
,{"stream_name":"stdout","time":56.05095983,"data":"   ━━━━━━━━━━━━━━━━━━━━━━━━━━━━━━━━━━━━━━━━ 248.8/248.8 kB 8.4 MB/s eta 0:00:00\n"}
,{"stream_name":"stdout","time":56.21028889,"data":"   ━━━━━━━━━━━━━━━━━━━━━━━━━━━━━━━━━━━━━━━━ 6.7/6.7 MB 48.0 MB/s eta 0:00:00\n"}
,{"stream_name":"stdout","time":56.244686378,"data":"   ━━━━━━━━━━━━━━━━━━━━━━━━━━━━━━━━━━━━━━━━ 68.5/68.5 kB 5.0 MB/s eta 0:00:00\n"}
,{"stream_name":"stdout","time":56.311892516,"data":"   ━━━━━━━━━━━━━━━━━━━━━━━━━━━━━━━━━━━━━━━━ 2.1/2.1 MB 44.0 MB/s eta 0:00:00\n"}
,{"stream_name":"stdout","time":56.357801004,"data":"   ━━━━━━━━━━━━━━━━━━━━━━━━━━━━━━━━━━━━━━━━ 818.2/818.2 kB 32.8 MB/s eta 0:00:00\n"}
,{"stream_name":"stdout","time":56.50377143,"data":"   ━━━━━━━━━━━━━━━━━━━━━━━━━━━━━━━━━━━━━━━━ 6.3/6.3 MB 50.4 MB/s eta 0:00:00\n"}
,{"stream_name":"stdout","time":56.53814481,"data":"   ━━━━━━━━━━━━━━━━━━━━━━━━━━━━━━━━━━━━━━━━ 131.1/131.1 kB 9.3 MB/s eta 0:00:00\n"}
,{"stream_name":"stdout","time":56.601458636,"data":"   ━━━━━━━━━━━━━━━━━━━━━━━━━━━━━━━━━━━━━━━━ 134.9/134.9 kB 10.0 MB/s eta 0:00:00\n"}
,{"stream_name":"stdout","time":56.632319347,"data":"   ━━━━━━━━━━━━━━━━━━━━━━━━━━━━━━━━━━━━━━━━ 62.5/62.5 kB 5.1 MB/s eta 0:00:00\n"}
,{"stream_name":"stdout","time":56.705252727,"data":"   ━━━━━━━━━━━━━━━━━━━━━━━━━━━━━━━━━━━━━━━━ 536.2/536.2 kB 22.3 MB/s eta 0:00:00\n"}
,{"stream_name":"stdout","time":57.519130054,"data":"   ━━━━━━━━━━━━━━━━━━━━━━━━━━━━━━━━━━━━━━━━ 40.7/40.7 MB 31.9 MB/s eta 0:00:00\n"}
,{"stream_name":"stderr","time":190.518429328,"data":"ERROR: pip's dependency resolver does not currently take into account all the packages that are installed. This behaviour is the source of the following dependency conflicts.\n"}
,{"stream_name":"stderr","time":190.518483734,"data":"bigframes 2.39.0 requires google-cloud-bigquery-storage\u003c3.0.0,\u003e=2.30.0, which is not installed.\n"}
,{"stream_name":"stderr","time":190.518491251,"data":"google-adk 1.29.0 requires google-cloud-bigquery-storage\u003e=2.0.0, which is not installed.\n"}
,{"stream_name":"stderr","time":190.518496804,"data":"datasets 5.0.0 requires fsspec[http]\u003c=2026.4.0,\u003e=2023.1.0, but you have fsspec 2026.7.0 which is incompatible.\n"}
,{"stream_name":"stderr","time":190.518507733,"data":"ydata-profiling 4.18.4 requires numpy\u003c2.4,\u003e=1.22, but you have numpy 2.5.2 which is incompatible.\n"}
,{"stream_name":"stderr","time":190.518511476,"data":"google-colab 1.0.0 requires jupyter-server==2.14.0, but you have jupyter-server 2.12.5 which is incompatible.\n"}
,{"stream_name":"stderr","time":190.518524744,"data":"google-colab 1.0.0 requires pandas==2.2.2, but you have pandas 2.3.3 which is incompatible.\n"}
,{"stream_name":"stderr","time":190.518527583,"data":"google-colab 1.0.0 requires requests==2.32.4, but you have requests 2.34.2 which is incompatible.\n"}
,{"stream_name":"stderr","time":190.518530077,"data":"dopamine-rl 4.1.2 requires gym\u003c=0.25.2, but you have gym 0.26.2 which is incompatible.\n"}
,{"stream_name":"stderr","time":190.518532608,"data":"moviepy 1.0.3 requires decorator\u003c5.0,\u003e=4.0.2, but you have decorator 5.3.1 which is incompatible.\n"}
,{"stream_name":"stderr","time":190.518553132,"data":"libcuml-cu12 26.2.0 requires cuda-toolkit[cublas,cufft,curand,cusolver,cusparse]==12.*, but you have cuda-toolkit 13.0.3.0 which is incompatible.\n"}
,{"stream_name":"stderr","time":190.518573438,"data":"cuml-cu12 26.2.0 requires cuda-toolkit[cublas,cufft,curand,cusolver,cusparse]==12.*, but you have cuda-toolkit 13.0.3.0 which is incompatible.\n"}
,{"stream_name":"stderr","time":190.51857848,"data":"cuda-python 12.9.4 requires cuda-bindings~=12.9.4, but you have cuda-bindings 13.3.1 which is incompatible.\n"}
,{"stream_name":"stderr","time":190.518583103,"data":"torchaudio 2.10.0+cu128 requires torch==2.10.0, but you have torch 2.13.0 which is incompatible.\n"}
,{"stream_name":"stderr","time":190.518587825,"data":"torchvision 0.25.0+cu128 requires torch==2.10.0, but you have torch 2.13.0 which is incompatible.\n"}
,{"stream_name":"stderr","time":190.518592638,"data":"cudf-cu12 26.2.1 requires cuda-toolkit[nvcc,nvrtc]==12.*, but you have cuda-toolkit 13.0.3.0 which is incompatible.\n"}
,{"stream_name":"stderr","time":190.518597276,"data":"numba 0.60.0 requires numpy\u003c2.1,\u003e=1.22, but you have numpy 2.5.2 which is incompatible.\n"}
,{"stream_name":"stderr","time":190.518601525,"data":"libcuvs-cu12 26.2.0 requires cuda-toolkit[cublas,curand,cusolver,cusparse]==12.*, but you have cuda-toolkit 13.0.3.0 which is incompatible.\n"}
,{"stream_name":"stderr","time":190.518607356,"data":"libraft-cu12 26.2.0 requires cuda-toolkit[cublas,curand,cusolver,cusparse]==12.*, but you have cuda-toolkit 13.0.3.0 which is incompatible.\n"}
,{"stream_name":"stderr","time":190.518611545,"data":"opentelemetry-api 1.38.0 requires importlib-metadata\u003c8.8.0,\u003e=6.0, but you have importlib-metadata 9.0.1 which is incompatible.\n"}
,{"stream_name":"stderr","time":190.518615953,"data":"gcsfs 2025.3.0 requires fsspec==2025.3.0, but you have fsspec 2026.7.0 which is incompatible.\n"}
,{"stream_name":"stderr","time":190.518624631,"data":"gradio 5.50.0 requires huggingface-hub\u003c2.0,\u003e=0.33.5, but you have huggingface-hub 0.26.2 which is incompatible.\n"}
,{"stream_name":"stderr","time":197.972668611,"data":"The cache for model files in Transformers v4.22.0 has been updated. Migrating your old cache. This is a one-time only operation. You can interrupt this and resume the migration later on by calling `transformers.utils.move_cache()`.\n"}
,{"stream_name":"stderr","time":197.974997864,"data":"\r0it [00:00, ?it/s]\r0it [00:00, ?it/s]\n"}
,{"stream_name":"stderr","time":198.174877662,"data":"Traceback (most recent call last):\n"}
,{"stream_name":"stderr","time":198.174921625,"data":"  File \"/usr/local/lib/python3.12/dist-packages/transformers/utils/import_utils.py\", line 1778, in _get_module\n"}
,{"stream_name":"stderr","time":198.175382805,"data":"    return importlib.import_module(\".\" + module_name, self.__name__)\n"}
,{"stream_name":"stderr","time":198.175598555,"data":"           ^^^^^^^^^^^^^^^^^^^^^^^^^^^^^^^^^^^^^^^^^^^^^^^^^^^^^^^^^\n"}
,{"stream_name":"stderr","time":198.175622807,"data":"  File \"/usr/lib/python3.12/importlib/__init__.py\", line 90, in import_module\n"}
,{"stream_name":"stderr","time":198.176623156,"data":"    return _bootstrap._gcd_import(name[level:], package, level)\n"}
,{"stream_name":"stderr","time":198.17680734,"data":"           ^^^^^^^^^^^^^^^^^^^^^^^^^^^^^^^^^^^^^^^^^^^^^^^^^^^^\n"}
,{"stream_name":"stderr","time":198.17684197,"data":"  File \"\u003cfrozen importlib._bootstrap\u003e\", line 1387, in _gcd_import\n"}
,{"stream_name":"stderr","time":198.176849271,"data":"  File \"\u003cfrozen importlib._bootstrap\u003e\", line 1360, in _find_and_load\n"}
,{"stream_name":"stderr","time":198.176854203,"data":"  File \"\u003cfrozen importlib._bootstrap\u003e\", line 1331, in _find_and_load_unlocked\n"}
,{"stream_name":"stderr","time":198.176859021,"data":"  File \"\u003cfrozen importlib._bootstrap\u003e\", line 935, in _load_unlocked\n"}
,{"stream_name":"stderr","time":198.176863872,"data":"  File \"\u003cfrozen importlib._bootstrap_external\u003e\", line 999, in exec_module\n"}
,{"stream_name":"stderr","time":198.176868264,"data":"  File \"\u003cfrozen importlib._bootstrap\u003e\", line 488, in _call_with_frames_removed\n"}
,{"stream_name":"stderr","time":198.176872981,"data":"  File \"/usr/local/lib/python3.12/dist-packages/transformers/models/clip/image_processing_clip.py\", line 21, in \u003cmodule\u003e\n"}
,{"stream_name":"stderr","time":198.177095659,"data":"    from ...image_processing_utils import BaseImageProcessor, BatchFeature, get_size_dict\n"}
,{"stream_name":"stderr","time":198.177111765,"data":"  File \"/usr/local/lib/python3.12/dist-packages/transformers/image_processing_utils.py\", line 21, in \u003cmodule\u003e\n"}
,{"stream_name":"stderr","time":198.177356895,"data":"    from .image_transforms import center_crop, normalize, rescale\n"}
,{"stream_name":"stderr","time":198.178240188,"data":"  File \"/usr/local/lib/python3.12/dist-packages/transformers/image_transforms.py\", line 22, in \u003cmodule\u003e\n"}
,{"stream_name":"stderr","time":198.178269445,"data":"    from .image_utils import (\n"}
,{"stream_name":"stderr","time":198.178275149,"data":"  File \"/usr/local/lib/python3.12/dist-packages/transformers/image_utils.py\", line 58, in \u003cmodule\u003e\n"}
,{"stream_name":"stderr","time":198.178279672,"data":"    from torchvision.transforms import InterpolationMode\n"}
,{"stream_name":"stderr","time":198.178284329,"data":"  File \"/usr/local/lib/python3.12/dist-packages/torchvision/__init__.py\", line 10, in \u003cmodule\u003e\n"}
,{"stream_name":"stderr","time":198.178289549,"data":"    from torchvision import _meta_registrations, datasets, io, models, ops, transforms, utils  # usort:skip\n"}
,{"stream_name":"stderr","time":198.178293824,"data":"    ^^^^^^^^^^^^^^^^^^^^^^^^^^^^^^^^^^^^^^^^^^^^^^^^^^^^^^^^^^^^^^^^^^^^^^^^^^^^^^^^^^^^^^^^^\n"}
,{"stream_name":"stderr","time":198.178297939,"data":"  File \"/usr/local/lib/python3.12/dist-packages/torchvision/_meta_registrations.py\", line 163, in \u003cmodule\u003e\n"}
,{"stream_name":"stderr","time":198.178306635,"data":"    @torch.library.register_fake(\"torchvision::nms\")\n"}
,{"stream_name":"stderr","time":198.178310517,"data":"     ^^^^^^^^^^^^^^^^^^^^^^^^^^^^^^^^^^^^^^^^^^^^^^^\n"}
,{"stream_name":"stderr","time":198.178324794,"data":"  File \"/usr/local/lib/python3.12/dist-packages/torch/library.py\", line 1262, in register\n"}
,{"stream_name":"stderr","time":198.178574492,"data":"    use_lib._register_fake(\n"}
,{"stream_name":"stderr","time":198.178583147,"data":"  File \"/usr/local/lib/python3.12/dist-packages/torch/library.py\", line 352, in _register_fake\n"}
,{"stream_name":"stderr","time":198.178810631,"data":"    handle = entry.fake_impl.register(\n"}
,{"stream_name":"stderr","time":198.178872314,"data":"             ^^^^^^^^^^^^^^^^^^^^^^^^^\n"}
,{"stream_name":"stderr","time":198.178931405,"data":"  File \"/usr/local/lib/python3.12/dist-packages/torch/_library/fake_impl.py\", line 87, in register\n"}
,{"stream_name":"stderr","time":198.179132864,"data":"    lib.impl(self.qualname, meta_kernel, \"Meta\", allow_override=allow_override)\n"}
,{"stream_name":"stderr","time":198.179164481,"data":"  File \"/usr/local/lib/python3.12/dist-packages/torch/library.py\", line 493, in impl\n"}
,{"stream_name":"stderr","time":198.179444333,"data":"    if torch._C._dispatch_has_kernel_for_dispatch_key(\n"}
,{"stream_name":"stderr","time":198.179543416,"data":"       ^^^^^^^^^^^^^^^^^^^^^^^^^^^^^^^^^^^^^^^^^^^^^^^\n"}
,{"stream_name":"stderr","time":198.179554868,"data":"RuntimeError: operator torchvision::nms does not exist\n"}
,{"stream_name":"stderr","time":198.179560971,"data":"\n"}
,{"stream_name":"stderr","time":198.17958784,"data":"The above exception was the direct cause of the following exception:\n"}
,{"stream_name":"stderr","time":198.179596558,"data":"\n"}
,{"stream_name":"stderr","time":198.179601852,"data":"Traceback (most recent call last):\n"}
,{"stream_name":"stderr","time":198.179611844,"data":"  File \"/usr/local/lib/python3.12/dist-packages/diffusers/utils/import_utils.py\", line 853, in _get_module\n"}
,{"stream_name":"stderr","time":198.180058577,"data":"    return importlib.import_module(\".\" + module_name, self.__name__)\n"}
,{"stream_name":"stderr","time":198.180222828,"data":"           ^^^^^^^^^^^^^^^^^^^^^^^^^^^^^^^^^^^^^^^^^^^^^^^^^^^^^^^^^\n"}
,{"stream_name":"stderr","time":198.180291114,"data":"  File \"/usr/lib/python3.12/importlib/__init__.py\", line 90, in import_module\n"}
,{"stream_name":"stderr","time":198.180474317,"data":"    return _bootstrap._gcd_import(name[level:], package, level)\n"}
,{"stream_name":"stderr","time":198.180604521,"data":"           ^^^^^^^^^^^^^^^^^^^^^^^^^^^^^^^^^^^^^^^^^^^^^^^^^^^^\n"}
,{"stream_name":"stderr","time":198.180660426,"data":"  File \"\u003cfrozen importlib._bootstrap\u003e\", line 1387, in _gcd_import\n"}
,{"stream_name":"stderr","time":198.180668409,"data":"  File \"\u003cfrozen importlib._bootstrap\u003e\", line 1360, in _find_and_load\n"}
,{"stream_name":"stderr","time":198.180674294,"data":"  File \"\u003cfrozen importlib._bootstrap\u003e\", line 1331, in _find_and_load_unlocked\n"}
,{"stream_name":"stderr","time":198.180679444,"data":"  File \"\u003cfrozen importlib._bootstrap\u003e\", line 935, in _load_unlocked\n"}
,{"stream_name":"stderr","time":198.180684538,"data":"  File \"\u003cfrozen importlib._bootstrap_external\u003e\", line 999, in exec_module\n"}
,{"stream_name":"stderr","time":198.180693961,"data":"  File \"\u003cfrozen importlib._bootstrap\u003e\", line 488, in _call_with_frames_removed\n"}
,{"stream_name":"stderr","time":198.180699518,"data":"  File \"/usr/local/lib/python3.12/dist-packages/diffusers/pipelines/stable_diffusion_xl/pipeline_stable_diffusion_xl.py\", line 19, in \u003cmodule\u003e\n"}
,{"stream_name":"stderr","time":198.180890421,"data":"    from transformers import (\n"}
,{"stream_name":"stderr","time":198.180899055,"data":"  File \"\u003cfrozen importlib._bootstrap\u003e\", line 1412, in _handle_fromlist\n"}
,{"stream_name":"stderr","time":198.180904704,"data":"  File \"/usr/local/lib/python3.12/dist-packages/transformers/utils/import_utils.py\", line 1767, in __getattr__\n"}
,{"stream_name":"stderr","time":198.181438131,"data":"    value = getattr(module, name)\n"}
,{"stream_name":"stderr","time":198.181537946,"data":"            ^^^^^^^^^^^^^^^^^^^^^\n"}
,{"stream_name":"stderr","time":198.181544427,"data":"  File \"/usr/local/lib/python3.12/dist-packages/transformers/utils/import_utils.py\", line 1766, in __getattr__\n"}
,{"stream_name":"stderr","time":198.18206462,"data":"    module = self._get_module(self._class_to_module[name])\n"}
,{"stream_name":"stderr","time":198.182225287,"data":"             ^^^^^^^^^^^^^^^^^^^^^^^^^^^^^^^^^^^^^^^^^^^^^\n"}
,{"stream_name":"stderr","time":198.18227469,"data":"  File \"/usr/local/lib/python3.12/dist-packages/transformers/utils/import_utils.py\", line 1780, in _get_module\n"}
,{"stream_name":"stderr","time":198.182737861,"data":"    raise RuntimeError(\n"}
,{"stream_name":"stderr","time":198.182746788,"data":"RuntimeError: Failed to import transformers.models.clip.image_processing_clip because of the following error (look up to see its traceback):\n"}
,{"stream_name":"stderr","time":198.182751758,"data":"operator torchvision::nms does not exist\n"}
,{"stream_name":"stderr","time":198.182756283,"data":"\n"}
,{"stream_name":"stderr","time":198.182760751,"data":"The above exception was the direct cause of the following exception:\n"}
,{"stream_name":"stderr","time":198.18277233,"data":"\n"}
,{"stream_name":"stderr","time":198.182775477,"data":"Traceback (most recent call last):\n"}
,{"stream_name":"stderr","time":198.18277815,"data":"  File \"/kaggle/src/script.py\", line 97, in \u003cmodule\u003e\n"}
,{"stream_name":"stderr","time":198.182953715,"data":"    if __name__=='__main__': raise SystemExit(main())\n"}
,{"stream_name":"stderr","time":198.183054641,"data":"                                              ^^^^^^\n"}
,{"stream_name":"stderr","time":198.183060663,"data":"  File \"/kaggle/src/script.py\", line 71, in main\n"}
,{"stream_name":"stderr","time":198.183254558,"data":"    from diffusers import StableDiffusionXLPipeline\n"}
,{"stream_name":"stderr","time":198.183267037,"data":"  File \"\u003cfrozen importlib._bootstrap\u003e\", line 1412, in _handle_fromlist\n"}
,{"stream_name":"stderr","time":198.183271942,"data":"  File \"/usr/local/lib/python3.12/dist-packages/diffusers/utils/import_utils.py\", line 844, in __getattr__\n"}
,{"stream_name":"stderr","time":198.183595101,"data":"    value = getattr(module, name)\n"}
,{"stream_name":"stderr","time":198.183661468,"data":"            ^^^^^^^^^^^^^^^^^^^^^\n"}
,{"stream_name":"stderr","time":198.183697763,"data":"  File \"/usr/local/lib/python3.12/dist-packages/diffusers/utils/import_utils.py\", line 844, in __getattr__\n"}
,{"stream_name":"stderr","time":198.184015981,"data":"    value = getattr(module, name)\n"}
,{"stream_name":"stderr","time":198.18405957,"data":"            ^^^^^^^^^^^^^^^^^^^^^\n"}
,{"stream_name":"stderr","time":198.184090086,"data":"  File \"/usr/local/lib/python3.12/dist-packages/diffusers/utils/import_utils.py\", line 843, in __getattr__\n"}
,{"stream_name":"stderr","time":198.184461643,"data":"    module = self._get_module(self._class_to_module[name])\n"}
,{"stream_name":"stderr","time":198.184610837,"data":"             ^^^^^^^^^^^^^^^^^^^^^^^^^^^^^^^^^^^^^^^^^^^^^\n"}
,{"stream_name":"stderr","time":198.184691336,"data":"  File \"/usr/local/lib/python3.12/dist-packages/diffusers/utils/import_utils.py\", line 855, in _get_module\n"}
,{"stream_name":"stderr","time":198.184992493,"data":"    raise RuntimeError(\n"}
,{"stream_name":"stderr","time":198.185000709,"data":"RuntimeError: Failed to import diffusers.pipelines.stable_diffusion_xl.pipeline_stable_diffusion_xl because of the following error (look up to see its traceback):\n"}
,{"stream_name":"stderr","time":198.185005376,"data":"Failed to import transformers.models.clip.image_processing_clip because of the following error (look up to see its traceback):\n"}
,{"stream_name":"stderr","time":198.185009708,"data":"operator torchvision::nms does not exist\n"}
,{"stream_name":"stderr","time":201.773136847,"data":"/usr/local/lib/python3.12/dist-packages/mistune.py:435: SyntaxWarning: invalid escape sequence '\\|'\n"}
,{"stream_name":"stderr","time":201.773181865,"data":"  cells[i][c] = re.sub('\\\\\\\\\\|', '|', cell)\n"}
,{"stream_name":"stderr","time":202.010137637,"data":"/usr/local/lib/python3.12/dist-packages/nbconvert/filters/filter_links.py:36: SyntaxWarning: invalid escape sequence '\\_'\n"}
,{"stream_name":"stderr","time":202.010165169,"data":"  text = re.sub(r'_', '\\_', text) # Escape underscores in display text\n"}
,{"stream_name":"stderr","time":202.70104963,"data":"[NbConvertApp] Converting notebook __script__.ipynb to html\n"}
,{"stream_name":"stderr","time":203.928437784,"data":"[NbConvertApp] Writing 309292 bytes to __results__.html\n"}
]
