[{"stream_name":"stdout","time":5.830663363,"data":"   ━━━━━━━━━━━━━━━━━━━━━━━━━━━━━━━━━━━━━━━━ 5.9/5.9 MB 59.8 MB/s eta 0:00:00\n"}
,{"stream_name":"stdout","time":5.939747741,"data":"   ━━━━━━━━━━━━━━━━━━━━━━━━━━━━━━━━━━━━━━━━ 12.1/12.1 MB 110.5 MB/s eta 0:00:00\n"}
,{"stream_name":"stdout","time":5.96025381,"data":"   ━━━━━━━━━━━━━━━━━━━━━━━━━━━━━━━━━━━━━━━━ 389.2/389.2 kB 28.0 MB/s eta 0:00:00\n"}
,{"stream_name":"stdout","time":5.981019883,"data":"   ━━━━━━━━━━━━━━━━━━━━━━━━━━━━━━━━━━━━━━━━ 516.0/516.0 kB 35.4 MB/s eta 0:00:00\n"}
,{"stream_name":"stdout","time":6.003639856,"data":"   ━━━━━━━━━━━━━━━━━━━━━━━━━━━━━━━━━━━━━━━━ 795.8/795.8 kB 47.8 MB/s eta 0:00:00\n"}
,{"stream_name":"stdout","time":6.044146581,"data":"   ━━━━━━━━━━━━━━━━━━━━━━━━━━━━━━━━━━━━━━━━ 3.3/3.3 MB 98.4 MB/s eta 0:00:00\n"}
,{"stream_name":"stdout","time":6.063781658,"data":"   ━━━━━━━━━━━━━━━━━━━━━━━━━━━━━━━━━━━━━━━━ 125.3/125.3 kB 9.0 MB/s eta 0:00:00\n"}
,{"stream_name":"stdout","time":6.111549096,"data":"   ━━━━━━━━━━━━━━━━━━━━━━━━━━━━━━━━━━━━━━━━ 4.5/4.5 MB 107.4 MB/s eta 0:00:00\n"}
,{"stream_name":"stderr","time":26.571576652,"data":"ERROR: pip's dependency resolver does not currently take into account all the packages that are installed. This behaviour is the source of the following dependency conflicts.\n"}
,{"stream_name":"stderr","time":26.571640717,"data":"google-adk 1.29.0 requires google-cloud-bigquery-storage\u003e=2.0.0, which is not installed.\n"}
,{"stream_name":"stdout","time":55.046722246,"data":"Character turnaround unavailable; using canonical bridge frame as visual lock: OSError: broken data stream when reading image file\n"}
,{"stream_name":"stderr","time":55.047001244,"data":"/usr/local/lib/python3.12/dist-packages/diffusers/utils/deprecation_utils.py:23: FutureWarning: `torch_dtype` is deprecated and will be removed in version 1.0.0. Please use `dtype` instead.\n"}
,{"stream_name":"stderr","time":55.047017011,"data":"  deprecate(\"torch_dtype\", \"1.0.0\", _TORCH_DTYPE_DEPRECATION_MESSAGE)\n"}
,{"stream_name":"stderr","time":55.176176787,"data":"Warning: You are sending unauthenticated requests to the HF Hub. Please set a HF_TOKEN to enable higher rate limits and faster downloads.\n"}
,{"stream_name":"stderr","time":55.176209522,"data":"WARNING:huggingface_hub.utils._http:Warning: You are sending unauthenticated requests to the HF Hub. Please set a HF_TOKEN to enable higher rate limits and faster downloads.\n"}
,{"stream_name":"stderr","time":90.888773704,"data":"\rFetching 19 files:   0%|          | 0/19 [00:00\u003c?, ?it/s]\rFetching 19 files:  42%|████▏     | 8/19 [00:00\u003c00:00, 74.23it/s]\rFetching 19 files:  84%|████████▍ | 16/19 [00:05\u003c00:01,  2.72it/s]\rFetching 19 files:  89%|████████▉ | 17/19 [00:19\u003c00:00,  2.72it/s]\rFetching 19 files:  95%|█████████▍| 18/19 [00:23\u003c00:01,  1.91s/it]\rFetching 19 files: 100%|██████████| 19/19 [00:35\u003c00:00,  3.03s/it]\rFetching 19 files: 100%|██████████| 19/19 [00:35\u003c00:00,  1.88s/it]\n"}
,{"stream_name":"stderr","time":91.101776949,"data":"\rLoading pipeline components...:   0%|          | 0/7 [00:00\u003c?, ?it/s]\n"}
,{"stream_name":"stderr","time":91.202760829,"data":"\rLoading weights:   0%|          | 0/517 [00:00\u003c?, ?it/s]\u001b[A\n"}
,{"stream_name":"stderr","time":91.298108444,"data":"\rLoading weights:  50%|█████     | 260/517 [00:00\u003c00:00, 2582.84it/s]\u001b[A\rLoading weights: 100%|██████████| 517/517 [00:00\u003c00:00, 2637.64it/s]\n"}
,{"stream_name":"stderr","time":93.075231459,"data":"\rLoading pipeline components...:  14%|█▍        | 1/7 [00:00\u003c00:02,  2.39it/s]\rLoading pipeline components...:  29%|██▊       | 2/7 [00:01\u003c00:03,  1.27it/s]\rLoading pipeline components...:  43%|████▎     | 3/7 [00:01\u003c00:02,  1.81it/s]\rLoading pipeline components...:  57%|█████▋    | 4/7 [00:01\u003c00:01,  2.33it/s]\rLoading pipeline components...:  86%|████████▌ | 6/7 [00:02\u003c00:00,  4.16it/s]\n"}
,{"stream_name":"stderr","time":93.150095043,"data":"\rLoading weights:   0%|          | 0/196 [00:00\u003c?, ?it/s]\u001b[A\rLoading weights: 100%|██████████| 196/196 [00:00\u003c00:00, 2637.45it/s]\n"}
,{"stream_name":"stderr","time":93.154721053,"data":"\rLoading pipeline components...: 100%|██████████| 7/7 [00:02\u003c00:00,  4.70it/s]\rLoading pipeline components...: 100%|██████████| 7/7 [00:02\u003c00:00,  3.09it/s]\n"}
,{"stream_name":"stderr","time":105.69759123,"data":"\rLoading weights:   0%|          | 0/776 [00:00\u003c?, ?it/s]\rLoading weights:  31%|███       | 237/776 [00:00\u003c00:00, 2369.36it/s]\rLoading weights:  61%|██████    | 474/776 [00:00\u003c00:00, 2279.50it/s]\rLoading weights:  91%|█████████▏| 709/776 [00:00\u003c00:00, 2308.91it/s]\rLoading weights: 100%|██████████| 776/776 [00:00\u003c00:00, 2339.69it/s]\n"}
,{"stream_name":"stderr","time":106.320557713,"data":"There are modules in UNet2DConditionModel that should be kept in float32: []. Casting directly with `to()` can lead to inconsistent results; set `torch_dtype` in `from_pretrained()` instead to keep these modules in float32.\n"}
,{"stream_name":"stderr","time":106.483021568,"data":"[transformers] Token indices sequence length is longer than the specified maximum sequence length for this model (248 \u003e 77). Running this sequence through the model will result in indexing errors\n"}
,{"stream_name":"stderr","time":106.487544492,"data":"[transformers] Ignoring clean_up_tokenization_spaces=True for BPE tokenizer CLIPTokenizer. The clean_up_tokenization post-processing step is designed for WordPiece tokenizers and is destructive for BPE (it strips spaces before punctuation). Set clean_up_tokenization_spaces=False to suppress this warning, or set clean_up_tokenization_spaces_for_bpe_even_though_it_will_corrupt_output=True to force cleanup anyway.\n"}
,{"stream_name":"stderr","time":106.487573213,"data":"The following part of your input was truncated because CLIP can only handle sequences up to 77 tokens: [\"warm smile . captain pip : smallest coral - red alien , two short antennae , oversized dark navy rescue - captain jacket with gold trim and epaulettes , serious face . earth child : brown tousled hair , orange hoodie over blue shirt , shorts , colourful trainers , small blue backpack . preserve their exact colours , silhouettes , accessories and relative body proportions . original polished 3 d children 's comedy animation , tactile rounded materials , warm cinematic lighting , 1 6 : 9 landscape . inside the exact same tiny colourful alien spaceship bridge . beautiful blue - and - green earth fills the large front window . captain pip points dramatically toward earth . bloop leans excitedly toward the glass . zig checks tools on his brown gadget belt . momo gives earth a gentle friendly wave . same spaceship architecture as the approved red - alert frame . single production frame only . no text .\"]\n"}
,{"stream_name":"stderr","time":107.302766812,"data":"[transformers] Token indices sequence length is longer than the specified maximum sequence length for this model (248 \u003e 77). Running this sequence through the model will result in indexing errors\n"}
,{"stream_name":"stderr","time":107.309517995,"data":"The following part of your input was truncated because CLIP can only handle sequences up to 77 tokens: [\"warm smile . captain pip : smallest coral - red alien , two short antennae , oversized dark navy rescue - captain jacket with gold trim and epaulettes , serious face . earth child : brown tousled hair , orange hoodie over blue shirt , shorts , colourful trainers , small blue backpack . preserve their exact colours , silhouettes , accessories and relative body proportions . original polished 3 d children 's comedy animation , tactile rounded materials , warm cinematic lighting , 1 6 : 9 landscape . inside the exact same tiny colourful alien spaceship bridge . beautiful blue - and - green earth fills the large front window . captain pip points dramatically toward earth . bloop leans excitedly toward the glass . zig checks tools on his brown gadget belt . momo gives earth a gentle friendly wave . same spaceship architecture as the approved red - alert frame . single production frame only . no text .\"]\n"}
,{"stream_name":"stderr","time":108.372187543,"data":"There are modules in AutoencoderKL that should be kept in float32: []. Casting directly with `to()` can lead to inconsistent results; set `torch_dtype` in `from_pretrained()` instead to keep these modules in float32.\n"}
,{"stream_name":"stderr","time":109.510014236,"data":"There are modules in AutoencoderKL that should be kept in float32: []. Casting directly with `to()` can lead to inconsistent results; set `torch_dtype` in `from_pretrained()` instead to keep these modules in float32.\n"}
,{"stream_name":"stderr","time":118.60568588,"data":"\r  0%|          | 0/12 [00:00\u003c?, ?it/s]\r  0%|          | 0/12 [00:06\u003c?, ?it/s]\n"}
,{"stream_name":"stderr","time":118.617726208,"data":"The following part of your input was truncated because CLIP can only handle sequences up to 77 tokens: [\"warm smile . captain pip : smallest coral - red alien , two short antennae , oversized dark navy rescue - captain jacket with gold trim and epaulettes , serious face . earth child : brown tousled hair , orange hoodie over blue shirt , shorts , colourful trainers , small blue backpack . preserve their exact colours , silhouettes , accessories and relative body proportions . original polished 3 d children 's comedy animation , tactile rounded materials , warm cinematic lighting , 1 6 : 9 landscape . sunny colourful neighbourhood park on earth . the crew 's same small rounded alien rescue spaceship has made a funny harmless landing , gently bounced through a soft hedge and stopped crooked in a flowerbed . leaves float in the air , hatch opening , bloop peeks out upside down . no injuries or damage , playful physical comedy , blue sky , green trees . single production frame only . no text .\"]\n"}
,{"stream_name":"stderr","time":118.698900041,"data":"The following part of your input was truncated because CLIP can only handle sequences up to 77 tokens: [\"warm smile . captain pip : smallest coral - red alien , two short antennae , oversized dark navy rescue - captain jacket with gold trim and epaulettes , serious face . earth child : brown tousled hair , orange hoodie over blue shirt , shorts , colourful trainers , small blue backpack . preserve their exact colours , silhouettes , accessories and relative body proportions . original polished 3 d children 's comedy animation , tactile rounded materials , warm cinematic lighting , 1 6 : 9 landscape . sunny colourful neighbourhood park on earth . the crew 's same small rounded alien rescue spaceship has made a funny harmless landing , gently bounced through a soft hedge and stopped crooked in a flowerbed . leaves float in the air , hatch opening , bloop peeks out upside down . no injuries or damage , playful physical comedy , blue sky , green trees . single production frame only . no text .\"]\n"}
,{"stream_name":"stderr","time":119.382432772,"data":"There are modules in AutoencoderKL that should be kept in float32: []. Casting directly with `to()` can lead to inconsistent results; set `torch_dtype` in `from_pretrained()` instead to keep these modules in float32.\n"}
,{"stream_name":"stderr","time":124.065724211,"data":"There are modules in AutoencoderKL that should be kept in float32: []. Casting directly with `to()` can lead to inconsistent results; set `torch_dtype` in `from_pretrained()` instead to keep these modules in float32.\n"}
,{"stream_name":"stderr","time":130.001357578,"data":"\r  0%|          | 0/23 [00:00\u003c?, ?it/s]\r  0%|          | 0/23 [00:03\u003c?, ?it/s]\n"}
,{"stream_name":"stderr","time":130.013948899,"data":"The following part of your input was truncated because CLIP can only handle sequences up to 77 tokens: [\"warm smile . captain pip : smallest coral - red alien , two short antennae , oversized dark navy rescue - captain jacket with gold trim and epaulettes , serious face . earth child : brown tousled hair , orange hoodie over blue shirt , shorts , colourful trainers , small blue backpack . preserve their exact colours , silhouettes , accessories and relative body proportions . original polished 3 d children 's comedy animation , tactile rounded materials , warm cinematic lighting , 1 6 : 9 landscape . sunny park beside the landed alien spaceship . the canonical human child faces the four canonical alien rescuers for the first time . captain pip takes two tiny determined steps forward . bloop peeks curiously beside momo . zig holds a small scanner . momo stands warmly behind them . child is surprised , curious and unafraid . clean medium - wide group composition . single production frame only . no text .\"]\n"}
,{"stream_name":"stderr","time":130.096641592,"data":"The following part of your input was truncated because CLIP can only handle sequences up to 77 tokens: [\"warm smile . captain pip : smallest coral - red alien , two short antennae , oversized dark navy rescue - captain jacket with gold trim and epaulettes , serious face . earth child : brown tousled hair , orange hoodie over blue shirt , shorts , colourful trainers , small blue backpack . preserve their exact colours , silhouettes , accessories and relative body proportions . original polished 3 d children 's comedy animation , tactile rounded materials , warm cinematic lighting , 1 6 : 9 landscape . sunny park beside the landed alien spaceship . the canonical human child faces the four canonical alien rescuers for the first time . captain pip takes two tiny determined steps forward . bloop peeks curiously beside momo . zig holds a small scanner . momo stands warmly behind them . child is surprised , curious and unafraid . clean medium - wide group composition . single production frame only . no text .\"]\n"}
,{"stream_name":"stderr","time":130.73891694,"data":"There are modules in AutoencoderKL that should be kept in float32: []. Casting directly with `to()` can lead to inconsistent results; set `torch_dtype` in `from_pretrained()` instead to keep these modules in float32.\n"}
,{"stream_name":"stderr","time":132.652034457,"data":"There are modules in AutoencoderKL that should be kept in float32: []. Casting directly with `to()` can lead to inconsistent results; set `torch_dtype` in `from_pretrained()` instead to keep these modules in float32.\n"}
,{"stream_name":"stderr","time":136.473613051,"data":"\r  0%|          | 0/22 [00:00\u003c?, ?it/s]\r  0%|          | 0/22 [00:02\u003c?, ?it/s]\n"}
,{"stream_name":"stderr","time":136.485847654,"data":"The following part of your input was truncated because CLIP can only handle sequences up to 77 tokens: [\"warm smile . captain pip : smallest coral - red alien , two short antennae , oversized dark navy rescue - captain jacket with gold trim and epaulettes , serious face . earth child : brown tousled hair , orange hoodie over blue shirt , shorts , colourful trainers , small blue backpack . preserve their exact colours , silhouettes , accessories and relative body proportions . original polished 3 d children 's comedy animation , tactile rounded materials , warm cinematic lighting , 1 6 : 9 landscape . a colourful red yellow and blue child 's kite is harmlessly stuck high in a leafy park tree . in the foreground captain pip , bloop , zig and momo stare upward in exaggerated horror as if witnessing a planetary catastrophe . the canonical child stands beside them giving a small confused shrug because it is only a kite . sunny safe park . single production frame only . no text .\"]\n"}
,{"stream_name":"stderr","time":136.567211981,"data":"The following part of your input was truncated because CLIP can only handle sequences up to 77 tokens: [\"warm smile . captain pip : smallest coral - red alien , two short antennae , oversized dark navy rescue - captain jacket with gold trim and epaulettes , serious face . earth child : brown tousled hair , orange hoodie over blue shirt , shorts , colourful trainers , small blue backpack . preserve their exact colours , silhouettes , accessories and relative body proportions . original polished 3 d children 's comedy animation , tactile rounded materials , warm cinematic lighting , 1 6 : 9 landscape . a colourful red yellow and blue child 's kite is harmlessly stuck high in a leafy park tree . in the foreground captain pip , bloop , zig and momo stare upward in exaggerated horror as if witnessing a planetary catastrophe . the canonical child stands beside them giving a small confused shrug because it is only a kite . sunny safe park . single production frame only . no text .\"]\n"}
,{"stream_name":"stderr","time":137.195401659,"data":"There are modules in AutoencoderKL that should be kept in float32: []. Casting directly with `to()` can lead to inconsistent results; set `torch_dtype` in `from_pretrained()` instead to keep these modules in float32.\n"}
,{"stream_name":"stderr","time":139.055360735,"data":"There are modules in AutoencoderKL that should be kept in float32: []. Casting directly with `to()` can lead to inconsistent results; set `torch_dtype` in `from_pretrained()` instead to keep these modules in float32.\n"}
,{"stream_name":"stderr","time":142.891071692,"data":"\r  0%|          | 0/22 [00:00\u003c?, ?it/s]\r  0%|          | 0/22 [00:02\u003c?, ?it/s]\n"}
,{"stream_name":"stderr","time":142.903534297,"data":"The following part of your input was truncated because CLIP can only handle sequences up to 77 tokens: [\"warm smile . captain pip : smallest coral - red alien , two short antennae , oversized dark navy rescue - captain jacket with gold trim and epaulettes , serious face . earth child : brown tousled hair , orange hoodie over blue shirt , shorts , colourful trainers , small blue backpack . preserve their exact colours , silhouettes , accessories and relative body proportions . original polished 3 d children 's comedy animation , tactile rounded materials , warm cinematic lighting , 1 6 : 9 landscape . at the base of the kite tree , canonical zig proudly kneels beside a compact colourful alien rescue gadget with several folded mechanical arms . zig looks extremely confident . captain pip watches with grave seriousness , bloop leans in excitedly , the child watches cautiously , and momo calmly stands behind them . clean readable setup for a ridiculous invention . single production frame only . no text .\"]\n"}
,{"stream_name":"stderr","time":142.985133845,"data":"The following part of your input was truncated because CLIP can only handle sequences up to 77 tokens: [\"warm smile . captain pip : smallest coral - red alien , two short antennae , oversized dark navy rescue - captain jacket with gold trim and epaulettes , serious face . earth child : brown tousled hair , orange hoodie over blue shirt , shorts , colourful trainers , small blue backpack . preserve their exact colours , silhouettes , accessories and relative body proportions . original polished 3 d children 's comedy animation , tactile rounded materials , warm cinematic lighting , 1 6 : 9 landscape . at the base of the kite tree , canonical zig proudly kneels beside a compact colourful alien rescue gadget with several folded mechanical arms . zig looks extremely confident . captain pip watches with grave seriousness , bloop leans in excitedly , the child watches cautiously , and momo calmly stands behind them . clean readable setup for a ridiculous invention . single production frame only . no text .\"]\n"}
,{"stream_name":"stderr","time":143.612111063,"data":"There are modules in AutoencoderKL that should be kept in float32: []. Casting directly with `to()` can lead to inconsistent results; set `torch_dtype` in `from_pretrained()` instead to keep these modules in float32.\n"}
,{"stream_name":"stderr","time":145.462479962,"data":"There are modules in AutoencoderKL that should be kept in float32: []. Casting directly with `to()` can lead to inconsistent results; set `torch_dtype` in `from_pretrained()` instead to keep these modules in float32.\n"}
,{"stream_name":"stderr","time":149.249968754,"data":"\r  0%|          | 0/23 [00:00\u003c?, ?it/s]\r  0%|          | 0/23 [00:02\u003c?, ?it/s]\n"}
,{"stream_name":"stderr","time":149.262642887,"data":"The following part of your input was truncated because CLIP can only handle sequences up to 77 tokens: [\"warm smile . captain pip : smallest coral - red alien , two short antennae , oversized dark navy rescue - captain jacket with gold trim and epaulettes , serious face . earth child : brown tousled hair , orange hoodie over blue shirt , shorts , colourful trainers , small blue backpack . preserve their exact colours , silhouettes , accessories and relative body proportions . original polished 3 d children 's comedy animation , tactile rounded materials , warm cinematic lighting , 1 6 : 9 landscape . same park tree and same rescue gadget , now spinning too enthusiastically in a small harmless circle with mechanical arms pointing the wrong ways and colourful leaves blowing everywhere . canonical bloop chases it , zig looks shocked his invention went off - plan , captain pip points and gives urgent instructions , the child watches amused and confused , momo remains completely calm . energetic but safe comedy . single production frame only . no text .\"]\n"}
,{"stream_name":"stderr","time":149.343835163,"data":"The following part of your input was truncated because CLIP can only handle sequences up to 77 tokens: [\"warm smile . captain pip : smallest coral - red alien , two short antennae , oversized dark navy rescue - captain jacket with gold trim and epaulettes , serious face . earth child : brown tousled hair , orange hoodie over blue shirt , shorts , colourful trainers , small blue backpack . preserve their exact colours , silhouettes , accessories and relative body proportions . original polished 3 d children 's comedy animation , tactile rounded materials , warm cinematic lighting , 1 6 : 9 landscape . same park tree and same rescue gadget , now spinning too enthusiastically in a small harmless circle with mechanical arms pointing the wrong ways and colourful leaves blowing everywhere . canonical bloop chases it , zig looks shocked his invention went off - plan , captain pip points and gives urgent instructions , the child watches amused and confused , momo remains completely calm . energetic but safe comedy . single production frame only . no text .\"]\n"}
,{"stream_name":"stderr","time":149.965618659,"data":"There are modules in AutoencoderKL that should be kept in float32: []. Casting directly with `to()` can lead to inconsistent results; set `torch_dtype` in `from_pretrained()` instead to keep these modules in float32.\n"}
,{"stream_name":"stderr","time":151.847936456,"data":"There are modules in AutoencoderKL that should be kept in float32: []. Casting directly with `to()` can lead to inconsistent results; set `torch_dtype` in `from_pretrained()` instead to keep these modules in float32.\n"}
,{"stream_name":"stderr","time":155.67874434,"data":"\r  0%|          | 0/24 [00:00\u003c?, ?it/s]\r  0%|          | 0/24 [00:02\u003c?, ?it/s]\n"}
,{"stream_name":"stderr","time":155.691090057,"data":"The following part of your input was truncated because CLIP can only handle sequences up to 77 tokens: [\"warm smile . captain pip : smallest coral - red alien , two short antennae , oversized dark navy rescue - captain jacket with gold trim and epaulettes , serious face . earth child : brown tousled hair , orange hoodie over blue shirt , shorts , colourful trainers , small blue backpack . preserve their exact colours , silhouettes , accessories and relative body proportions . original polished 3 d children 's comedy animation , tactile rounded materials , warm cinematic lighting , 1 6 : 9 landscape . quiet comedic beat beneath the tree after gadget chaos . canonical huge fluffy lavender momo stands closest to the branch and simply stretches one enormous gentle arm upward to take the colourful kite free . the child waits beside him smiling . captain pip , bloop and zig are frozen in stunned silence in the background . warm wholesome composition . single production frame only . no text .\"]\n"}
,{"stream_name":"stderr","time":155.774053087,"data":"The following part of your input was truncated because CLIP can only handle sequences up to 77 tokens: [\"warm smile . captain pip : smallest coral - red alien , two short antennae , oversized dark navy rescue - captain jacket with gold trim and epaulettes , serious face . earth child : brown tousled hair , orange hoodie over blue shirt , shorts , colourful trainers , small blue backpack . preserve their exact colours , silhouettes , accessories and relative body proportions . original polished 3 d children 's comedy animation , tactile rounded materials , warm cinematic lighting , 1 6 : 9 landscape . quiet comedic beat beneath the tree after gadget chaos . canonical huge fluffy lavender momo stands closest to the branch and simply stretches one enormous gentle arm upward to take the colourful kite free . the child waits beside him smiling . captain pip , bloop and zig are frozen in stunned silence in the background . warm wholesome composition . single production frame only . no text .\"]\n"}
,{"stream_name":"stderr","time":156.418910756,"data":"There are modules in AutoencoderKL that should be kept in float32: []. Casting directly with `to()` can lead to inconsistent results; set `torch_dtype` in `from_pretrained()` instead to keep these modules in float32.\n"}
,{"stream_name":"stderr","time":158.296566727,"data":"There are modules in AutoencoderKL that should be kept in float32: []. Casting directly with `to()` can lead to inconsistent results; set `torch_dtype` in `from_pretrained()` instead to keep these modules in float32.\n"}
,{"stream_name":"stderr","time":162.143376011,"data":"\r  0%|          | 0/22 [00:00\u003c?, ?it/s]\r  0%|          | 0/22 [00:02\u003c?, ?it/s]\n"}
,{"stream_name":"stderr","time":162.15628385,"data":"The following part of your input was truncated because CLIP can only handle sequences up to 77 tokens: [\"warm smile . captain pip : smallest coral - red alien , two short antennae , oversized dark navy rescue - captain jacket with gold trim and epaulettes , serious face . earth child : brown tousled hair , orange hoodie over blue shirt , shorts , colourful trainers , small blue backpack . preserve their exact colours , silhouettes , accessories and relative body proportions . original polished 3 d children 's comedy animation , tactile rounded materials , warm cinematic lighting , 1 6 : 9 landscape . sunny park celebration . the canonical child happily holds the rescued kite while the four canonical aliens celebrate as if they saved an entire planet . captain pip strikes a tiny heroic pose , bloop jumps with joy , zig proudly adjusts his brown goggles , momo claps his huge fluffy hands gently . bright uplifting wide composition . single production frame only . no text .\"]\n"}
,{"stream_name":"stderr","time":162.239200862,"data":"The following part of your input was truncated because CLIP can only handle sequences up to 77 tokens: [\"warm smile . captain pip : smallest coral - red alien , two short antennae , oversized dark navy rescue - captain jacket with gold trim and epaulettes , serious face . earth child : brown tousled hair , orange hoodie over blue shirt , shorts , colourful trainers , small blue backpack . preserve their exact colours , silhouettes , accessories and relative body proportions . original polished 3 d children 's comedy animation , tactile rounded materials , warm cinematic lighting , 1 6 : 9 landscape . sunny park celebration . the canonical child happily holds the rescued kite while the four canonical aliens celebrate as if they saved an entire planet . captain pip strikes a tiny heroic pose , bloop jumps with joy , zig proudly adjusts his brown goggles , momo claps his huge fluffy hands gently . bright uplifting wide composition . single production frame only . no text .\"]\n"}
,{"stream_name":"stderr","time":162.870651998,"data":"There are modules in AutoencoderKL that should be kept in float32: []. Casting directly with `to()` can lead to inconsistent results; set `torch_dtype` in `from_pretrained()` instead to keep these modules in float32.\n"}
,{"stream_name":"stderr","time":164.746474091,"data":"There are modules in AutoencoderKL that should be kept in float32: []. Casting directly with `to()` can lead to inconsistent results; set `torch_dtype` in `from_pretrained()` instead to keep these modules in float32.\n"}
,{"stream_name":"stderr","time":168.587035008,"data":"\r  0%|          | 0/22 [00:00\u003c?, ?it/s]\r  0%|          | 0/22 [00:02\u003c?, ?it/s]\n"}
,{"stream_name":"stderr","time":168.599445016,"data":"The following part of your input was truncated because CLIP can only handle sequences up to 77 tokens: [\"warm smile . captain pip : smallest coral - red alien , two short antennae , oversized dark navy rescue - captain jacket with gold trim and epaulettes , serious face . earth child : brown tousled hair , orange hoodie over blue shirt , shorts , colourful trainers , small blue backpack . preserve their exact colours , silhouettes , accessories and relative body proportions . original polished 3 d children 's comedy animation , tactile rounded materials , warm cinematic lighting , 1 6 : 9 landscape . comedy setup in the park after the celebration . canonical bloop holds a small colourful alien snack while one cheeky ordinary grey pigeon steals it . bloop freezes in disbelief . captain pip , zig and momo turn toward the pigeon . the canonical child is nearby holding the kite . clear readable visual gag , no aggressive chase . single production frame only . no text .\"]\n"}
,{"stream_name":"stderr","time":168.680495571,"data":"The following part of your input was truncated because CLIP can only handle sequences up to 77 tokens: [\"warm smile . captain pip : smallest coral - red alien , two short antennae , oversized dark navy rescue - captain jacket with gold trim and epaulettes , serious face . earth child : brown tousled hair , orange hoodie over blue shirt , shorts , colourful trainers , small blue backpack . preserve their exact colours , silhouettes , accessories and relative body proportions . original polished 3 d children 's comedy animation , tactile rounded materials , warm cinematic lighting , 1 6 : 9 landscape . comedy setup in the park after the celebration . canonical bloop holds a small colourful alien snack while one cheeky ordinary grey pigeon steals it . bloop freezes in disbelief . captain pip , zig and momo turn toward the pigeon . the canonical child is nearby holding the kite . clear readable visual gag , no aggressive chase . single production frame only . no text .\"]\n"}
,{"stream_name":"stderr","time":169.311527973,"data":"There are modules in AutoencoderKL that should be kept in float32: []. Casting directly with `to()` can lead to inconsistent results; set `torch_dtype` in `from_pretrained()` instead to keep these modules in float32.\n"}
,{"stream_name":"stderr","time":171.184018955,"data":"There are modules in AutoencoderKL that should be kept in float32: []. Casting directly with `to()` can lead to inconsistent results; set `torch_dtype` in `from_pretrained()` instead to keep these modules in float32.\n"}
,{"stream_name":"stderr","time":174.989079203,"data":"\r  0%|          | 0/24 [00:00\u003c?, ?it/s]\r  0%|          | 0/24 [00:02\u003c?, ?it/s]\n"}
,{"stream_name":"stdout","time":174.989684887,"data":"{\n"}
,{"stream_name":"stdout","time":174.989719189,"data":"  \"show\": \"Earth Needs Help\",\n"}
,{"stream_name":"stdout","time":174.989726292,"data":"  \"episode\": \"001\",\n"}
,{"stream_name":"stdout","time":174.989732013,"data":"  \"reference_mode\": \"canonical bridge frame + canonical turnaround when readable; bridge-frame fallback otherwise\",\n"}
,{"stream_name":"stdout","time":174.989750071,"data":"  \"reference_repaired\": true,\n"}
,{"stream_name":"stdout","time":174.989755401,"data":"  \"character_sheet_repaired\": false,\n"}
,{"stream_name":"stdout","time":174.989760433,"data":"  \"character_sheet_error\": \"OSError: broken data stream when reading image file\",\n"}
,{"stream_name":"stdout","time":174.989765058,"data":"  \"ip_adapter_ready\": true,\n"}
,{"stream_name":"stdout","time":174.989770096,"data":"  \"ip_adapter_error\": null,\n"}
,{"stream_name":"stdout","time":174.98977502,"data":"  \"gpu\": \"Tesla T4\",\n"}
,{"stream_name":"stdout","time":174.989780128,"data":"  \"shots\": [\n"}
,{"stream_name":"stdout","time":174.98978443,"data":"    {\n"}
,{"stream_name":"stdout","time":174.989788658,"data":"      \"id\": \"002\",\n"}
,{"stream_name":"stdout","time":174.98979298,"data":"      \"success\": false,\n"}
,{"stream_name":"stdout","time":174.989797433,"data":"      \"error\": \"RuntimeError: mat1 and mat2 shapes cannot be multiplied (514x1664 and 1280x1280)\"\n"}
,{"stream_name":"stdout","time":174.989802172,"data":"    },\n"}
,{"stream_name":"stdout","time":174.989809928,"data":"    {\n"}
,{"stream_name":"stdout","time":174.989813198,"data":"      \"id\": \"003\",\n"}
,{"stream_name":"stdout","time":174.989816142,"data":"      \"success\": false,\n"}
,{"stream_name":"stdout","time":174.989819143,"data":"      \"error\": \"RuntimeError: mat1 and mat2 shapes cannot be multiplied (514x1664 and 1280x1280)\"\n"}
,{"stream_name":"stdout","time":174.989822226,"data":"    },\n"}
,{"stream_name":"stdout","time":174.989825114,"data":"    {\n"}
,{"stream_name":"stdout","time":174.989828025,"data":"      \"id\": \"004\",\n"}
,{"stream_name":"stdout","time":174.989830935,"data":"      \"success\": false,\n"}
,{"stream_name":"stdout","time":174.989833877,"data":"      \"error\": \"RuntimeError: mat1 and mat2 shapes cannot be multiplied (514x1664 and 1280x1280)\"\n"}
,{"stream_name":"stdout","time":174.989836892,"data":"    },\n"}
,{"stream_name":"stdout","time":174.989839735,"data":"    {\n"}
,{"stream_name":"stdout","time":174.989842665,"data":"      \"id\": \"005\",\n"}
,{"stream_name":"stdout","time":174.989856486,"data":"      \"success\": false,\n"}
,{"stream_name":"stdout","time":174.989862363,"data":"      \"error\": \"RuntimeError: mat1 and mat2 shapes cannot be multiplied (514x1664 and 1280x1280)\"\n"}
,{"stream_name":"stdout","time":174.989867755,"data":"    },\n"}
,{"stream_name":"stdout","time":174.989872884,"data":"    {\n"}
,{"stream_name":"stdout","time":174.989877152,"data":"      \"id\": \"006a\",\n"}
,{"stream_name":"stdout","time":174.989892407,"data":"      \"success\": false,\n"}
,{"stream_name":"stdout","time":174.989895917,"data":"      \"error\": \"RuntimeError: mat1 and mat2 shapes cannot be multiplied (514x1664 and 1280x1280)\"\n"}
,{"stream_name":"stdout","time":174.989900088,"data":"    },\n"}
,{"stream_name":"stdout","time":174.989903624,"data":"    {\n"}
,{"stream_name":"stdout","time":174.989907782,"data":"      \"id\": \"006b\",\n"}
,{"stream_name":"stdout","time":174.989910863,"data":"      \"success\": false,\n"}
,{"stream_name":"stdout","time":174.989914612,"data":"      \"error\": \"RuntimeError: mat1 and mat2 shapes cannot be multiplied (514x1664 and 1280x1280)\"\n"}
,{"stream_name":"stdout","time":174.989917781,"data":"    },\n"}
,{"stream_name":"stdout","time":174.989920753,"data":"    {\n"}
,{"stream_name":"stdout","time":174.98992375,"data":"      \"id\": \"007\",\n"}
,{"stream_name":"stdout","time":174.9899306,"data":"      \"success\": false,\n"}
,{"stream_name":"stdout","time":174.989934046,"data":"      \"error\": \"RuntimeError: mat1 and mat2 shapes cannot be multiplied (514x1664 and 1280x1280)\"\n"}
,{"stream_name":"stdout","time":174.989937394,"data":"    },\n"}
,{"stream_name":"stdout","time":174.989941656,"data":"    {\n"}
,{"stream_name":"stdout","time":174.98994516,"data":"      \"id\": \"008\",\n"}
,{"stream_name":"stdout","time":174.989958118,"data":"      \"success\": false,\n"}
,{"stream_name":"stdout","time":174.989962188,"data":"      \"error\": \"RuntimeError: mat1 and mat2 shapes cannot be multiplied (514x1664 and 1280x1280)\"\n"}
,{"stream_name":"stdout","time":174.98996562,"data":"    },\n"}
,{"stream_name":"stdout","time":174.989969489,"data":"    {\n"}
,{"stream_name":"stdout","time":174.989973472,"data":"      \"id\": \"009\",\n"}
,{"stream_name":"stdout","time":174.989977108,"data":"      \"success\": false,\n"}
,{"stream_name":"stdout","time":174.989981045,"data":"      \"error\": \"RuntimeError: mat1 and mat2 shapes cannot be multiplied (514x1664 and 1280x1280)\"\n"}
,{"stream_name":"stdout","time":174.989985388,"data":"    }\n"}
,{"stream_name":"stdout","time":174.989988735,"data":"  ],\n"}
,{"stream_name":"stdout","time":174.990005653,"data":"  \"elapsed_seconds\": 174.17\n"}
,{"stream_name":"stdout","time":174.990013776,"data":"}\n"}
,{"stream_name":"stderr","time":180.889082062,"data":"/usr/local/lib/python3.12/dist-packages/mistune.py:435: SyntaxWarning: invalid escape sequence '\\|'\n"}
,{"stream_name":"stderr","time":180.889121223,"data":"  cells[i][c] = re.sub('\\\\\\\\\\|', '|', cell)\n"}
,{"stream_name":"stderr","time":181.134364329,"data":"/usr/local/lib/python3.12/dist-packages/nbconvert/filters/filter_links.py:36: SyntaxWarning: invalid escape sequence '\\_'\n"}
,{"stream_name":"stderr","time":181.134396905,"data":"  text = re.sub(r'_', '\\_', text) # Escape underscores in display text\n"}
,{"stream_name":"stderr","time":181.790821958,"data":"[NbConvertApp] Converting notebook __script__.ipynb to html\n"}
,{"stream_name":"stderr","time":182.969078807,"data":"[NbConvertApp] Writing 316570 bytes to __results__.html\n"}
]
