[{"stream_name":"stdout","time":6.89718297,"data":"   ━━━━━━━━━━━━━━━━━━━━━━━━━━━━━━━━━━━━━━━━ 5.9/5.9 MB 96.3 MB/s eta 0:00:00\n"}
,{"stream_name":"stdout","time":7.009812135,"data":"   ━━━━━━━━━━━━━━━━━━━━━━━━━━━━━━━━━━━━━━━━ 12.1/12.1 MB 108.5 MB/s eta 0:00:00\n"}
,{"stream_name":"stdout","time":7.030726451,"data":"   ━━━━━━━━━━━━━━━━━━━━━━━━━━━━━━━━━━━━━━━━ 389.2/389.2 kB 26.5 MB/s eta 0:00:00\n"}
,{"stream_name":"stdout","time":7.052968191,"data":"   ━━━━━━━━━━━━━━━━━━━━━━━━━━━━━━━━━━━━━━━━ 516.0/516.0 kB 32.4 MB/s eta 0:00:00\n"}
,{"stream_name":"stdout","time":7.080060697,"data":"   ━━━━━━━━━━━━━━━━━━━━━━━━━━━━━━━━━━━━━━━━ 795.8/795.8 kB 38.3 MB/s eta 0:00:00\n"}
,{"stream_name":"stdout","time":7.131549457,"data":"   ━━━━━━━━━━━━━━━━━━━━━━━━━━━━━━━━━━━━━━━━ 3.3/3.3 MB 80.5 MB/s eta 0:00:00\n"}
,{"stream_name":"stdout","time":7.149446568,"data":"   ━━━━━━━━━━━━━━━━━━━━━━━━━━━━━━━━━━━━━━━━ 125.3/125.3 kB 10.1 MB/s eta 0:00:00\n"}
,{"stream_name":"stdout","time":7.204350149,"data":"   ━━━━━━━━━━━━━━━━━━━━━━━━━━━━━━━━━━━━━━━━ 4.5/4.5 MB 91.6 MB/s eta 0:00:00\n"}
,{"stream_name":"stderr","time":27.370948735,"data":"ERROR: pip's dependency resolver does not currently take into account all the packages that are installed. This behaviour is the source of the following dependency conflicts.\n"}
,{"stream_name":"stderr","time":27.370994105,"data":"google-adk 1.29.0 requires google-cloud-bigquery-storage\u003e=2.0.0, which is not installed.\n"}
,{"stream_name":"stderr","time":59.36806969,"data":"[transformers] `Siglip2ImageProcessorFast` is deprecated. The `Fast` suffix for image processors has been removed; use `Siglip2ImageProcessor` instead.\n"}
,{"stream_name":"stderr","time":59.561728518,"data":"Warning: You are sending unauthenticated requests to the HF Hub. Please set a HF_TOKEN to enable higher rate limits and faster downloads.\n"}
,{"stream_name":"stderr","time":59.561758307,"data":"WARNING:huggingface_hub.utils._http:Warning: You are sending unauthenticated requests to the HF Hub. Please set a HF_TOKEN to enable higher rate limits and faster downloads.\n"}
,{"stream_name":"stderr","time":77.062020501,"data":"\rLoading weights:   0%|          | 0/520 [00:00\u003c?, ?it/s]\rLoading weights:  17%|█▋        | 88/520 [00:00\u003c00:00, 867.73it/s]\rLoading weights:  34%|███▎      | 175/520 [00:00\u003c00:00, 835.79it/s]\rLoading weights:  51%|█████     | 265/520 [00:00\u003c00:00, 825.59it/s]\rLoading weights:  72%|███████▎  | 377/520 [00:00\u003c00:00, 875.12it/s]\rLoading weights:  91%|█████████ | 473/520 [00:00\u003c00:00, 891.07it/s]\rLoading weights: 100%|██████████| 520/520 [00:00\u003c00:00, 892.87it/s]\n"}
,{"stream_name":"stderr","time":77.142240232,"data":"/usr/local/lib/python3.12/dist-packages/huggingface_hub/utils/_validators.py:205: UserWarning: The `local_dir_use_symlinks` argument is deprecated and ignored in `hf_hub_download`. Downloading to a local directory does not use symlinks anymore.\n"}
,{"stream_name":"stderr","time":77.142282774,"data":"  warnings.warn(\n"}
,{"stream_name":"stderr","time":77.20307009,"data":"/usr/local/lib/python3.12/dist-packages/diffusers/utils/deprecation_utils.py:23: FutureWarning: `torch_dtype` is deprecated and will be removed in version 1.0.0. Please use `dtype` instead.\n"}
,{"stream_name":"stderr","time":77.203129769,"data":"  deprecate(\"torch_dtype\", \"1.0.0\", _TORCH_DTYPE_DEPRECATION_MESSAGE)\n"}
,{"stream_name":"stderr","time":105.307422531,"data":"\rFetching 19 files:   0%|          | 0/19 [00:00\u003c?, ?it/s]\rFetching 19 files:  37%|███▋      | 7/19 [00:00\u003c00:00, 64.36it/s]\rFetching 19 files:  79%|███████▉  | 15/19 [00:01\u003c00:00,  7.14it/s]\rFetching 19 files:  95%|█████████▍| 18/19 [00:09\u003c00:00,  1.36it/s]\rFetching 19 files:  95%|█████████▍| 18/19 [00:22\u003c00:00,  1.36it/s]\rFetching 19 files: 100%|██████████| 19/19 [00:28\u003c00:00,  2.63s/it]\rFetching 19 files: 100%|██████████| 19/19 [00:28\u003c00:00,  1.47s/it]\n"}
,{"stream_name":"stderr","time":106.705938128,"data":"\rLoading pipeline components...:   0%|          | 0/7 [00:00\u003c?, ?it/s]\rLoading pipeline components...:  29%|██▊       | 2/7 [00:00\u003c00:00, 15.78it/s]\rLoading pipeline components...:  57%|█████▋    | 4/7 [00:01\u003c00:01,  2.82it/s]\n"}
,{"stream_name":"stderr","time":106.80730902,"data":"\rLoading weights:   0%|          | 0/517 [00:00\u003c?, ?it/s]\u001b[A\n"}
,{"stream_name":"stderr","time":106.907995852,"data":"\rLoading weights:  45%|████▌     | 234/517 [00:00\u003c00:00, 2333.93it/s]\u001b[A\n"}
,{"stream_name":"stderr","time":106.924612285,"data":"\rLoading weights:  91%|█████████ | 471/517 [00:00\u003c00:00, 2346.96it/s]\u001b[A\rLoading weights: 100%|██████████| 517/517 [00:00\u003c00:00, 2377.15it/s]\n"}
,{"stream_name":"stderr","time":107.249974719,"data":"\rLoading pipeline components...:  71%|███████▏  | 5/7 [00:01\u003c00:00,  2.76it/s]\rLoading pipeline components...:  86%|████████▌ | 6/7 [00:01\u003c00:00,  3.03it/s]\n"}
,{"stream_name":"stderr","time":107.333895771,"data":"\rLoading weights:   0%|          | 0/196 [00:00\u003c?, ?it/s]\u001b[A\rLoading weights: 100%|██████████| 196/196 [00:00\u003c00:00, 2342.02it/s]\n"}
,{"stream_name":"stderr","time":107.338957893,"data":"\rLoading pipeline components...: 100%|██████████| 7/7 [00:02\u003c00:00,  3.62it/s]\rLoading pipeline components...: 100%|██████████| 7/7 [00:02\u003c00:00,  3.45it/s]\n"}
,{"stream_name":"stderr","time":110.303576501,"data":"There are modules in UNet2DConditionModel that should be kept in float32: []. Casting directly with `to()` can lead to inconsistent results; set `torch_dtype` in `from_pretrained()` instead to keep these modules in float32.\n"}
,{"stream_name":"stderr","time":110.455850129,"data":"[transformers] Token indices sequence length is longer than the specified maximum sequence length for this model (87 \u003e 77). Running this sequence through the model will result in indexing errors\n"}
,{"stream_name":"stderr","time":110.459495796,"data":"[transformers] Ignoring clean_up_tokenization_spaces=True for BPE tokenizer CLIPTokenizer. The clean_up_tokenization post-processing step is designed for WordPiece tokenizers and is destructive for BPE (it strips spaces before punctuation). Set clean_up_tokenization_spaces=False to suppress this warning, or set clean_up_tokenization_spaces_for_bpe_even_though_it_will_corrupt_output=True to force cleanup anyway.\n"}
,{"stream_name":"stderr","time":110.459515278,"data":"The following part of your input was truncated because CLIP can only handle sequences up to 77 tokens: ['. friendly cinematic 3 d animation , 1 6 : 9 .']\n"}
,{"stream_name":"stderr","time":111.473567299,"data":"[transformers] Token indices sequence length is longer than the specified maximum sequence length for this model (87 \u003e 77). Running this sequence through the model will result in indexing errors\n"}
,{"stream_name":"stderr","time":111.475408802,"data":"The following part of your input was truncated because CLIP can only handle sequences up to 77 tokens: ['. friendly cinematic 3 d animation , 1 6 : 9 .']\n"}
,{"stream_name":"stderr","time":118.457143994,"data":"\r  0%|          | 0/32 [00:00\u003c?, ?it/s]\r  0%|          | 0/32 [00:03\u003c?, ?it/s]\n"}
,{"stream_name":"stdout","time":118.457143997,"data":"SHOT 002 FAILED -\u003e AttributeError: 'tuple' object has no attribute 'shape'\n"}
,{"stream_name":"stdout","time":118.457709827,"data":"{\n"}
,{"stream_name":"stdout","time":118.457725854,"data":"  \"show\": \"Earth Needs Help\",\n"}
,{"stream_name":"stdout","time":118.457732124,"data":"  \"episode\": \"001\",\n"}
,{"stream_name":"stdout","time":118.457738314,"data":"  \"success\": false,\n"}
,{"stream_name":"stdout","time":118.457745066,"data":"  \"reference_mode\": \"five hash-validated canon crops -\u003e runtime sheet -\u003e explicit h94 ViT-H encoder -\u003e SDXL IP-Adapter Plus\",\n"}
,{"stream_name":"stdout","time":118.457751995,"data":"  \"continuity_manifest\": \"shows/earth-needs-help/continuity-manifest.json\",\n"}
,{"stream_name":"stdout","time":118.457758029,"data":"  \"reference_files\": [\n"}
,{"stream_name":"stdout","time":118.457763451,"data":"    \"shows/earth-needs-help/assets/characters/captain-pip.jpg.b64\",\n"}
,{"stream_name":"stdout","time":118.457768768,"data":"    \"shows/earth-needs-help/assets/characters/bloop.jpg.b64\",\n"}
,{"stream_name":"stdout","time":118.457773992,"data":"    \"shows/earth-needs-help/assets/characters/zig.jpg.b64\",\n"}
,{"stream_name":"stdout","time":118.457781283,"data":"    \"shows/earth-needs-help/assets/characters/momo.jpg.b64\",\n"}
,{"stream_name":"stdout","time":118.457789987,"data":"    \"shows/earth-needs-help/assets/characters/human-child.jpg.b64\"\n"}
,{"stream_name":"stdout","time":118.457793777,"data":"  ],\n"}
,{"stream_name":"stdout","time":118.457797275,"data":"  \"master_reference_staged_as\": \"/kaggle/working/canonical-five-character-reference.jpg\",\n"}
,{"stream_name":"stdout","time":118.45780092,"data":"  \"image_encoder_hidden_size\": 1280,\n"}
,{"stream_name":"stdout","time":118.457804689,"data":"  \"ip_adapter_scale\": 0.9,\n"}
,{"stream_name":"stdout","time":118.457808684,"data":"  \"gpu\": \"Tesla T4\",\n"}
,{"stream_name":"stdout","time":118.457812346,"data":"  \"shots\": [\n"}
,{"stream_name":"stdout","time":118.457815792,"data":"    {\n"}
,{"stream_name":"stdout","time":118.457819164,"data":"      \"id\": \"002\",\n"}
,{"stream_name":"stdout","time":118.457822661,"data":"      \"success\": false,\n"}
,{"stream_name":"stdout","time":118.457826281,"data":"      \"error\": \"AttributeError: 'tuple' object has no attribute 'shape'\"\n"}
,{"stream_name":"stdout","time":118.457829917,"data":"    }\n"}
,{"stream_name":"stdout","time":118.457833321,"data":"  ]\n"}
,{"stream_name":"stdout","time":118.457836689,"data":"}\n"}
,{"stream_name":"stderr","time":118.466926848,"data":"The following part of your input was truncated because CLIP can only handle sequences up to 77 tokens: ['comedy , bright 3 d animation , 1 6 : 9 .']\n"}
,{"stream_name":"stderr","time":118.542107518,"data":"The following part of your input was truncated because CLIP can only handle sequences up to 77 tokens: ['comedy , bright 3 d animation , 1 6 : 9 .']\n"}
,{"stream_name":"stdout","time":121.400163508,"data":"SHOT 003 FAILED -\u003e AttributeError: 'tuple' object has no attribute 'shape'\n"}
,{"stream_name":"stderr","time":121.400253646,"data":"\r  0%|          | 0/32 [00:00\u003c?, ?it/s]\r  0%|          | 0/32 [00:00\u003c?, ?it/s]\n"}
,{"stream_name":"stdout","time":121.40073013,"data":"{\n"}
,{"stream_name":"stdout","time":121.400746856,"data":"  \"show\": \"Earth Needs Help\",\n"}
,{"stream_name":"stdout","time":121.400751781,"data":"  \"episode\": \"001\",\n"}
,{"stream_name":"stdout","time":121.400756012,"data":"  \"success\": false,\n"}
,{"stream_name":"stdout","time":121.400760378,"data":"  \"reference_mode\": \"five hash-validated canon crops -\u003e runtime sheet -\u003e explicit h94 ViT-H encoder -\u003e SDXL IP-Adapter Plus\",\n"}
,{"stream_name":"stdout","time":121.40076503,"data":"  \"continuity_manifest\": \"shows/earth-needs-help/continuity-manifest.json\",\n"}
,{"stream_name":"stdout","time":121.400769318,"data":"  \"reference_files\": [\n"}
,{"stream_name":"stdout","time":121.40077314,"data":"    \"shows/earth-needs-help/assets/characters/captain-pip.jpg.b64\",\n"}
,{"stream_name":"stdout","time":121.40077713,"data":"    \"shows/earth-needs-help/assets/characters/bloop.jpg.b64\",\n"}
,{"stream_name":"stdout","time":121.400780978,"data":"    \"shows/earth-needs-help/assets/characters/zig.jpg.b64\",\n"}
,{"stream_name":"stdout","time":121.400784799,"data":"    \"shows/earth-needs-help/assets/characters/momo.jpg.b64\",\n"}
,{"stream_name":"stdout","time":121.400788708,"data":"    \"shows/earth-needs-help/assets/characters/human-child.jpg.b64\"\n"}
,{"stream_name":"stdout","time":121.400792743,"data":"  ],\n"}
,{"stream_name":"stdout","time":121.400796237,"data":"  \"master_reference_staged_as\": \"/kaggle/working/canonical-five-character-reference.jpg\",\n"}
,{"stream_name":"stdout","time":121.400800266,"data":"  \"image_encoder_hidden_size\": 1280,\n"}
,{"stream_name":"stdout","time":121.400804012,"data":"  \"ip_adapter_scale\": 0.9,\n"}
,{"stream_name":"stdout","time":121.400807839,"data":"  \"gpu\": \"Tesla T4\",\n"}
,{"stream_name":"stdout","time":121.400812098,"data":"  \"shots\": [\n"}
,{"stream_name":"stdout","time":121.400815812,"data":"    {\n"}
,{"stream_name":"stdout","time":121.400819398,"data":"      \"id\": \"002\",\n"}
,{"stream_name":"stdout","time":121.400823253,"data":"      \"success\": false,\n"}
,{"stream_name":"stdout","time":121.400826798,"data":"      \"error\": \"AttributeError: 'tuple' object has no attribute 'shape'\"\n"}
,{"stream_name":"stdout","time":121.400830866,"data":"    },\n"}
,{"stream_name":"stdout","time":121.400834382,"data":"    {\n"}
,{"stream_name":"stdout","time":121.400837734,"data":"      \"id\": \"003\",\n"}
,{"stream_name":"stdout","time":121.400841273,"data":"      \"success\": false,\n"}
,{"stream_name":"stdout","time":121.400844696,"data":"      \"error\": \"AttributeError: 'tuple' object has no attribute 'shape'\"\n"}
,{"stream_name":"stdout","time":121.400848728,"data":"    }\n"}
,{"stream_name":"stdout","time":121.400851902,"data":"  ]\n"}
,{"stream_name":"stdout","time":121.400855594,"data":"}\n"}
,{"stream_name":"stderr","time":121.410488567,"data":"The following part of your input was truncated because CLIP can only handle sequences up to 77 tokens: ['but unafraid . bright friendly 3 d animation , 1 6 : 9 .']\n"}
,{"stream_name":"stderr","time":121.488969457,"data":"The following part of your input was truncated because CLIP can only handle sequences up to 77 tokens: ['but unafraid . bright friendly 3 d animation , 1 6 : 9 .']\n"}
,{"stream_name":"stdout","time":123.640607987,"data":"SHOT 004 FAILED -\u003e AttributeError: 'tuple' object has no attribute 'shape'\n"}
,{"stream_name":"stderr","time":123.640653873,"data":"\r  0%|          | 0/32 [00:00\u003c?, ?it/s]\r  0%|          | 0/32 [00:00\u003c?, ?it/s]\n"}
,{"stream_name":"stdout","time":123.641341013,"data":"{\n"}
,{"stream_name":"stdout","time":123.641398688,"data":"  \"show\": \"Earth Needs Help\",\n"}
,{"stream_name":"stdout","time":123.641403876,"data":"  \"episode\": \"001\",\n"}
,{"stream_name":"stdout","time":123.641408053,"data":"  \"success\": false,\n"}
,{"stream_name":"stdout","time":123.641412113,"data":"  \"reference_mode\": \"five hash-validated canon crops -\u003e runtime sheet -\u003e explicit h94 ViT-H encoder -\u003e SDXL IP-Adapter Plus\",\n"}
,{"stream_name":"stdout","time":123.641416378,"data":"  \"continuity_manifest\": \"shows/earth-needs-help/continuity-manifest.json\",\n"}
,{"stream_name":"stdout","time":123.64141997,"data":"  \"reference_files\": [\n"}
,{"stream_name":"stdout","time":123.64142344,"data":"    \"shows/earth-needs-help/assets/characters/captain-pip.jpg.b64\",\n"}
,{"stream_name":"stdout","time":123.641426761,"data":"    \"shows/earth-needs-help/assets/characters/bloop.jpg.b64\",\n"}
,{"stream_name":"stdout","time":123.641430145,"data":"    \"shows/earth-needs-help/assets/characters/zig.jpg.b64\",\n"}
,{"stream_name":"stdout","time":123.641433683,"data":"    \"shows/earth-needs-help/assets/characters/momo.jpg.b64\",\n"}
,{"stream_name":"stdout","time":123.64144252,"data":"    \"shows/earth-needs-help/assets/characters/human-child.jpg.b64\"\n"}
,{"stream_name":"stdout","time":123.641445188,"data":"  ],\n"}
,{"stream_name":"stdout","time":123.641447408,"data":"  \"master_reference_staged_as\": \"/kaggle/working/canonical-five-character-reference.jpg\",\n"}
,{"stream_name":"stdout","time":123.641449837,"data":"  \"image_encoder_hidden_size\": 1280,\n"}
,{"stream_name":"stdout","time":123.641452351,"data":"  \"ip_adapter_scale\": 0.9,\n"}
,{"stream_name":"stdout","time":123.641454597,"data":"  \"gpu\": \"Tesla T4\",\n"}
,{"stream_name":"stdout","time":123.641456855,"data":"  \"shots\": [\n"}
,{"stream_name":"stdout","time":123.641459089,"data":"    {\n"}
,{"stream_name":"stdout","time":123.641461321,"data":"      \"id\": \"002\",\n"}
,{"stream_name":"stdout","time":123.641463586,"data":"      \"success\": false,\n"}
,{"stream_name":"stdout","time":123.641465926,"data":"      \"error\": \"AttributeError: 'tuple' object has no attribute 'shape'\"\n"}
,{"stream_name":"stdout","time":123.641468315,"data":"    },\n"}
,{"stream_name":"stdout","time":123.641470518,"data":"    {\n"}
,{"stream_name":"stdout","time":123.641472621,"data":"      \"id\": \"003\",\n"}
,{"stream_name":"stdout","time":123.641474818,"data":"      \"success\": false,\n"}
,{"stream_name":"stdout","time":123.641477043,"data":"      \"error\": \"AttributeError: 'tuple' object has no attribute 'shape'\"\n"}
,{"stream_name":"stdout","time":123.641479428,"data":"    },\n"}
,{"stream_name":"stdout","time":123.641481543,"data":"    {\n"}
,{"stream_name":"stdout","time":123.641483651,"data":"      \"id\": \"004\",\n"}
,{"stream_name":"stdout","time":123.641485835,"data":"      \"success\": false,\n"}
,{"stream_name":"stdout","time":123.641488221,"data":"      \"error\": \"AttributeError: 'tuple' object has no attribute 'shape'\"\n"}
,{"stream_name":"stdout","time":123.641490528,"data":"    }\n"}
,{"stream_name":"stdout","time":123.641492632,"data":"  ]\n"}
,{"stream_name":"stdout","time":123.641494784,"data":"}\n"}
,{"stream_name":"stderr","time":123.651120048,"data":"The following part of your input was truncated because CLIP can only handle sequences up to 77 tokens: ['comedy 3 d animation , 1 6 : 9 .']\n"}
,{"stream_name":"stderr","time":123.727887022,"data":"The following part of your input was truncated because CLIP can only handle sequences up to 77 tokens: ['comedy 3 d animation , 1 6 : 9 .']\n"}
,{"stream_name":"stdout","time":125.583930012,"data":"SHOT 005 FAILED -\u003e AttributeError: 'tuple' object has no attribute 'shape'\n"}
,{"stream_name":"stderr","time":125.583930014,"data":"\r  0%|          | 0/32 [00:00\u003c?, ?it/s]\r  0%|          | 0/32 [00:00\u003c?, ?it/s]\n"}
,{"stream_name":"stdout","time":125.584559146,"data":"{\n"}
,{"stream_name":"stdout","time":125.584576854,"data":"  \"show\": \"Earth Needs Help\",\n"}
,{"stream_name":"stdout","time":125.584579907,"data":"  \"episode\": \"001\",\n"}
,{"stream_name":"stdout","time":125.584582386,"data":"  \"success\": false,\n"}
,{"stream_name":"stdout","time":125.584585018,"data":"  \"reference_mode\": \"five hash-validated canon crops -\u003e runtime sheet -\u003e explicit h94 ViT-H encoder -\u003e SDXL IP-Adapter Plus\",\n"}
,{"stream_name":"stdout","time":125.584588061,"data":"  \"continuity_manifest\": \"shows/earth-needs-help/continuity-manifest.json\",\n"}
,{"stream_name":"stdout","time":125.584590887,"data":"  \"reference_files\": [\n"}
,{"stream_name":"stdout","time":125.584593216,"data":"    \"shows/earth-needs-help/assets/characters/captain-pip.jpg.b64\",\n"}
,{"stream_name":"stdout","time":125.584595562,"data":"    \"shows/earth-needs-help/assets/characters/bloop.jpg.b64\",\n"}
,{"stream_name":"stdout","time":125.584597868,"data":"    \"shows/earth-needs-help/assets/characters/zig.jpg.b64\",\n"}
,{"stream_name":"stdout","time":125.584600251,"data":"    \"shows/earth-needs-help/assets/characters/momo.jpg.b64\",\n"}
,{"stream_name":"stdout","time":125.584602626,"data":"    \"shows/earth-needs-help/assets/characters/human-child.jpg.b64\"\n"}
,{"stream_name":"stdout","time":125.584605074,"data":"  ],\n"}
,{"stream_name":"stdout","time":125.58460728,"data":"  \"master_reference_staged_as\": \"/kaggle/working/canonical-five-character-reference.jpg\",\n"}
,{"stream_name":"stdout","time":125.584609821,"data":"  \"image_encoder_hidden_size\": 1280,\n"}
,{"stream_name":"stdout","time":125.584612168,"data":"  \"ip_adapter_scale\": 0.9,\n"}
,{"stream_name":"stdout","time":125.584614435,"data":"  \"gpu\": \"Tesla T4\",\n"}
,{"stream_name":"stdout","time":125.584616744,"data":"  \"shots\": [\n"}
,{"stream_name":"stdout","time":125.584619072,"data":"    {\n"}
,{"stream_name":"stdout","time":125.584621274,"data":"      \"id\": \"002\",\n"}
,{"stream_name":"stdout","time":125.58462358,"data":"      \"success\": false,\n"}
,{"stream_name":"stdout","time":125.584625921,"data":"      \"error\": \"AttributeError: 'tuple' object has no attribute 'shape'\"\n"}
,{"stream_name":"stdout","time":125.584628536,"data":"    },\n"}
,{"stream_name":"stdout","time":125.584630696,"data":"    {\n"}
,{"stream_name":"stdout","time":125.584632839,"data":"      \"id\": \"003\",\n"}
,{"stream_name":"stdout","time":125.584635066,"data":"      \"success\": false,\n"}
,{"stream_name":"stdout","time":125.584637361,"data":"      \"error\": \"AttributeError: 'tuple' object has no attribute 'shape'\"\n"}
,{"stream_name":"stdout","time":125.584639698,"data":"    },\n"}
,{"stream_name":"stdout","time":125.584641964,"data":"    {\n"}
,{"stream_name":"stdout","time":125.584644086,"data":"      \"id\": \"004\",\n"}
,{"stream_name":"stdout","time":125.584646316,"data":"      \"success\": false,\n"}
,{"stream_name":"stdout","time":125.584648587,"data":"      \"error\": \"AttributeError: 'tuple' object has no attribute 'shape'\"\n"}
,{"stream_name":"stdout","time":125.584653819,"data":"    },\n"}
,{"stream_name":"stdout","time":125.584656027,"data":"    {\n"}
,{"stream_name":"stdout","time":125.584658241,"data":"      \"id\": \"005\",\n"}
,{"stream_name":"stdout","time":125.584671564,"data":"      \"success\": false,\n"}
,{"stream_name":"stdout","time":125.584674059,"data":"      \"error\": \"AttributeError: 'tuple' object has no attribute 'shape'\"\n"}
,{"stream_name":"stdout","time":125.584676451,"data":"    }\n"}
,{"stream_name":"stdout","time":125.584678691,"data":"  ]\n"}
,{"stream_name":"stdout","time":125.584680856,"data":"}\n"}
,{"stream_name":"stderr","time":125.593829748,"data":"The following part of your input was truncated because CLIP can only handle sequences up to 77 tokens: ['; momo calm . bright 3 d animation , 1 6 : 9 .']\n"}
,{"stream_name":"stderr","time":125.670652652,"data":"The following part of your input was truncated because CLIP can only handle sequences up to 77 tokens: ['; momo calm . bright 3 d animation , 1 6 : 9 .']\n"}
,{"stream_name":"stdout","time":127.490705106,"data":"SHOT 006a FAILED -\u003e AttributeError: 'tuple' object has no attribute 'shape'\n"}
,{"stream_name":"stderr","time":127.490777499,"data":"\r  0%|          | 0/32 [00:00\u003c?, ?it/s]\r  0%|          | 0/32 [00:00\u003c?, ?it/s]\n"}
,{"stream_name":"stdout","time":127.491374405,"data":"{\n"}
,{"stream_name":"stdout","time":127.491388483,"data":"  \"show\": \"Earth Needs Help\",\n"}
,{"stream_name":"stdout","time":127.491393494,"data":"  \"episode\": \"001\",\n"}
,{"stream_name":"stdout","time":127.491397537,"data":"  \"success\": false,\n"}
,{"stream_name":"stdout","time":127.491401191,"data":"  \"reference_mode\": \"five hash-validated canon crops -\u003e runtime sheet -\u003e explicit h94 ViT-H encoder -\u003e SDXL IP-Adapter Plus\",\n"}
,{"stream_name":"stdout","time":127.49140554,"data":"  \"continuity_manifest\": \"shows/earth-needs-help/continuity-manifest.json\",\n"}
,{"stream_name":"stdout","time":127.491409442,"data":"  \"reference_files\": [\n"}
,{"stream_name":"stdout","time":127.491413243,"data":"    \"shows/earth-needs-help/assets/characters/captain-pip.jpg.b64\",\n"}
,{"stream_name":"stdout","time":127.491416995,"data":"    \"shows/earth-needs-help/assets/characters/bloop.jpg.b64\",\n"}
,{"stream_name":"stdout","time":127.491420995,"data":"    \"shows/earth-needs-help/assets/characters/zig.jpg.b64\",\n"}
,{"stream_name":"stdout","time":127.491424701,"data":"    \"shows/earth-needs-help/assets/characters/momo.jpg.b64\",\n"}
,{"stream_name":"stdout","time":127.491428225,"data":"    \"shows/earth-needs-help/assets/characters/human-child.jpg.b64\"\n"}
,{"stream_name":"stdout","time":127.491431845,"data":"  ],\n"}
,{"stream_name":"stdout","time":127.491441806,"data":"  \"master_reference_staged_as\": \"/kaggle/working/canonical-five-character-reference.jpg\",\n"}
,{"stream_name":"stdout","time":127.491445791,"data":"  \"image_encoder_hidden_size\": 1280,\n"}
,{"stream_name":"stdout","time":127.491449273,"data":"  \"ip_adapter_scale\": 0.9,\n"}
,{"stream_name":"stdout","time":127.491453037,"data":"  \"gpu\": \"Tesla T4\",\n"}
,{"stream_name":"stdout","time":127.491457103,"data":"  \"shots\": [\n"}
,{"stream_name":"stdout","time":127.491460714,"data":"    {\n"}
,{"stream_name":"stdout","time":127.491464297,"data":"      \"id\": \"002\",\n"}
,{"stream_name":"stdout","time":127.491468052,"data":"      \"success\": false,\n"}
,{"stream_name":"stdout","time":127.491472115,"data":"      \"error\": \"AttributeError: 'tuple' object has no attribute 'shape'\"\n"}
,{"stream_name":"stdout","time":127.491476362,"data":"    },\n"}
,{"stream_name":"stdout","time":127.491479794,"data":"    {\n"}
,{"stream_name":"stdout","time":127.491483326,"data":"      \"id\": \"003\",\n"}
,{"stream_name":"stdout","time":127.491487223,"data":"      \"success\": false,\n"}
,{"stream_name":"stdout","time":127.491502434,"data":"      \"error\": \"AttributeError: 'tuple' object has no attribute 'shape'\"\n"}
,{"stream_name":"stdout","time":127.491506681,"data":"    },\n"}
,{"stream_name":"stdout","time":127.491510096,"data":"    {\n"}
,{"stream_name":"stdout","time":127.491541017,"data":"      \"id\": \"004\",\n"}
,{"stream_name":"stdout","time":127.491545006,"data":"      \"success\": false,\n"}
,{"stream_name":"stdout","time":127.491548455,"data":"      \"error\": \"AttributeError: 'tuple' object has no attribute 'shape'\"\n"}
,{"stream_name":"stdout","time":127.491552275,"data":"    },\n"}
,{"stream_name":"stdout","time":127.491555903,"data":"    {\n"}
,{"stream_name":"stdout","time":127.491559459,"data":"      \"id\": \"005\",\n"}
,{"stream_name":"stdout","time":127.491563066,"data":"      \"success\": false,\n"}
,{"stream_name":"stdout","time":127.491566597,"data":"      \"error\": \"AttributeError: 'tuple' object has no attribute 'shape'\"\n"}
,{"stream_name":"stdout","time":127.491570608,"data":"    },\n"}
,{"stream_name":"stdout","time":127.491574073,"data":"    {\n"}
,{"stream_name":"stdout","time":127.491577539,"data":"      \"id\": \"006a\",\n"}
,{"stream_name":"stdout","time":127.491581477,"data":"      \"success\": false,\n"}
,{"stream_name":"stdout","time":127.491585374,"data":"      \"error\": \"AttributeError: 'tuple' object has no attribute 'shape'\"\n"}
,{"stream_name":"stdout","time":127.491589141,"data":"    }\n"}
,{"stream_name":"stdout","time":127.491592889,"data":"  ]\n"}
,{"stream_name":"stdout","time":127.491596333,"data":"}\n"}
,{"stream_name":"stderr","time":127.500527419,"data":"The following part of your input was truncated because CLIP can only handle sequences up to 77 tokens: ['child amused ; momo calm . comedy 3 d animation , 1 6 : 9 .']\n"}
,{"stream_name":"stderr","time":127.582036989,"data":"The following part of your input was truncated because CLIP can only handle sequences up to 77 tokens: ['child amused ; momo calm . comedy 3 d animation , 1 6 : 9 .']\n"}
,{"stream_name":"stdout","time":129.374830171,"data":"SHOT 006b FAILED -\u003e AttributeError: 'tuple' object has no attribute 'shape'\n"}
,{"stream_name":"stderr","time":129.374826634,"data":"\r  0%|          | 0/32 [00:00\u003c?, ?it/s]\r  0%|          | 0/32 [00:00\u003c?, ?it/s]\n"}
,{"stream_name":"stdout","time":129.375445992,"data":"{\n"}
,{"stream_name":"stdout","time":129.37546095,"data":"  \"show\": \"Earth Needs Help\",\n"}
,{"stream_name":"stdout","time":129.37549759,"data":"  \"episode\": \"001\",\n"}
,{"stream_name":"stdout","time":129.375503022,"data":"  \"success\": false,\n"}
,{"stream_name":"stdout","time":129.375508072,"data":"  \"reference_mode\": \"five hash-validated canon crops -\u003e runtime sheet -\u003e explicit h94 ViT-H encoder -\u003e SDXL IP-Adapter Plus\",\n"}
,{"stream_name":"stdout","time":129.375514327,"data":"  \"continuity_manifest\": \"shows/earth-needs-help/continuity-manifest.json\",\n"}
,{"stream_name":"stdout","time":129.375519841,"data":"  \"reference_files\": [\n"}
,{"stream_name":"stdout","time":129.375524993,"data":"    \"shows/earth-needs-help/assets/characters/captain-pip.jpg.b64\",\n"}
,{"stream_name":"stdout","time":129.375530132,"data":"    \"shows/earth-needs-help/assets/characters/bloop.jpg.b64\",\n"}
,{"stream_name":"stdout","time":129.375535651,"data":"    \"shows/earth-needs-help/assets/characters/zig.jpg.b64\",\n"}
,{"stream_name":"stdout","time":129.375558792,"data":"    \"shows/earth-needs-help/assets/characters/momo.jpg.b64\",\n"}
,{"stream_name":"stdout","time":129.375565613,"data":"    \"shows/earth-needs-help/assets/characters/human-child.jpg.b64\"\n"}
,{"stream_name":"stdout","time":129.375581217,"data":"  ],\n"}
,{"stream_name":"stdout","time":129.375584742,"data":"  \"master_reference_staged_as\": \"/kaggle/working/canonical-five-character-reference.jpg\",\n"}
,{"stream_name":"stdout","time":129.375588393,"data":"  \"image_encoder_hidden_size\": 1280,\n"}
,{"stream_name":"stdout","time":129.375591897,"data":"  \"ip_adapter_scale\": 0.9,\n"}
,{"stream_name":"stdout","time":129.375596894,"data":"  \"gpu\": \"Tesla T4\",\n"}
,{"stream_name":"stdout","time":129.375603097,"data":"  \"shots\": [\n"}
,{"stream_name":"stdout","time":129.37560538,"data":"    {\n"}
,{"stream_name":"stdout","time":129.375607573,"data":"      \"id\": \"002\",\n"}
,{"stream_name":"stdout","time":129.375609883,"data":"      \"success\": false,\n"}
,{"stream_name":"stdout","time":129.375612313,"data":"      \"error\": \"AttributeError: 'tuple' object has no attribute 'shape'\"\n"}
,{"stream_name":"stdout","time":129.375614705,"data":"    },\n"}
,{"stream_name":"stdout","time":129.375616845,"data":"    {\n"}
,{"stream_name":"stdout","time":129.375618965,"data":"      \"id\": \"003\",\n"}
,{"stream_name":"stdout","time":129.3756213,"data":"      \"success\": false,\n"}
,{"stream_name":"stdout","time":129.375623565,"data":"      \"error\": \"AttributeError: 'tuple' object has no attribute 'shape'\"\n"}
,{"stream_name":"stdout","time":129.375625875,"data":"    },\n"}
,{"stream_name":"stdout","time":129.375628017,"data":"    {\n"}
,{"stream_name":"stdout","time":129.375630223,"data":"      \"id\": \"004\",\n"}
,{"stream_name":"stdout","time":129.375632487,"data":"      \"success\": false,\n"}
,{"stream_name":"stdout","time":129.375634699,"data":"      \"error\": \"AttributeError: 'tuple' object has no attribute 'shape'\"\n"}
,{"stream_name":"stdout","time":129.375636989,"data":"    },\n"}
,{"stream_name":"stdout","time":129.3756392,"data":"    {\n"}
,{"stream_name":"stdout","time":129.375641329,"data":"      \"id\": \"005\",\n"}
,{"stream_name":"stdout","time":129.37564354,"data":"      \"success\": false,\n"}
,{"stream_name":"stdout","time":129.375645753,"data":"      \"error\": \"AttributeError: 'tuple' object has no attribute 'shape'\"\n"}
,{"stream_name":"stdout","time":129.375648094,"data":"    },\n"}
,{"stream_name":"stdout","time":129.375650211,"data":"    {\n"}
,{"stream_name":"stdout","time":129.375652327,"data":"      \"id\": \"006a\",\n"}
,{"stream_name":"stdout","time":129.375654562,"data":"      \"success\": false,\n"}
,{"stream_name":"stdout","time":129.3756568,"data":"      \"error\": \"AttributeError: 'tuple' object has no attribute 'shape'\"\n"}
,{"stream_name":"stdout","time":129.375659118,"data":"    },\n"}
,{"stream_name":"stdout","time":129.375661226,"data":"    {\n"}
,{"stream_name":"stdout","time":129.37566335,"data":"      \"id\": \"006b\",\n"}
,{"stream_name":"stdout","time":129.37566561,"data":"      \"success\": false,\n"}
,{"stream_name":"stdout","time":129.37566786,"data":"      \"error\": \"AttributeError: 'tuple' object has no attribute 'shape'\"\n"}
,{"stream_name":"stdout","time":129.375670209,"data":"    }\n"}
,{"stream_name":"stdout","time":129.375672359,"data":"  ]\n"}
,{"stream_name":"stdout","time":129.375674563,"data":"}\n"}
,{"stream_name":"stderr","time":129.384963356,"data":"The following part of your input was truncated because CLIP can only handle sequences up to 77 tokens: ['behind . warm friendly 3 d animation , 1 6 : 9 .']\n"}
,{"stream_name":"stderr","time":129.462238666,"data":"The following part of your input was truncated because CLIP can only handle sequences up to 77 tokens: ['behind . warm friendly 3 d animation , 1 6 : 9 .']\n"}
,{"stream_name":"stderr","time":131.315683781,"data":"\r  0%|          | 0/32 [00:00\u003c?, ?it/s]\r  0%|          | 0/32 [00:00\u003c?, ?it/s]\n"}
,{"stream_name":"stdout","time":131.315708866,"data":"SHOT 007 FAILED -\u003e AttributeError: 'tuple' object has no attribute 'shape'\n"}
,{"stream_name":"stdout","time":131.316235274,"data":"{\n"}
,{"stream_name":"stdout","time":131.316246616,"data":"  \"show\": \"Earth Needs Help\",\n"}
,{"stream_name":"stdout","time":131.316251007,"data":"  \"episode\": \"001\",\n"}
,{"stream_name":"stdout","time":131.316254844,"data":"  \"success\": false,\n"}
,{"stream_name":"stdout","time":131.316258731,"data":"  \"reference_mode\": \"five hash-validated canon crops -\u003e runtime sheet -\u003e explicit h94 ViT-H encoder -\u003e SDXL IP-Adapter Plus\",\n"}
,{"stream_name":"stdout","time":131.316268999,"data":"  \"continuity_manifest\": \"shows/earth-needs-help/continuity-manifest.json\",\n"}
,{"stream_name":"stdout","time":131.316271953,"data":"  \"reference_files\": [\n"}
,{"stream_name":"stdout","time":131.316274423,"data":"    \"shows/earth-needs-help/assets/characters/captain-pip.jpg.b64\",\n"}
,{"stream_name":"stdout","time":131.316277269,"data":"    \"shows/earth-needs-help/assets/characters/bloop.jpg.b64\",\n"}
,{"stream_name":"stdout","time":131.316279753,"data":"    \"shows/earth-needs-help/assets/characters/zig.jpg.b64\",\n"}
,{"stream_name":"stdout","time":131.316282187,"data":"    \"shows/earth-needs-help/assets/characters/momo.jpg.b64\",\n"}
,{"stream_name":"stdout","time":131.316284736,"data":"    \"shows/earth-needs-help/assets/characters/human-child.jpg.b64\"\n"}
,{"stream_name":"stdout","time":131.316287382,"data":"  ],\n"}
,{"stream_name":"stdout","time":131.316289733,"data":"  \"master_reference_staged_as\": \"/kaggle/working/canonical-five-character-reference.jpg\",\n"}
,{"stream_name":"stdout","time":131.316292322,"data":"  \"image_encoder_hidden_size\": 1280,\n"}
,{"stream_name":"stdout","time":131.316294772,"data":"  \"ip_adapter_scale\": 0.9,\n"}
,{"stream_name":"stdout","time":131.316297276,"data":"  \"gpu\": \"Tesla T4\",\n"}
,{"stream_name":"stdout","time":131.31629973,"data":"  \"shots\": [\n"}
,{"stream_name":"stdout","time":131.316302144,"data":"    {\n"}
,{"stream_name":"stdout","time":131.31630444,"data":"      \"id\": \"002\",\n"}
,{"stream_name":"stdout","time":131.316307012,"data":"      \"success\": false,\n"}
,{"stream_name":"stdout","time":131.316309934,"data":"      \"error\": \"AttributeError: 'tuple' object has no attribute 'shape'\"\n"}
,{"stream_name":"stdout","time":131.31632794,"data":"    },\n"}
,{"stream_name":"stdout","time":131.316331987,"data":"    {\n"}
,{"stream_name":"stdout","time":131.316336034,"data":"      \"id\": \"003\",\n"}
,{"stream_name":"stdout","time":131.31634013,"data":"      \"success\": false,\n"}
,{"stream_name":"stdout","time":131.31634438,"data":"      \"error\": \"AttributeError: 'tuple' object has no attribute 'shape'\"\n"}
,{"stream_name":"stdout","time":131.316348492,"data":"    },\n"}
,{"stream_name":"stdout","time":131.316351896,"data":"    {\n"}
,{"stream_name":"stdout","time":131.316355274,"data":"      \"id\": \"004\",\n"}
,{"stream_name":"stdout","time":131.316358774,"data":"      \"success\": false,\n"}
,{"stream_name":"stdout","time":131.316362291,"data":"      \"error\": \"AttributeError: 'tuple' object has no attribute 'shape'\"\n"}
,{"stream_name":"stdout","time":131.316365982,"data":"    },\n"}
,{"stream_name":"stdout","time":131.316369471,"data":"    {\n"}
,{"stream_name":"stdout","time":131.316378344,"data":"      \"id\": \"005\",\n"}
,{"stream_name":"stdout","time":131.316391246,"data":"      \"success\": false,\n"}
,{"stream_name":"stdout","time":131.316393972,"data":"      \"error\": \"AttributeError: 'tuple' object has no attribute 'shape'\"\n"}
,{"stream_name":"stdout","time":131.31639642,"data":"    },\n"}
,{"stream_name":"stdout","time":131.316398908,"data":"    {\n"}
,{"stream_name":"stdout","time":131.31640116,"data":"      \"id\": \"006a\",\n"}
,{"stream_name":"stdout","time":131.316403562,"data":"      \"success\": false,\n"}
,{"stream_name":"stdout","time":131.316405916,"data":"      \"error\": \"AttributeError: 'tuple' object has no attribute 'shape'\"\n"}
,{"stream_name":"stdout","time":131.316408421,"data":"    },\n"}
,{"stream_name":"stdout","time":131.316411092,"data":"    {\n"}
,{"stream_name":"stdout","time":131.316427939,"data":"      \"id\": \"006b\",\n"}
,{"stream_name":"stdout","time":131.316432392,"data":"      \"success\": false,\n"}
,{"stream_name":"stdout","time":131.316436626,"data":"      \"error\": \"AttributeError: 'tuple' object has no attribute 'shape'\"\n"}
,{"stream_name":"stdout","time":131.316440642,"data":"    },\n"}
,{"stream_name":"stdout","time":131.316444719,"data":"    {\n"}
,{"stream_name":"stdout","time":131.316448537,"data":"      \"id\": \"007\",\n"}
,{"stream_name":"stdout","time":131.316452164,"data":"      \"success\": false,\n"}
,{"stream_name":"stdout","time":131.316474235,"data":"      \"error\": \"AttributeError: 'tuple' object has no attribute 'shape'\"\n"}
,{"stream_name":"stdout","time":131.316478268,"data":"    }\n"}
,{"stream_name":"stdout","time":131.316481678,"data":"  ]\n"}
,{"stream_name":"stdout","time":131.31648509,"data":"}\n"}
,{"stream_name":"stderr","time":131.325699636,"data":"The following part of your input was truncated because CLIP can only handle sequences up to 77 tokens: ['d animation , 1 6 : 9 .']\n"}
,{"stream_name":"stderr","time":131.402016155,"data":"The following part of your input was truncated because CLIP can only handle sequences up to 77 tokens: ['d animation , 1 6 : 9 .']\n"}
,{"stream_name":"stderr","time":133.186386649,"data":"\r  0%|          | 0/32 [00:00\u003c?, ?it/s]\r  0%|          | 0/32 [00:00\u003c?, ?it/s]\n"}
,{"stream_name":"stdout","time":133.186386647,"data":"SHOT 008 FAILED -\u003e AttributeError: 'tuple' object has no attribute 'shape'\n"}
,{"stream_name":"stdout","time":133.186952947,"data":"{\n"}
,{"stream_name":"stdout","time":133.186976371,"data":"  \"show\": \"Earth Needs Help\",\n"}
,{"stream_name":"stdout","time":133.186981203,"data":"  \"episode\": \"001\",\n"}
,{"stream_name":"stdout","time":133.186985061,"data":"  \"success\": false,\n"}
,{"stream_name":"stdout","time":133.18698893,"data":"  \"reference_mode\": \"five hash-validated canon crops -\u003e runtime sheet -\u003e explicit h94 ViT-H encoder -\u003e SDXL IP-Adapter Plus\",\n"}
,{"stream_name":"stdout","time":133.186993561,"data":"  \"continuity_manifest\": \"shows/earth-needs-help/continuity-manifest.json\",\n"}
,{"stream_name":"stdout","time":133.186997522,"data":"  \"reference_files\": [\n"}
,{"stream_name":"stdout","time":133.187001054,"data":"    \"shows/earth-needs-help/assets/characters/captain-pip.jpg.b64\",\n"}
,{"stream_name":"stdout","time":133.187004939,"data":"    \"shows/earth-needs-help/assets/characters/bloop.jpg.b64\",\n"}
,{"stream_name":"stdout","time":133.187008576,"data":"    \"shows/earth-needs-help/assets/characters/zig.jpg.b64\",\n"}
,{"stream_name":"stdout","time":133.187012429,"data":"    \"shows/earth-needs-help/assets/characters/momo.jpg.b64\",\n"}
,{"stream_name":"stdout","time":133.187015826,"data":"    \"shows/earth-needs-help/assets/characters/human-child.jpg.b64\"\n"}
,{"stream_name":"stdout","time":133.18703899,"data":"  ],\n"}
,{"stream_name":"stdout","time":133.187042603,"data":"  \"master_reference_staged_as\": \"/kaggle/working/canonical-five-character-reference.jpg\",\n"}
,{"stream_name":"stdout","time":133.187046279,"data":"  \"image_encoder_hidden_size\": 1280,\n"}
,{"stream_name":"stdout","time":133.187049836,"data":"  \"ip_adapter_scale\": 0.9,\n"}
,{"stream_name":"stdout","time":133.187053148,"data":"  \"gpu\": \"Tesla T4\",\n"}
,{"stream_name":"stdout","time":133.187056606,"data":"  \"shots\": [\n"}
,{"stream_name":"stdout","time":133.187059966,"data":"    {\n"}
,{"stream_name":"stdout","time":133.187063186,"data":"      \"id\": \"002\",\n"}
,{"stream_name":"stdout","time":133.187066659,"data":"      \"success\": false,\n"}
,{"stream_name":"stdout","time":133.187069956,"data":"      \"error\": \"AttributeError: 'tuple' object has no attribute 'shape'\"\n"}
,{"stream_name":"stdout","time":133.187073506,"data":"    },\n"}
,{"stream_name":"stdout","time":133.187076602,"data":"    {\n"}
,{"stream_name":"stdout","time":133.187079923,"data":"      \"id\": \"003\",\n"}
,{"stream_name":"stdout","time":133.18708375,"data":"      \"success\": false,\n"}
,{"stream_name":"stdout","time":133.187087145,"data":"      \"error\": \"AttributeError: 'tuple' object has no attribute 'shape'\"\n"}
,{"stream_name":"stdout","time":133.187090667,"data":"    },\n"}
,{"stream_name":"stdout","time":133.18709379,"data":"    {\n"}
,{"stream_name":"stdout","time":133.187096938,"data":"      \"id\": \"004\",\n"}
,{"stream_name":"stdout","time":133.187100287,"data":"      \"success\": false,\n"}
,{"stream_name":"stdout","time":133.187103629,"data":"      \"error\": \"AttributeError: 'tuple' object has no attribute 'shape'\"\n"}
,{"stream_name":"stdout","time":133.187107334,"data":"    },\n"}
,{"stream_name":"stdout","time":133.18711051,"data":"    {\n"}
,{"stream_name":"stdout","time":133.187113651,"data":"      \"id\": \"005\",\n"}
,{"stream_name":"stdout","time":133.187116857,"data":"      \"success\": false,\n"}
,{"stream_name":"stdout","time":133.187120449,"data":"      \"error\": \"AttributeError: 'tuple' object has no attribute 'shape'\"\n"}
,{"stream_name":"stdout","time":133.187123849,"data":"    },\n"}
,{"stream_name":"stdout","time":133.18712703,"data":"    {\n"}
,{"stream_name":"stdout","time":133.187130144,"data":"      \"id\": \"006a\",\n"}
,{"stream_name":"stdout","time":133.187133486,"data":"      \"success\": false,\n"}
,{"stream_name":"stdout","time":133.187136729,"data":"      \"error\": \"AttributeError: 'tuple' object has no attribute 'shape'\"\n"}
,{"stream_name":"stdout","time":133.187140086,"data":"    },\n"}
,{"stream_name":"stdout","time":133.187143246,"data":"    {\n"}
,{"stream_name":"stdout","time":133.187146434,"data":"      \"id\": \"006b\",\n"}
,{"stream_name":"stdout","time":133.187150309,"data":"      \"success\": false,\n"}
,{"stream_name":"stdout","time":133.187153747,"data":"      \"error\": \"AttributeError: 'tuple' object has no attribute 'shape'\"\n"}
,{"stream_name":"stdout","time":133.187157365,"data":"    },\n"}
,{"stream_name":"stdout","time":133.187160552,"data":"    {\n"}
,{"stream_name":"stdout","time":133.187163918,"data":"      \"id\": \"007\",\n"}
,{"stream_name":"stdout","time":133.187167429,"data":"      \"success\": false,\n"}
,{"stream_name":"stdout","time":133.187170907,"data":"      \"error\": \"AttributeError: 'tuple' object has no attribute 'shape'\"\n"}
,{"stream_name":"stdout","time":133.187174437,"data":"    },\n"}
,{"stream_name":"stdout","time":133.187182337,"data":"    {\n"}
,{"stream_name":"stdout","time":133.187186154,"data":"      \"id\": \"008\",\n"}
,{"stream_name":"stdout","time":133.187189507,"data":"      \"success\": false,\n"}
,{"stream_name":"stdout","time":133.187193051,"data":"      \"error\": \"AttributeError: 'tuple' object has no attribute 'shape'\"\n"}
,{"stream_name":"stdout","time":133.18719678,"data":"    }\n"}
,{"stream_name":"stdout","time":133.187200101,"data":"  ]\n"}
,{"stream_name":"stdout","time":133.187203469,"data":"}\n"}
,{"stream_name":"stderr","time":133.200231808,"data":"The following part of your input was truncated because CLIP can only handle sequences up to 77 tokens: ['child holds kite nearby . bright 3 d animation , 1 6 : 9 .']\n"}
,{"stream_name":"stderr","time":133.278647697,"data":"The following part of your input was truncated because CLIP can only handle sequences up to 77 tokens: ['child holds kite nearby . bright 3 d animation , 1 6 : 9 .']\n"}
,{"stream_name":"stdout","time":135.040300074,"data":"SHOT 009 FAILED -\u003e AttributeError: 'tuple' object has no attribute 'shape'\n"}
,{"stream_name":"stderr","time":135.040299516,"data":"\r  0%|          | 0/32 [00:00\u003c?, ?it/s]\r  0%|          | 0/32 [00:00\u003c?, ?it/s]\n"}
,{"stream_name":"stdout","time":135.041145158,"data":"{\n"}
,{"stream_name":"stdout","time":135.041164596,"data":"  \"show\": \"Earth Needs Help\",\n"}
,{"stream_name":"stdout","time":135.041185195,"data":"  \"episode\": \"001\",\n"}
,{"stream_name":"stdout","time":135.041190117,"data":"  \"success\": false,\n"}
,{"stream_name":"stdout","time":135.041194615,"data":"  \"reference_mode\": \"five hash-validated canon crops -\u003e runtime sheet -\u003e explicit h94 ViT-H encoder -\u003e SDXL IP-Adapter Plus\",\n"}
,{"stream_name":"stdout","time":135.041200308,"data":"  \"continuity_manifest\": \"shows/earth-needs-help/continuity-manifest.json\",\n"}
,{"stream_name":"stdout","time":135.041205016,"data":"  \"reference_files\": [\n"}
,{"stream_name":"stdout","time":135.041214882,"data":"    \"shows/earth-needs-help/assets/characters/captain-pip.jpg.b64\",\n"}
,{"stream_name":"stdout","time":135.041218281,"data":"    \"shows/earth-needs-help/assets/characters/bloop.jpg.b64\",\n"}
,{"stream_name":"stdout","time":135.041221414,"data":"    \"shows/earth-needs-help/assets/characters/zig.jpg.b64\",\n"}
,{"stream_name":"stdout","time":135.04122466,"data":"    \"shows/earth-needs-help/assets/characters/momo.jpg.b64\",\n"}
,{"stream_name":"stdout","time":135.041227888,"data":"    \"shows/earth-needs-help/assets/characters/human-child.jpg.b64\"\n"}
,{"stream_name":"stdout","time":135.041231059,"data":"  ],\n"}
,{"stream_name":"stdout","time":135.041234068,"data":"  \"master_reference_staged_as\": \"/kaggle/working/canonical-five-character-reference.jpg\",\n"}
,{"stream_name":"stdout","time":135.041237227,"data":"  \"image_encoder_hidden_size\": 1280,\n"}
,{"stream_name":"stdout","time":135.041240224,"data":"  \"ip_adapter_scale\": 0.9,\n"}
,{"stream_name":"stdout","time":135.041243155,"data":"  \"gpu\": \"Tesla T4\",\n"}
,{"stream_name":"stdout","time":135.041246227,"data":"  \"shots\": [\n"}
,{"stream_name":"stdout","time":135.041249221,"data":"    {\n"}
,{"stream_name":"stdout","time":135.041252027,"data":"      \"id\": \"002\",\n"}
,{"stream_name":"stdout","time":135.041255021,"data":"      \"success\": false,\n"}
,{"stream_name":"stdout","time":135.041258092,"data":"      \"error\": \"AttributeError: 'tuple' object has no attribute 'shape'\"\n"}
,{"stream_name":"stdout","time":135.041261164,"data":"    },\n"}
,{"stream_name":"stdout","time":135.041272746,"data":"    {\n"}
,{"stream_name":"stdout","time":135.041275104,"data":"      \"id\": \"003\",\n"}
,{"stream_name":"stdout","time":135.041277333,"data":"      \"success\": false,\n"}
,{"stream_name":"stdout","time":135.041279618,"data":"      \"error\": \"AttributeError: 'tuple' object has no attribute 'shape'\"\n"}
,{"stream_name":"stdout","time":135.041281936,"data":"    },\n"}
,{"stream_name":"stdout","time":135.041284163,"data":"    {\n"}
,{"stream_name":"stdout","time":135.041286288,"data":"      \"id\": \"004\",\n"}
,{"stream_name":"stdout","time":135.041288504,"data":"      \"success\": false,\n"}
,{"stream_name":"stdout","time":135.041290721,"data":"      \"error\": \"AttributeError: 'tuple' object has no attribute 'shape'\"\n"}
,{"stream_name":"stdout","time":135.041293094,"data":"    },\n"}
,{"stream_name":"stdout","time":135.041295231,"data":"    {\n"}
,{"stream_name":"stdout","time":135.041297475,"data":"      \"id\": \"005\",\n"}
,{"stream_name":"stdout","time":135.041299693,"data":"      \"success\": false,\n"}
,{"stream_name":"stdout","time":135.041301896,"data":"      \"error\": \"AttributeError: 'tuple' object has no attribute 'shape'\"\n"}
,{"stream_name":"stdout","time":135.041304181,"data":"    },\n"}
,{"stream_name":"stdout","time":135.041306399,"data":"    {\n"}
,{"stream_name":"stdout","time":135.041326268,"data":"      \"id\": \"006a\",\n"}
,{"stream_name":"stdout","time":135.04132868,"data":"      \"success\": false,\n"}
,{"stream_name":"stdout","time":135.041331148,"data":"      \"error\": \"AttributeError: 'tuple' object has no attribute 'shape'\"\n"}
,{"stream_name":"stdout","time":135.041333782,"data":"    },\n"}
,{"stream_name":"stdout","time":135.041336032,"data":"    {\n"}
,{"stream_name":"stdout","time":135.0413383,"data":"      \"id\": \"006b\",\n"}
,{"stream_name":"stdout","time":135.041340663,"data":"      \"success\": false,\n"}
,{"stream_name":"stdout","time":135.04134301,"data":"      \"error\": \"AttributeError: 'tuple' object has no attribute 'shape'\"\n"}
,{"stream_name":"stdout","time":135.041345756,"data":"    },\n"}
,{"stream_name":"stdout","time":135.041348186,"data":"    {\n"}
,{"stream_name":"stdout","time":135.04135045,"data":"      \"id\": \"007\",\n"}
,{"stream_name":"stdout","time":135.04135297,"data":"      \"success\": false,\n"}
,{"stream_name":"stdout","time":135.041355354,"data":"      \"error\": \"AttributeError: 'tuple' object has no attribute 'shape'\"\n"}
,{"stream_name":"stdout","time":135.041357794,"data":"    },\n"}
,{"stream_name":"stdout","time":135.041360046,"data":"    {\n"}
,{"stream_name":"stdout","time":135.041362392,"data":"      \"id\": \"008\",\n"}
,{"stream_name":"stdout","time":135.041364738,"data":"      \"success\": false,\n"}
,{"stream_name":"stdout","time":135.041367102,"data":"      \"error\": \"AttributeError: 'tuple' object has no attribute 'shape'\"\n"}
,{"stream_name":"stdout","time":135.041369531,"data":"    },\n"}
,{"stream_name":"stdout","time":135.041372042,"data":"    {\n"}
,{"stream_name":"stdout","time":135.0413743,"data":"      \"id\": \"009\",\n"}
,{"stream_name":"stdout","time":135.041376674,"data":"      \"success\": false,\n"}
,{"stream_name":"stdout","time":135.041379036,"data":"      \"error\": \"AttributeError: 'tuple' object has no attribute 'shape'\"\n"}
,{"stream_name":"stdout","time":135.041398396,"data":"    }\n"}
,{"stream_name":"stdout","time":135.041402358,"data":"  ]\n"}
,{"stream_name":"stdout","time":135.041406082,"data":"}\n"}
,{"stream_name":"stdout","time":135.041705104,"data":"{\n"}
,{"stream_name":"stdout","time":135.041727008,"data":"  \"show\": \"Earth Needs Help\",\n"}
,{"stream_name":"stdout","time":135.041729998,"data":"  \"episode\": \"001\",\n"}
,{"stream_name":"stdout","time":135.041732499,"data":"  \"success\": false,\n"}
,{"stream_name":"stdout","time":135.041745987,"data":"  \"reference_mode\": \"five hash-validated canon crops -\u003e runtime sheet -\u003e explicit h94 ViT-H encoder -\u003e SDXL IP-Adapter Plus\",\n"}
,{"stream_name":"stdout","time":135.041749839,"data":"  \"continuity_manifest\": \"shows/earth-needs-help/continuity-manifest.json\",\n"}
,{"stream_name":"stdout","time":135.041766797,"data":"  \"reference_files\": [\n"}
,{"stream_name":"stdout","time":135.041770642,"data":"    \"shows/earth-needs-help/assets/characters/captain-pip.jpg.b64\",\n"}
,{"stream_name":"stdout","time":135.041774999,"data":"    \"shows/earth-needs-help/assets/characters/bloop.jpg.b64\",\n"}
,{"stream_name":"stdout","time":135.041778616,"data":"    \"shows/earth-needs-help/assets/characters/zig.jpg.b64\",\n"}
,{"stream_name":"stdout","time":135.041782696,"data":"    \"shows/earth-needs-help/assets/characters/momo.jpg.b64\",\n"}
,{"stream_name":"stdout","time":135.041786222,"data":"    \"shows/earth-needs-help/assets/characters/human-child.jpg.b64\"\n"}
,{"stream_name":"stdout","time":135.041789606,"data":"  ],\n"}
,{"stream_name":"stdout","time":135.041792881,"data":"  \"master_reference_staged_as\": \"/kaggle/working/canonical-five-character-reference.jpg\",\n"}
,{"stream_name":"stdout","time":135.041796464,"data":"  \"image_encoder_hidden_size\": 1280,\n"}
,{"stream_name":"stdout","time":135.041799892,"data":"  \"ip_adapter_scale\": 0.9,\n"}
,{"stream_name":"stdout","time":135.041803248,"data":"  \"gpu\": \"Tesla T4\",\n"}
,{"stream_name":"stdout","time":135.041806663,"data":"  \"shots\": [\n"}
,{"stream_name":"stdout","time":135.041809961,"data":"    {\n"}
,{"stream_name":"stdout","time":135.041813462,"data":"      \"id\": \"002\",\n"}
,{"stream_name":"stdout","time":135.041816839,"data":"      \"success\": false,\n"}
,{"stream_name":"stdout","time":135.041820269,"data":"      \"error\": \"AttributeError: 'tuple' object has no attribute 'shape'\"\n"}
,{"stream_name":"stdout","time":135.041823804,"data":"    },\n"}
,{"stream_name":"stdout","time":135.041829062,"data":"    {\n"}
,{"stream_name":"stdout","time":135.041835824,"data":"      \"id\": \"003\",\n"}
,{"stream_name":"stdout","time":135.041838222,"data":"      \"success\": false,\n"}
,{"stream_name":"stdout","time":135.041840479,"data":"      \"error\": \"AttributeError: 'tuple' object has no attribute 'shape'\"\n"}
,{"stream_name":"stdout","time":135.041842831,"data":"    },\n"}
,{"stream_name":"stdout","time":135.04184498,"data":"    {\n"}
,{"stream_name":"stdout","time":135.041847189,"data":"      \"id\": \"004\",\n"}
,{"stream_name":"stdout","time":135.041849489,"data":"      \"success\": false,\n"}
,{"stream_name":"stdout","time":135.041851724,"data":"      \"error\": \"AttributeError: 'tuple' object has no attribute 'shape'\"\n"}
,{"stream_name":"stdout","time":135.041854076,"data":"    },\n"}
,{"stream_name":"stdout","time":135.041856247,"data":"    {\n"}
,{"stream_name":"stdout","time":135.04185838,"data":"      \"id\": \"005\",\n"}
,{"stream_name":"stdout","time":135.041860613,"data":"      \"success\": false,\n"}
,{"stream_name":"stdout","time":135.041862837,"data":"      \"error\": \"AttributeError: 'tuple' object has no attribute 'shape'\"\n"}
,{"stream_name":"stdout","time":135.04186515,"data":"    },\n"}
,{"stream_name":"stdout","time":135.041867339,"data":"    {\n"}
,{"stream_name":"stdout","time":135.041872672,"data":"      \"id\": \"006a\",\n"}
,{"stream_name":"stdout","time":135.041875129,"data":"      \"success\": false,\n"}
,{"stream_name":"stdout","time":135.041877374,"data":"      \"error\": \"AttributeError: 'tuple' object has no attribute 'shape'\"\n"}
,{"stream_name":"stdout","time":135.041879666,"data":"    },\n"}
,{"stream_name":"stdout","time":135.041881809,"data":"    {\n"}
,{"stream_name":"stdout","time":135.041883936,"data":"      \"id\": \"006b\",\n"}
,{"stream_name":"stdout","time":135.041886174,"data":"      \"success\": false,\n"}
,{"stream_name":"stdout","time":135.041888604,"data":"      \"error\": \"AttributeError: 'tuple' object has no attribute 'shape'\"\n"}
,{"stream_name":"stdout","time":135.04189095,"data":"    },\n"}
,{"stream_name":"stdout","time":135.041893145,"data":"    {\n"}
,{"stream_name":"stdout","time":135.041895289,"data":"      \"id\": \"007\",\n"}
,{"stream_name":"stdout","time":135.041897514,"data":"      \"success\": false,\n"}
,{"stream_name":"stdout","time":135.041899757,"data":"      \"error\": \"AttributeError: 'tuple' object has no attribute 'shape'\"\n"}
,{"stream_name":"stdout","time":135.041902071,"data":"    },\n"}
,{"stream_name":"stdout","time":135.041904224,"data":"    {\n"}
,{"stream_name":"stdout","time":135.041906369,"data":"      \"id\": \"008\",\n"}
,{"stream_name":"stdout","time":135.041908599,"data":"      \"success\": false,\n"}
,{"stream_name":"stdout","time":135.041910864,"data":"      \"error\": \"AttributeError: 'tuple' object has no attribute 'shape'\"\n"}
,{"stream_name":"stdout","time":135.041913171,"data":"    },\n"}
,{"stream_name":"stdout","time":135.041915323,"data":"    {\n"}
,{"stream_name":"stdout","time":135.041917454,"data":"      \"id\": \"009\",\n"}
,{"stream_name":"stdout","time":135.0419197,"data":"      \"success\": false,\n"}
,{"stream_name":"stdout","time":135.041921956,"data":"      \"error\": \"AttributeError: 'tuple' object has no attribute 'shape'\"\n"}
,{"stream_name":"stdout","time":135.041924266,"data":"    }\n"}
,{"stream_name":"stdout","time":135.041926401,"data":"  ],\n"}
,{"stream_name":"stdout","time":135.04192859,"data":"  \"elapsed_seconds\": 134.1\n"}
,{"stream_name":"stdout","time":135.041930899,"data":"}\n"}
,{"stream_name":"stderr","time":140.834363052,"data":"/usr/local/lib/python3.12/dist-packages/mistune.py:435: SyntaxWarning: invalid escape sequence '\\|'\n"}
,{"stream_name":"stderr","time":140.8344045,"data":"  cells[i][c] = re.sub('\\\\\\\\\\|', '|', cell)\n"}
,{"stream_name":"stderr","time":141.110396116,"data":"/usr/local/lib/python3.12/dist-packages/nbconvert/filters/filter_links.py:36: SyntaxWarning: invalid escape sequence '\\_'\n"}
,{"stream_name":"stderr","time":141.110445778,"data":"  text = re.sub(r'_', '\\_', text) # Escape underscores in display text\n"}
,{"stream_name":"stderr","time":141.782242235,"data":"[NbConvertApp] Converting notebook __script__.ipynb to html\n"}
,{"stream_name":"stderr","time":143.094357596,"data":"[NbConvertApp] Writing 317556 bytes to __results__.html\n"}
]
